Archive member included to satisfy reference by file (symbol)

C:/ST/STM32CubeIDE_1.13.2/STM32CubeIDE/plugins/com.st.stm32cube.ide.mcu.externaltools.gnu-tools-for-stm32.11.3.rel1.win32_1.1.1.202309131626/tools/bin/../lib/gcc/arm-none-eabi/11.3.1/../../../../arm-none-eabi/lib/thumb/v7-m/nofp\libc_nano.a(libc_a-exit.o)
                              C:/ST/STM32CubeIDE_1.13.2/STM32CubeIDE/plugins/com.st.stm32cube.ide.mcu.externaltools.gnu-tools-for-stm32.11.3.rel1.win32_1.1.1.202309131626/tools/bin/../lib/gcc/arm-none-eabi/11.3.1/../../../../arm-none-eabi/lib/thumb/v7-m/nofp/crt0.o (exit)
C:/ST/STM32CubeIDE_1.13.2/STM32CubeIDE/plugins/com.st.stm32cube.ide.mcu.externaltools.gnu-tools-for-stm32.11.3.rel1.win32_1.1.1.202309131626/tools/bin/../lib/gcc/arm-none-eabi/11.3.1/../../../../arm-none-eabi/lib/thumb/v7-m/nofp\libc_nano.a(libc_a-malloc.o)
                              ./Core/Src/command_vibric.o (malloc)
C:/ST/STM32CubeIDE_1.13.2/STM32CubeIDE/plugins/com.st.stm32cube.ide.mcu.externaltools.gnu-tools-for-stm32.11.3.rel1.win32_1.1.1.202309131626/tools/bin/../lib/gcc/arm-none-eabi/11.3.1/../../../../arm-none-eabi/lib/thumb/v7-m/nofp\libc_nano.a(libc_a-mallocr.o)
                              C:/ST/STM32CubeIDE_1.13.2/STM32CubeIDE/plugins/com.st.stm32cube.ide.mcu.externaltools.gnu-tools-for-stm32.11.3.rel1.win32_1.1.1.202309131626/tools/bin/../lib/gcc/arm-none-eabi/11.3.1/../../../../arm-none-eabi/lib/thumb/v7-m/nofp\libc_nano.a(libc_a-malloc.o) (_malloc_r)
C:/ST/STM32CubeIDE_1.13.2/STM32CubeIDE/plugins/com.st.stm32cube.ide.mcu.externaltools.gnu-tools-for-stm32.11.3.rel1.win32_1.1.1.202309131626/tools/bin/../lib/gcc/arm-none-eabi/11.3.1/../../../../arm-none-eabi/lib/thumb/v7-m/nofp\libc_nano.a(libc_a-mlock.o)
                              C:/ST/STM32CubeIDE_1.13.2/STM32CubeIDE/plugins/com.st.stm32cube.ide.mcu.externaltools.gnu-tools-for-stm32.11.3.rel1.win32_1.1.1.202309131626/tools/bin/../lib/gcc/arm-none-eabi/11.3.1/../../../../arm-none-eabi/lib/thumb/v7-m/nofp\libc_nano.a(libc_a-mallocr.o) (__malloc_lock)
C:/ST/STM32CubeIDE_1.13.2/STM32CubeIDE/plugins/com.st.stm32cube.ide.mcu.externaltools.gnu-tools-for-stm32.11.3.rel1.win32_1.1.1.202309131626/tools/bin/../lib/gcc/arm-none-eabi/11.3.1/../../../../arm-none-eabi/lib/thumb/v7-m/nofp\libc_nano.a(libc_a-findfp.o)
                              C:/ST/STM32CubeIDE_1.13.2/STM32CubeIDE/plugins/com.st.stm32cube.ide.mcu.externaltools.gnu-tools-for-stm32.11.3.rel1.win32_1.1.1.202309131626/tools/bin/../lib/gcc/arm-none-eabi/11.3.1/../../../../arm-none-eabi/lib/thumb/v7-m/nofp\libc_nano.a(libc_a-exit.o) (__stdio_exit_handler)
C:/ST/STM32CubeIDE_1.13.2/STM32CubeIDE/plugins/com.st.stm32cube.ide.mcu.externaltools.gnu-tools-for-stm32.11.3.rel1.win32_1.1.1.202309131626/tools/bin/../lib/gcc/arm-none-eabi/11.3.1/../../../../arm-none-eabi/lib/thumb/v7-m/nofp\libc_nano.a(libc_a-fwalk.o)
                              C:/ST/STM32CubeIDE_1.13.2/STM32CubeIDE/plugins/com.st.stm32cube.ide.mcu.externaltools.gnu-tools-for-stm32.11.3.rel1.win32_1.1.1.202309131626/tools/bin/../lib/gcc/arm-none-eabi/11.3.1/../../../../arm-none-eabi/lib/thumb/v7-m/nofp\libc_nano.a(libc_a-findfp.o) (_fwalk_sglue)
C:/ST/STM32CubeIDE_1.13.2/STM32CubeIDE/plugins/com.st.stm32cube.ide.mcu.externaltools.gnu-tools-for-stm32.11.3.rel1.win32_1.1.1.202309131626/tools/bin/../lib/gcc/arm-none-eabi/11.3.1/../../../../arm-none-eabi/lib/thumb/v7-m/nofp\libc_nano.a(libc_a-sprintf.o)
                              ./Core/Src/ds1307.o (sprintf)
C:/ST/STM32CubeIDE_1.13.2/STM32CubeIDE/plugins/com.st.stm32cube.ide.mcu.externaltools.gnu-tools-for-stm32.11.3.rel1.win32_1.1.1.202309131626/tools/bin/../lib/gcc/arm-none-eabi/11.3.1/../../../../arm-none-eabi/lib/thumb/v7-m/nofp\libc_nano.a(libc_a-sscanf.o)
                              ./Core/Src/command_vibric.o (sscanf)
C:/ST/STM32CubeIDE_1.13.2/STM32CubeIDE/plugins/com.st.stm32cube.ide.mcu.externaltools.gnu-tools-for-stm32.11.3.rel1.win32_1.1.1.202309131626/tools/bin/../lib/gcc/arm-none-eabi/11.3.1/../../../../arm-none-eabi/lib/thumb/v7-m/nofp\libc_nano.a(libc_a-stdio.o)
                              C:/ST/STM32CubeIDE_1.13.2/STM32CubeIDE/plugins/com.st.stm32cube.ide.mcu.externaltools.gnu-tools-for-stm32.11.3.rel1.win32_1.1.1.202309131626/tools/bin/../lib/gcc/arm-none-eabi/11.3.1/../../../../arm-none-eabi/lib/thumb/v7-m/nofp\libc_nano.a(libc_a-findfp.o) (__sread)
C:/ST/STM32CubeIDE_1.13.2/STM32CubeIDE/plugins/com.st.stm32cube.ide.mcu.externaltools.gnu-tools-for-stm32.11.3.rel1.win32_1.1.1.202309131626/tools/bin/../lib/gcc/arm-none-eabi/11.3.1/../../../../arm-none-eabi/lib/thumb/v7-m/nofp\libc_nano.a(libc_a-memset.o)
                              C:/ST/STM32CubeIDE_1.13.2/STM32CubeIDE/plugins/com.st.stm32cube.ide.mcu.externaltools.gnu-tools-for-stm32.11.3.rel1.win32_1.1.1.202309131626/tools/bin/../lib/gcc/arm-none-eabi/11.3.1/../../../../arm-none-eabi/lib/thumb/v7-m/nofp/crt0.o (memset)
[...]
Memory Configuration

Name             Origin             Length             Attributes
RAM              0x0000000020000000 0x0000000000005000 xrw
FLASH            0x0000000008000000 0x0000000000020000 xr
*default*        0x0000000000000000 0xffffffffffffffff

Linker script and memory map

LOAD C:/ST/STM32CubeIDE_1.13.2/STM32CubeIDE/plugins/com.st.stm32cube.ide.mcu.externaltools.gnu-tools-for-stm32.11.3.rel1.win32_1.1.1.202309131626/tools/bin/../lib/gcc/arm-none-eabi/11.3.1/thumb/v7-m/nofp/crti.o
LOAD C:/ST/STM32CubeIDE_1.13.2/STM32CubeIDE/plugins/com.st.stm32cube.ide.mcu.externaltools.gnu-tools-for-stm32.11.3.rel1.win32_1.1.1.202309131626/tools/bin/../lib/gcc/arm-none-eabi/11.3.1/thumb/v7-m/nofp/crtbegin.o
LOAD C:/ST/STM32CubeIDE_1.13.2/STM32CubeIDE/plugins/com.st.stm32cube.ide.mcu.externaltools.gnu-tools-for-stm32.11.3.rel1.win32_1.1.1.202309131626/tools/bin/../lib/gcc/arm-none-eabi/11.3.1/../../../../arm-none-eabi/lib/thumb/v7-m/nofp/crt0.o
LOAD ./Core/Src/command_vibric.o
LOAD ./Core/Src/ds1307.o
LOAD ./Core/Src/main.o
LOAD ./Core/Src/stm32f1xx_hal_msp.o
LOAD ./Core/Src/stm32f1xx_it.o
LOAD ./Core/Src/syscalls.o
LOAD ./Core/Src/sysmem.o
LOAD ./Core/Src/system_stm32f1xx.o
LOAD ./Core/Src/vibric.o
LOAD ./Core/Startup/startup_stm32f103rbtx.o
LOAD ./Drivers/STM32F1xx_HAL_Driver/Src/stm32f1xx_hal.o
LOAD ./Drivers/STM32F1xx_HAL_Driver/Src/stm32f1xx_hal_adc.o
LOAD ./Drivers/STM32F1xx_HAL_Driver/Src/stm32f1xx_hal_adc_ex.o
LOAD ./Drivers/STM32F1xx_HAL_Driver/Src/stm32f1xx_hal_cortex.o
LOAD ./Drivers/STM32F1xx_HAL_Driver/Src/stm32f1xx_hal_dma.o
LOAD ./Drivers/STM32F1xx_HAL_Driver/Src/stm32f1xx_hal_exti.o
LOAD ./Drivers/STM32F1xx_HAL_Driver/Src/stm32f1xx_hal_flash.o
LOAD ./Drivers/STM32F1xx_HAL_Driver/Src/stm32f1xx_hal_flash_ex.o
LOAD ./Drivers/STM32F1xx_HAL_Driver/Src/stm32f1xx_hal_gpio.o
LOAD ./Drivers/STM32F1xx_HAL_Driver/Src/stm32f1xx_hal_gpio_ex.o
LOAD ./Drivers/STM32F1xx_HAL_Driver/Src/stm32f1xx_hal_i2c.o
LOAD ./Drivers/STM32F1xx_HAL_Driver/Src/stm32f1xx_hal_pwr.o
LOAD ./Drivers/STM32F1xx_HAL_Driver/Src/stm32f1xx_hal_rcc.o
LOAD ./Drivers/STM32F1xx_HAL_Driver/Src/stm32f1xx_hal_rcc_ex.o
LOAD ./Drivers/STM32F1xx_HAL_Driver/Src/stm32f1xx_hal_spi.o
LOAD ./Drivers/STM32F1xx_HAL_Driver/Src/stm32f1xx_hal_tim.o
LOAD ./Drivers/STM32F1xx_HAL_Driver/Src/stm32f1xx_hal_tim_ex.o
LOAD ./Drivers/STM32F1xx_HAL_Driver/Src/stm32f1xx_hal_uart.o
LOAD ./FATFS/App/fatfs.o
LOAD ./FATFS/Target/user_diskio.o
LOAD ./FATFS/Target/user_diskio_spi.o
LOAD ./Middlewares/Third_Party/FatFs/src/diskio.o
LOAD ./Middlewares/Third_Party/FatFs/src/ff.o
LOAD ./Middlewares/Third_Party/FatFs/src/ff_gen_drv.o
LOAD ./Middlewares/Third_Party/FatFs/src/option/syscall.o
START GROUP
LOAD C:/ST/STM32CubeIDE_1.13.2/STM32CubeIDE/plugins/com.st.stm32cube.ide.mcu.externaltools.gnu-tools-for-stm32.11.3.rel1.win32_1.1.1.202309131626/tools/bin/../lib/gcc/arm-none-eabi/11.3.1/../../../../arm-none-eabi/lib/thumb/v7-m/nofp\libc_nano.a
LOAD C:/ST/STM32CubeIDE_1.13.2/STM32CubeIDE/plugins/com.st.stm32cube.ide.mcu.externaltools.gnu-tools-for-stm32.11.3.rel1.win32_1.1.1.202309131626/tools/bin/../lib/gcc/arm-none-eabi/11.3.1/../../../../arm-none-eabi/lib/thumb/v7-m/nofp\libm.a
END GROUP
START GROUP
LOAD C:/ST/STM32CubeIDE_1.13.2/STM32CubeIDE/plugins/com.st.stm32cube.ide.mcu.externaltools.gnu-tools-for-stm32.11.3.rel1.win32_1.1.1.202309131626/tools/bin/../lib/gcc/arm-none-eabi/11.3.1/thumb/v7-m/nofp\libgcc.a
LOAD C:/ST/STM32CubeIDE_1.13.2/STM32CubeIDE/plugins/com.st.stm32cube.ide.mcu.externaltools.gnu-tools-for-stm32.11.3.rel1.win32_1.1.1.202309131626/tools/bin/../lib/gcc/arm-none-eabi/11.3.1/../../../../arm-none-eabi/lib/thumb/v7-m/nofp\libc_nano.a
END GROUP
START GROUP
LOAD C:/ST/STM32CubeIDE_1.13.2/STM32CubeIDE/plugins/com.st.stm32cube.ide.mcu.externaltools.gnu-tools-for-stm32.11.3.rel1.win32_1.1.1.202309131626/tools/bin/../lib/gcc/arm-none-eabi/11.3.1/thumb/v7-m/nofp\libgcc.a
LOAD C:/ST/STM32CubeIDE_1.13.2/STM32CubeIDE/plugins/com.st.stm32cube.ide.mcu.externaltools.gnu-tools-for-stm32.11.3.rel1.win32_1.1.1.202309131626/tools/bin/../lib/gcc/arm-none-eabi/11.3.1/../../../../arm-none-eabi/lib/thumb/v7-m/nofp\libc_nano.a
LOAD C:/ST/STM32CubeIDE_1.13.2/STM32CubeIDE/plugins/com.st.stm32cube.ide.mcu.externaltools.gnu-tools-for-stm32.11.3.rel1.win32_1.1.1.202309131626/tools/bin/../lib/gcc/arm-none-eabi/11.3.1/../../../../arm-none-eabi/lib/thumb/v7-m/nofp\libnosys.a
END GROUP
START GROUP
LOAD C:/ST/STM32CubeIDE_1.13.2/STM32CubeIDE/plugins/com.st.stm32cube.ide.mcu.externaltools.gnu-tools-for-stm32.11.3.rel1.win32_1.1.1.202309131626/tools/bin/../lib/gcc/arm-none-eabi/11.3.1/thumb/v7-m/nofp\libgcc.a
LOAD C:/ST/STM32CubeIDE_1.13.2/STM32CubeIDE/plugins/com.st.stm32cube.ide.mcu.externaltools.gnu-tools-for-stm32.11.3.rel1.win32_1.1.1.202309131626/tools/bin/../lib/gcc/arm-none-eabi/11.3.1/../../../../arm-none-eabi/lib/thumb/v7-m/nofp\libc_nano.a
LOAD C:/ST/STM32CubeIDE_1.13.2/STM32CubeIDE/plugins/com.st.stm32cube.ide.mcu.externaltools.gnu-tools-for-stm32.11.3.rel1.win32_1.1.1.202309131626/tools/bin/../lib/gcc/arm-none-eabi/11.3.1/../../../../arm-none-eabi/lib/thumb/v7-m/nofp\libnosys.a
END GROUP
LOAD C:/ST/STM32CubeIDE_1.13.2/STM32CubeIDE/plugins/com.st.stm32cube.ide.mcu.externaltools.gnu-tools-for-stm32.11.3.rel1.win32_1.1.1.202309131626/tools/bin/../lib/gcc/arm-none-eabi/11.3.1/thumb/v7-m/nofp/crtend.o
LOAD C:/ST/STM32CubeIDE_1.13.2/STM32CubeIDE/plugins/com.st.stm32cube.ide.mcu.externaltools.gnu-tools-for-stm32.11.3.rel1.win32_1.1.1.202309131626/tools/bin/../lib/gcc/arm-none-eabi/11.3.1/thumb/v7-m/nofp/crtn.o
                0x0000000020005000                _estack = (ORIGIN (RAM) + LENGTH (RAM))
                0x0000000000000200                _Min_Heap_Size = 0x200
                0x0000000000000400                _Min_Stack_Size = 0x400

.isr_vector     0x0000000008000000      0x10c
                0x0000000008000000                . = ALIGN (0x4)
 *(.isr_vector)
 .isr_vector    0x0000000008000000      0x10c ./Core/Startup/startup_stm32f103rbtx.o
                0x0000000008000000                g_pfnVectors
                0x000000000800010c                . = ALIGN (0x4)

.text           0x000000000800010c     0xa864
                0x000000000800010c                . = ALIGN (0x4)
 *(.text)
 .text          0x000000000800010c       0x40 C:/ST/STM32CubeIDE_1.13.2/STM32CubeIDE/plugins/com.st.stm32cube.ide.mcu.externaltools.gnu-tools-for-stm32.11.3.rel1.win32_1.1.1.202309131626/tools/bin/../lib/gcc/arm-none-eabi/11.3.1/thumb/v7-m/nofp/crtbegin.o
 .text          0x000000000800014c       0x14 C:/ST/STM32CubeIDE_1.13.2/STM32CubeIDE/plugins/com.st.stm32cube.ide.mcu.externaltools.gnu-tools-for-stm32.11.3.rel1.win32_1.1.1.202309131626/tools/bin/../lib/gcc/arm-none-eabi/11.3.1/../../../../arm-none-eabi/lib/thumb/v7-m/nofp\libc_nano.a(libc_a-strcmp.o)
                0x000000000800014c                strcmp
 .text          0x0000000008000160       0x10 C:/ST/STM32CubeIDE_1.13.2/STM32CubeIDE/plugins/com.st.stm32cube.ide.mcu.externaltools.gnu-tools-for-stm32.11.3.rel1.win32_1.1.1.202309131626/tools/bin/../lib/gcc/arm-none-eabi/11.3.1/../../../../arm-none-eabi/lib/thumb/v7-m/nofp\libc_nano.a(libc_a-strlen.o)
                0x0000000008000160                strlen
 *(.text*)
 .text.Vibric_ParseCommandName
                0x0000000008000170       0x3a ./Core/Src/command_vibric.o
                0x0000000008000170                Vibric_ParseCommandName
 *fill*         0x00000000080001aa        0x2 
 .text.Vibric_ParseCommandCode
                0x00000000080001ac       0x24 ./Core/Src/command_vibric.o
                0x00000000080001ac                Vibric_ParseCommandCode
 .text.Vibric_ParseCommandData
                0x00000000080001d0       0x3c ./Core/Src/command_vibric.o
                0x00000000080001d0                Vibric_ParseCommandData
 .text.Vibric_ConvertCommandDataToInt
                0x000000000800020c       0x24 ./Core/Src/command_vibric.o
                0x000000000800020c                Vibric_ConvertCommandDataToInt
 .text.Vibric_ParseCommand
                0x0000000008000230       0x50 ./Core/Src/command_vibric.o
                0x0000000008000230                Vibric_ParseCommand
 .text.DS1307_Init
                0x0000000008000280       0x2c ./Core/Src/ds1307.o
                0x0000000008000280                DS1307_Init
 .text.DS1307_GetRegData
                0x00000000080002ac       0x44 ./Core/Src/ds1307.o
                0x00000000080002ac                DS1307_GetRegData
 .text.DS1307_SetRegData
                0x00000000080002f0       0x3c ./Core/Src/ds1307.o
                0x00000000080002f0                DS1307_SetRegData
 .text.DS1307_SetClockHalt
                0x000000000800032c       0x42 ./Core/Src/ds1307.o
                0x000000000800032c                DS1307_SetClockHalt
 .text.DS1307_SetRate
                0x000000000800036e       0x3a ./Core/Src/ds1307.o
                0x000000000800036e                DS1307_SetRate
 .text.DS1307_GetSecond
                0x00000000080003a8       0x18 ./Core/Src/ds1307.o
                0x00000000080003a8                DS1307_GetSecond
 .text.DS1307_SetSecond
                0x00000000080003c0       0x24 ./Core/Src/ds1307.o
                0x00000000080003c0                DS1307_SetSecond
 .text.DS1307_GetMinute
                0x00000000080003e4       0x18 ./Core/Src/ds1307.o
                0x00000000080003e4                DS1307_GetMinute
 .text.DS1307_SetMinute
                0x00000000080003fc       0x24 ./Core/Src/ds1307.o
                0x00000000080003fc                DS1307_SetMinute
 .text.DS1307_GetHour
                0x0000000008000420       0x18 ./Core/Src/ds1307.o
                0x0000000008000420                DS1307_GetHour
 .text.DS1307_SetHour
                0x0000000008000438       0x24 ./Core/Src/ds1307.o
                0x0000000008000438                DS1307_SetHour
 .text.DS1307_GetDOM
                0x000000000800045c       0x18 ./Core/Src/ds1307.o
                0x000000000800045c                DS1307_GetDOM
 .text.DS1307_SetDOM
                0x0000000008000474       0x24 ./Core/Src/ds1307.o
                0x0000000008000474                DS1307_SetDOM
 .text.DS1307_GetMonth
                0x0000000008000498       0x18 ./Core/Src/ds1307.o
                0x0000000008000498                DS1307_GetMonth
 .text.DS1307_SetMonth
                0x00000000080004b0       0x24 ./Core/Src/ds1307.o
                0x00000000080004b0                DS1307_SetMonth
 .text.DS1307_GetYear
                0x00000000080004d4       0x18 ./Core/Src/ds1307.o
                0x00000000080004d4                DS1307_GetYear
 .text.DS1307_SetYear
                0x00000000080004ec       0x24 ./Core/Src/ds1307.o
                0x00000000080004ec                DS1307_SetYear
 .text.DS1307_EncodeBCD
                0x0000000008000510       0x44 ./Core/Src/ds1307.o
                0x0000000008000510                DS1307_EncodeBCD
 .text.DS1307_DecodeBCD
                0x0000000008000554       0x30 ./Core/Src/ds1307.o
                0x0000000008000554                DS1307_DecodeBCD
 .text.DS1307_SetDateTime
                0x0000000008000584       0x7c ./Core/Src/ds1307.o
                0x0000000008000584                DS1307_SetDateTime
 .text.DS1307_GetCurrentDateTimeCommand
                0x0000000008000600       0x74 ./Core/Src/ds1307.o
                0x0000000008000600                DS1307_GetCurrentDateTimeCommand
 .text.DS1307_GetCurrentDateTime
                0x0000000008000674       0x7c ./Core/Src/ds1307.o
                0x0000000008000674                DS1307_GetCurrentDateTime
 .text.DS1307_GetCurrentDateTimeForFile
                0x00000000080006f0       0x64 ./Core/Src/ds1307.o
                0x00000000080006f0                DS1307_GetCurrentDateTimeForFile
 .text.__NVIC_SystemReset
                0x0000000008000754       0x2c ./Core/Src/main.o
 .text.getbufferLength
                0x0000000008000780       0x2c ./Core/Src/main.o
                0x0000000008000780                getbufferLength
 .text.startWritingInFile
                0x00000000080007ac      0x174 ./Core/Src/main.o
                0x00000000080007ac                startWritingInFile
 .text.stopWritingInFile
                0x0000000008000920       0xbc ./Core/Src/main.o
                0x0000000008000920                stopWritingInFile
 .text.writeDataFromADCToFile
                0x00000000080009dc       0x90 ./Core/Src/main.o
                0x00000000080009dc                writeDataFromADCToFile
 .text.HAL_ADC_ConvHalfCpltCallback
                0x0000000008000a6c       0x34 ./Core/Src/main.o
                0x0000000008000a6c                HAL_ADC_ConvHalfCpltCallback
 .text.HAL_ADC_ConvCpltCallback
                0x0000000008000aa0       0x38 ./Core/Src/main.o
                0x0000000008000aa0                HAL_ADC_ConvCpltCallback
 .text.HAL_GPIO_EXTI_Callback
                0x0000000008000ad8       0xa8 ./Core/Src/main.o
                0x0000000008000ad8                HAL_GPIO_EXTI_Callback
 .text.HAL_UART_RxCpltCallback
                0x0000000008000b80      0x130 ./Core/Src/main.o
                0x0000000008000b80                HAL_UART_RxCpltCallback
 .text.main     0x0000000008000cb0      0x12c ./Core/Src/main.o
                0x0000000008000cb0                main
 .text.SystemClock_Config
                0x0000000008000ddc       0xae ./Core/Src/main.o
                0x0000000008000ddc                SystemClock_Config
 *fill*         0x0000000008000e8a        0x2 
 .text.MX_ADC1_Init
                0x0000000008000e8c       0x7c ./Core/Src/main.o
 .text.MX_I2C2_Init
                0x0000000008000f08       0x5c ./Core/Src/main.o
 .text.MX_SPI2_Init
                0x0000000008000f64       0x6c ./Core/Src/main.o
 .text.MX_TIM4_Init
                0x0000000008000fd0       0xac ./Core/Src/main.o
 .text.MX_USART2_UART_Init
                0x000000000800107c       0x54 ./Core/Src/main.o
 .text.MX_DMA_Init
                0x00000000080010d0       0x3c ./Core/Src/main.o
 .text.MX_GPIO_Init
                0x000000000800110c       0xf8 ./Core/Src/main.o
 .text.Error_Handler
                0x0000000008001204        0xa ./Core/Src/main.o
                0x0000000008001204                Error_Handler
 *fill*         0x000000000800120e        0x2 
 .text.HAL_MspInit
                0x0000000008001210       0x64 ./Core/Src/stm32f1xx_hal_msp.o
                0x0000000008001210                HAL_MspInit
 .text.HAL_ADC_MspInit
                0x0000000008001274       0xe0 ./Core/Src/stm32f1xx_hal_msp.o
                0x0000000008001274                HAL_ADC_MspInit
 .text.HAL_I2C_MspInit
                0x0000000008001354       0x80 ./Core/Src/stm32f1xx_hal_msp.o
                0x0000000008001354                HAL_I2C_MspInit
 .text.HAL_SPI_MspInit
                0x00000000080013d4       0x98 ./Core/Src/stm32f1xx_hal_msp.o
                0x00000000080013d4                HAL_SPI_MspInit
 .text.HAL_TIM_OC_MspInit
                0x000000000800146c       0x3c ./Core/Src/stm32f1xx_hal_msp.o
                0x000000000800146c                HAL_TIM_OC_MspInit
 .text.HAL_UART_MspInit
                0x00000000080014a8       0xa4 ./Core/Src/stm32f1xx_hal_msp.o
                0x00000000080014a8                HAL_UART_MspInit
 .text.NMI_Handler
                0x000000000800154c        0x6 ./Core/Src/stm32f1xx_it.o
                0x000000000800154c                NMI_Handler
 *fill*         0x0000000008001552        0x2 
 .text.HardFault_Handler
                0x0000000008001554       0x14 ./Core/Src/stm32f1xx_it.o
                0x0000000008001554                HardFault_Handler
 .text.MemManage_Handler
                0x0000000008001568        0x6 ./Core/Src/stm32f1xx_it.o
                0x0000000008001568                MemManage_Handler
 .text.BusFault_Handler
                0x000000000800156e        0x6 ./Core/Src/stm32f1xx_it.o
                0x000000000800156e                BusFault_Handler
 .text.UsageFault_Handler
                0x0000000008001574        0x6 ./Core/Src/stm32f1xx_it.o
                0x0000000008001574                UsageFault_Handler
 .text.SVC_Handler
                0x000000000800157a        0xc ./Core/Src/stm32f1xx_it.o
                0x000000000800157a                SVC_Handler
 .text.DebugMon_Handler
                0x0000000008001586        0xc ./Core/Src/stm32f1xx_it.o
                0x0000000008001586                DebugMon_Handler
 .text.PendSV_Handler
                0x0000000008001592        0xc ./Core/Src/stm32f1xx_it.o
                0x0000000008001592                PendSV_Handler
 .text.SysTick_Handler
                0x000000000800159e        0xc ./Core/Src/stm32f1xx_it.o
                0x000000000800159e                SysTick_Handler
 *fill*         0x00000000080015aa        0x2 
 .text.DMA1_Channel1_IRQHandler
                0x00000000080015ac       0x14 ./Core/Src/stm32f1xx_it.o
                0x00000000080015ac                DMA1_Channel1_IRQHandler
 .text.ADC1_2_IRQHandler
                0x00000000080015c0       0x14 ./Core/Src/stm32f1xx_it.o
                0x00000000080015c0                ADC1_2_IRQHandler
 .text.USART2_IRQHandler
                0x00000000080015d4       0x14 ./Core/Src/stm32f1xx_it.o
                0x00000000080015d4                USART2_IRQHandler
 .text.EXTI15_10_IRQHandler
                0x00000000080015e8       0x10 ./Core/Src/stm32f1xx_it.o
                0x00000000080015e8                EXTI15_10_IRQHandler
 .text._sbrk    0x00000000080015f8       0x6c ./Core/Src/sysmem.o
                0x00000000080015f8                _sbrk
 .text.SystemInit
                0x0000000008001664        0xc ./Core/Src/system_stm32f1xx.o
                0x0000000008001664                SystemInit
 .text.Reset_Handler
                0x0000000008001670       0x48 ./Core/Startup/startup_stm32f103rbtx.o
                0x0000000008001670                Reset_Handler
 .text.Default_Handler
                0x00000000080016b8        0x2 ./Core/Startup/startup_stm32f103rbtx.o
                0x00000000080016b8                RTC_Alarm_IRQHandler
                0x00000000080016b8                EXTI2_IRQHandler
                0x00000000080016b8                TIM1_CC_IRQHandler
                0x00000000080016b8                PVD_IRQHandler
                0x00000000080016b8                EXTI3_IRQHandler
                0x00000000080016b8                EXTI0_IRQHandler
                0x00000000080016b8                I2C2_EV_IRQHandler
                0x00000000080016b8                SPI1_IRQHandler
                0x00000000080016b8                TAMPER_IRQHandler
                0x00000000080016b8                DMA1_Channel4_IRQHandler
                0x00000000080016b8                USART3_IRQHandler
                0x00000000080016b8                RTC_IRQHandler
                0x00000000080016b8                DMA1_Channel7_IRQHandler
                0x00000000080016b8                CAN1_RX1_IRQHandler
                0x00000000080016b8                TIM4_IRQHandler
                0x00000000080016b8                I2C1_EV_IRQHandler
                0x00000000080016b8                DMA1_Channel6_IRQHandler
                0x00000000080016b8                TIM3_IRQHandler
                0x00000000080016b8                RCC_IRQHandler
                0x00000000080016b8                TIM1_TRG_COM_IRQHandler
                0x00000000080016b8                Default_Handler
                0x00000000080016b8                EXTI9_5_IRQHandler
                0x00000000080016b8                SPI2_IRQHandler
                0x00000000080016b8                DMA1_Channel5_IRQHandler
                0x00000000080016b8                EXTI4_IRQHandler
                0x00000000080016b8                USB_LP_CAN1_RX0_IRQHandler
                0x00000000080016b8                USB_HP_CAN1_TX_IRQHandler
                0x00000000080016b8                DMA1_Channel3_IRQHandler
                0x00000000080016b8                TIM1_UP_IRQHandler
                0x00000000080016b8                WWDG_IRQHandler
                0x00000000080016b8                TIM2_IRQHandler
                0x00000000080016b8                TIM1_BRK_IRQHandler
                0x00000000080016b8                EXTI1_IRQHandler
                0x00000000080016b8                I2C2_ER_IRQHandler
                0x00000000080016b8                DMA1_Channel2_IRQHandler
                0x00000000080016b8                CAN1_SCE_IRQHandler
                0x00000000080016b8                FLASH_IRQHandler
                0x00000000080016b8                USART1_IRQHandler
                0x00000000080016b8                I2C1_ER_IRQHandler
                0x00000000080016b8                USBWakeUp_IRQHandler
 *fill*         0x00000000080016ba        0x2 
 .text.HAL_Init
                0x00000000080016bc       0x2c ./Drivers/STM32F1xx_HAL_Driver/Src/stm32f1xx_hal.o
                0x00000000080016bc                HAL_Init
 .text.HAL_InitTick
                0x00000000080016e8       0x60 ./Drivers/STM32F1xx_HAL_Driver/Src/stm32f1xx_hal.o
                0x00000000080016e8                HAL_InitTick
 .text.HAL_IncTick
                0x0000000008001748       0x24 ./Drivers/STM32F1xx_HAL_Driver/Src/stm32f1xx_hal.o
                0x0000000008001748                HAL_IncTick
 .text.HAL_GetTick
                0x000000000800176c       0x14 ./Drivers/STM32F1xx_HAL_Driver/Src/stm32f1xx_hal.o
                0x000000000800176c                HAL_GetTick
 .text.HAL_Delay
                0x0000000008001780       0x48 ./Drivers/STM32F1xx_HAL_Driver/Src/stm32f1xx_hal.o
                0x0000000008001780                HAL_Delay
 .text.HAL_ADC_Init
                0x00000000080017c8      0x1b0 ./Drivers/STM32F1xx_HAL_Driver/Src/stm32f1xx_hal_adc.o
                0x00000000080017c8                HAL_ADC_Init
 .text.HAL_ADC_Start_DMA
                0x0000000008001978      0x1bc ./Drivers/STM32F1xx_HAL_Driver/Src/stm32f1xx_hal_adc.o
                0x0000000008001978                HAL_ADC_Start_DMA
 .text.HAL_ADC_Stop_DMA
                0x0000000008001b34       0x98 ./Drivers/STM32F1xx_HAL_Driver/Src/stm32f1xx_hal_adc.o
                0x0000000008001b34                HAL_ADC_Stop_DMA
 .text.HAL_ADC_IRQHandler
                0x0000000008001bcc      0x17e ./Drivers/STM32F1xx_HAL_Driver/Src/stm32f1xx_hal_adc.o
                0x0000000008001bcc                HAL_ADC_IRQHandler
 .text.HAL_ADC_LevelOutOfWindowCallback
                0x0000000008001d4a       0x12 ./Drivers/STM32F1xx_HAL_Driver/Src/stm32f1xx_hal_adc.o
                0x0000000008001d4a                HAL_ADC_LevelOutOfWindowCallback
 .text.HAL_ADC_ErrorCallback
                0x0000000008001d5c       0x12 ./Drivers/STM32F1xx_HAL_Driver/Src/stm32f1xx_hal_adc.o
                0x0000000008001d5c                HAL_ADC_ErrorCallback
 *fill*         0x0000000008001d6e        0x2 
 .text.HAL_ADC_ConfigChannel
                0x0000000008001d70      0x1f0 ./Drivers/STM32F1xx_HAL_Driver/Src/stm32f1xx_hal_adc.o
                0x0000000008001d70                HAL_ADC_ConfigChannel
 .text.ADC_Enable
                0x0000000008001f60       0xb4 ./Drivers/STM32F1xx_HAL_Driver/Src/stm32f1xx_hal_adc.o
                0x0000000008001f60                ADC_Enable
 .text.ADC_ConversionStop_Disable
                0x0000000008002014       0x82 ./Drivers/STM32F1xx_HAL_Driver/Src/stm32f1xx_hal_adc.o
                0x0000000008002014                ADC_ConversionStop_Disable
 .text.ADC_DMAConvCplt
                0x0000000008002096       0x7c ./Drivers/STM32F1xx_HAL_Driver/Src/stm32f1xx_hal_adc.o
                0x0000000008002096                ADC_DMAConvCplt
 .text.ADC_DMAHalfConvCplt
                0x0000000008002112       0x1c ./Drivers/STM32F1xx_HAL_Driver/Src/stm32f1xx_hal_adc.o
                0x0000000008002112                ADC_DMAHalfConvCplt
 .text.ADC_DMAError
                0x000000000800212e       0x34 ./Drivers/STM32F1xx_HAL_Driver/Src/stm32f1xx_hal_adc.o
                0x000000000800212e                ADC_DMAError
 *fill*         0x0000000008002162        0x2 
 .text.HAL_ADCEx_Calibration_Start
                0x0000000008002164      0x15c ./Drivers/STM32F1xx_HAL_Driver/Src/stm32f1xx_hal_adc_ex.o
                0x0000000008002164                HAL_ADCEx_Calibration_Start
 .text.HAL_ADCEx_InjectedConvCpltCallback
                0x00000000080022c0       0x12 ./Drivers/STM32F1xx_HAL_Driver/Src/stm32f1xx_hal_adc_ex.o
                0x00000000080022c0                HAL_ADCEx_InjectedConvCpltCallback
 *fill*         0x00000000080022d2        0x2 
 .text.__NVIC_SetPriorityGrouping
                0x00000000080022d4       0x48 ./Drivers/STM32F1xx_HAL_Driver/Src/stm32f1xx_hal_cortex.o
 .text.__NVIC_GetPriorityGrouping
                0x000000000800231c       0x1c ./Drivers/STM32F1xx_HAL_Driver/Src/stm32f1xx_hal_cortex.o
 .text.__NVIC_EnableIRQ
                0x0000000008002338       0x38 ./Drivers/STM32F1xx_HAL_Driver/Src/stm32f1xx_hal_cortex.o
 .text.__NVIC_SetPriority
                0x0000000008002370       0x54 ./Drivers/STM32F1xx_HAL_Driver/Src/stm32f1xx_hal_cortex.o
 .text.NVIC_EncodePriority
                0x00000000080023c4       0x64 ./Drivers/STM32F1xx_HAL_Driver/Src/stm32f1xx_hal_cortex.o
 .text.SysTick_Config
                0x0000000008002428       0x44 ./Drivers/STM32F1xx_HAL_Driver/Src/stm32f1xx_hal_cortex.o
 .text.HAL_NVIC_SetPriorityGrouping
                0x000000000800246c       0x16 ./Drivers/STM32F1xx_HAL_Driver/Src/stm32f1xx_hal_cortex.o
                0x000000000800246c                HAL_NVIC_SetPriorityGrouping
 .text.HAL_NVIC_SetPriority
                0x0000000008002482       0x38 ./Drivers/STM32F1xx_HAL_Driver/Src/stm32f1xx_hal_cortex.o
                0x0000000008002482                HAL_NVIC_SetPriority
 .text.HAL_NVIC_EnableIRQ
                0x00000000080024ba       0x1c ./Drivers/STM32F1xx_HAL_Driver/Src/stm32f1xx_hal_cortex.o
                0x00000000080024ba                HAL_NVIC_EnableIRQ
 .text.HAL_SYSTICK_Config
                0x00000000080024d6       0x18 ./Drivers/STM32F1xx_HAL_Driver/Src/stm32f1xx_hal_cortex.o
                0x00000000080024d6                HAL_SYSTICK_Config
 *fill*         0x00000000080024ee        0x2 
 .text.HAL_DMA_Init
                0x00000000080024f0       0xb4 ./Drivers/STM32F1xx_HAL_Driver/Src/stm32f1xx_hal_dma.o
                0x00000000080024f0                HAL_DMA_Init
 .text.HAL_DMA_Start_IT
                0x00000000080025a4       0xc0 ./Drivers/STM32F1xx_HAL_Driver/Src/stm32f1xx_hal_dma.o
                0x00000000080025a4                HAL_DMA_Start_IT
 .text.HAL_DMA_Abort
                0x0000000008002664       0x76 ./Drivers/STM32F1xx_HAL_Driver/Src/stm32f1xx_hal_dma.o
                0x0000000008002664                HAL_DMA_Abort
 *fill*         0x00000000080026da        0x2 
 .text.HAL_DMA_Abort_IT
                0x00000000080026dc       0xf0 ./Drivers/STM32F1xx_HAL_Driver/Src/stm32f1xx_hal_dma.o
                0x00000000080026dc                HAL_DMA_Abort_IT
 .text.HAL_DMA_IRQHandler
                0x00000000080027cc      0x20c ./Drivers/STM32F1xx_HAL_Driver/Src/stm32f1xx_hal_dma.o
                0x00000000080027cc                HAL_DMA_IRQHandler
 .text.DMA_SetConfig
                0x00000000080029d8       0x5a ./Drivers/STM32F1xx_HAL_Driver/Src/stm32f1xx_hal_dma.o
 *fill*         0x0000000008002a32        0x2 
 .text.HAL_GPIO_Init
                0x0000000008002a34      0x308 ./Drivers/STM32F1xx_HAL_Driver/Src/stm32f1xx_hal_gpio.o
                0x0000000008002a34                HAL_GPIO_Init
 .text.HAL_GPIO_ReadPin
                0x0000000008002d3c       0x2e ./Drivers/STM32F1xx_HAL_Driver/Src/stm32f1xx_hal_gpio.o
                0x0000000008002d3c                HAL_GPIO_ReadPin
 .text.HAL_GPIO_WritePin
                0x0000000008002d6a       0x30 ./Drivers/STM32F1xx_HAL_Driver/Src/stm32f1xx_hal_gpio.o
                0x0000000008002d6a                HAL_GPIO_WritePin
 .text.HAL_GPIO_TogglePin
                0x0000000008002d9a       0x32 ./Drivers/STM32F1xx_HAL_Driver/Src/stm32f1xx_hal_gpio.o
                0x0000000008002d9a                HAL_GPIO_TogglePin
 .text.HAL_GPIO_EXTI_IRQHandler
                0x0000000008002dcc       0x30 ./Drivers/STM32F1xx_HAL_Driver/Src/stm32f1xx_hal_gpio.o
                0x0000000008002dcc                HAL_GPIO_EXTI_IRQHandler
 .text.HAL_I2C_Init
                0x0000000008002dfc      0x288 ./Drivers/STM32F1xx_HAL_Driver/Src/stm32f1xx_hal_i2c.o
                0x0000000008002dfc                HAL_I2C_Init
 .text.HAL_I2C_Master_Transmit
                0x0000000008003084      0x1fc ./Drivers/STM32F1xx_HAL_Driver/Src/stm32f1xx_hal_i2c.o
                0x0000000008003084                HAL_I2C_Master_Transmit
 .text.HAL_I2C_Master_Receive
                0x0000000008003280      0x4d8 ./Drivers/STM32F1xx_HAL_Driver/Src/stm32f1xx_hal_i2c.o
                0x0000000008003280                HAL_I2C_Master_Receive
 .text.I2C_MasterRequestWrite
                0x0000000008003758      0x104 ./Drivers/STM32F1xx_HAL_Driver/Src/stm32f1xx_hal_i2c.o
 .text.I2C_MasterRequestRead
                0x000000000800385c      0x19c ./Drivers/STM32F1xx_HAL_Driver/Src/stm32f1xx_hal_i2c.o
 .text.I2C_WaitOnFlagUntilTimeout
                0x00000000080039f8       0xf4 ./Drivers/STM32F1xx_HAL_Driver/Src/stm32f1xx_hal_i2c.o
 .text.I2C_WaitOnMasterAddressFlagUntilTimeout
                0x0000000008003aec      0x140 ./Drivers/STM32F1xx_HAL_Driver/Src/stm32f1xx_hal_i2c.o
 .text.I2C_WaitOnTXEFlagUntilTimeout
                0x0000000008003c2c       0x90 ./Drivers/STM32F1xx_HAL_Driver/Src/stm32f1xx_hal_i2c.o
 .text.I2C_WaitOnBTFFlagUntilTimeout
                0x0000000008003cbc       0x90 ./Drivers/STM32F1xx_HAL_Driver/Src/stm32f1xx_hal_i2c.o
 .text.I2C_WaitOnRXNEFlagUntilTimeout
                0x0000000008003d4c       0xba ./Drivers/STM32F1xx_HAL_Driver/Src/stm32f1xx_hal_i2c.o
 .text.I2C_IsAcknowledgeFailed
                0x0000000008003e06       0x5c ./Drivers/STM32F1xx_HAL_Driver/Src/stm32f1xx_hal_i2c.o
 *fill*         0x0000000008003e62        0x2 
 .text.HAL_RCC_OscConfig
                0x0000000008003e64      0x504 ./Drivers/STM32F1xx_HAL_Driver/Src/stm32f1xx_hal_rcc.o
                0x0000000008003e64                HAL_RCC_OscConfig
 .text.HAL_RCC_ClockConfig
                0x0000000008004368      0x1d4 ./Drivers/STM32F1xx_HAL_Driver/Src/stm32f1xx_hal_rcc.o
                0x0000000008004368                HAL_RCC_ClockConfig
 .text.HAL_RCC_GetSysClockFreq
                0x000000000800453c       0xa8 ./Drivers/STM32F1xx_HAL_Driver/Src/stm32f1xx_hal_rcc.o
                0x000000000800453c                HAL_RCC_GetSysClockFreq
 .text.HAL_RCC_GetHCLKFreq
                0x00000000080045e4       0x14 ./Drivers/STM32F1xx_HAL_Driver/Src/stm32f1xx_hal_rcc.o
                0x00000000080045e4                HAL_RCC_GetHCLKFreq
 .text.HAL_RCC_GetPCLK1Freq
                0x00000000080045f8       0x28 ./Drivers/STM32F1xx_HAL_Driver/Src/stm32f1xx_hal_rcc.o
                0x00000000080045f8                HAL_RCC_GetPCLK1Freq
 .text.HAL_RCC_GetPCLK2Freq
                0x0000000008004620       0x28 ./Drivers/STM32F1xx_HAL_Driver/Src/stm32f1xx_hal_rcc.o
                0x0000000008004620                HAL_RCC_GetPCLK2Freq
 .text.RCC_Delay
                0x0000000008004648       0x3c ./Drivers/STM32F1xx_HAL_Driver/Src/stm32f1xx_hal_rcc.o
 .text.HAL_RCCEx_PeriphCLKConfig
                0x0000000008004684      0x16c ./Drivers/STM32F1xx_HAL_Driver/Src/stm32f1xx_hal_rcc_ex.o
                0x0000000008004684                HAL_RCCEx_PeriphCLKConfig
 .text.HAL_RCCEx_GetPeriphCLKFreq
                0x00000000080047f0      0x16c ./Drivers/STM32F1xx_HAL_Driver/Src/stm32f1xx_hal_rcc_ex.o
                0x00000000080047f0                HAL_RCCEx_GetPeriphCLKFreq
 .text.HAL_SPI_Init
                0x000000000800495c      0x108 ./Drivers/STM32F1xx_HAL_Driver/Src/stm32f1xx_hal_spi.o
                0x000000000800495c                HAL_SPI_Init
 .text.HAL_SPI_TransmitReceive
                0x0000000008004a64      0x360 ./Drivers/STM32F1xx_HAL_Driver/Src/stm32f1xx_hal_spi.o
                0x0000000008004a64                HAL_SPI_TransmitReceive
 .text.SPI_WaitFlagStateUntilTimeout
                0x0000000008004dc4      0x110 ./Drivers/STM32F1xx_HAL_Driver/Src/stm32f1xx_hal_spi.o
 .text.SPI_EndRxTxTransaction
                0x0000000008004ed4       0x3c ./Drivers/STM32F1xx_HAL_Driver/Src/stm32f1xx_hal_spi.o
 .text.HAL_TIM_OC_Init
                0x0000000008004f10       0x9e ./Drivers/STM32F1xx_HAL_Driver/Src/stm32f1xx_hal_tim.o
                0x0000000008004f10                HAL_TIM_OC_Init
 *fill*         0x0000000008004fae        0x2 
 .text.HAL_TIM_OC_Start
                0x0000000008004fb0      0x144 ./Drivers/STM32F1xx_HAL_Driver/Src/stm32f1xx_hal_tim.o
                0x0000000008004fb0                HAL_TIM_OC_Start
 .text.HAL_TIM_OC_Stop
                0x00000000080050f4       0xc8 ./Drivers/STM32F1xx_HAL_Driver/Src/stm32f1xx_hal_tim.o
                0x00000000080050f4                HAL_TIM_OC_Stop
 .text.HAL_TIM_OC_ConfigChannel
                0x00000000080051bc       0xb8 ./Drivers/STM32F1xx_HAL_Driver/Src/stm32f1xx_hal_tim.o
                0x00000000080051bc                HAL_TIM_OC_ConfigChannel
 .text.TIM_Base_SetConfig
                0x0000000008005274       0xc4 ./Drivers/STM32F1xx_HAL_Driver/Src/stm32f1xx_hal_tim.o
                0x0000000008005274                TIM_Base_SetConfig
 .text.TIM_OC1_SetConfig
                0x0000000008005338       0xcc ./Drivers/STM32F1xx_HAL_Driver/Src/stm32f1xx_hal_tim.o
 .text.TIM_OC2_SetConfig
                0x0000000008005404       0xd4 ./Drivers/STM32F1xx_HAL_Driver/Src/stm32f1xx_hal_tim.o
                0x0000000008005404                TIM_OC2_SetConfig
 .text.TIM_OC3_SetConfig
                0x00000000080054d8       0xd4 ./Drivers/STM32F1xx_HAL_Driver/Src/stm32f1xx_hal_tim.o
 .text.TIM_OC4_SetConfig
                0x00000000080055ac       0x9c ./Drivers/STM32F1xx_HAL_Driver/Src/stm32f1xx_hal_tim.o
 .text.TIM_CCxChannelCmd
                0x0000000008005648       0x48 ./Drivers/STM32F1xx_HAL_Driver/Src/stm32f1xx_hal_tim.o
                0x0000000008005648                TIM_CCxChannelCmd
 .text.HAL_TIMEx_MasterConfigSynchronization
                0x0000000008005690       0xbc ./Drivers/STM32F1xx_HAL_Driver/Src/stm32f1xx_hal_tim_ex.o
                0x0000000008005690                HAL_TIMEx_MasterConfigSynchronization
 .text.HAL_UART_Init
                0x000000000800574c       0xa0 ./Drivers/STM32F1xx_HAL_Driver/Src/stm32f1xx_hal_uart.o
                0x000000000800574c                HAL_UART_Init
 .text.HAL_UART_Transmit_IT
                0x00000000080057ec       0x6a ./Drivers/STM32F1xx_HAL_Driver/Src/stm32f1xx_hal_uart.o
                0x00000000080057ec                HAL_UART_Transmit_IT
 .text.HAL_UART_Receive_IT
                0x0000000008005856       0x4a ./Drivers/STM32F1xx_HAL_Driver/Src/stm32f1xx_hal_uart.o
                0x0000000008005856                HAL_UART_Receive_IT
 .text.HAL_UART_IRQHandler
                0x00000000080058a0      0x524 ./Drivers/STM32F1xx_HAL_Driver/Src/stm32f1xx_hal_uart.o
                0x00000000080058a0                HAL_UART_IRQHandler
 .text.HAL_UART_TxCpltCallback
                0x0000000008005dc4       0x12 ./Drivers/STM32F1xx_HAL_Driver/Src/stm32f1xx_hal_uart.o
                0x0000000008005dc4                HAL_UART_TxCpltCallback
 .text.HAL_UART_ErrorCallback
                0x0000000008005dd6       0x12 ./Drivers/STM32F1xx_HAL_Driver/Src/stm32f1xx_hal_uart.o
                0x0000000008005dd6                HAL_UART_ErrorCallback
 .text.HAL_UARTEx_RxEventCallback
                0x0000000008005de8       0x16 ./Drivers/STM32F1xx_HAL_Driver/Src/stm32f1xx_hal_uart.o
                0x0000000008005de8                HAL_UARTEx_RxEventCallback
 .text.UART_Start_Receive_IT
                0x0000000008005dfe       0x72 ./Drivers/STM32F1xx_HAL_Driver/Src/stm32f1xx_hal_uart.o
                0x0000000008005dfe                UART_Start_Receive_IT
 .text.UART_EndRxTransfer
                0x0000000008005e70       0xc4 ./Drivers/STM32F1xx_HAL_Driver/Src/stm32f1xx_hal_uart.o
 .text.UART_DMAAbortOnError
                0x0000000008005f34       0x28 ./Drivers/STM32F1xx_HAL_Driver/Src/stm32f1xx_hal_uart.o
 .text.UART_Transmit_IT
                0x0000000008005f5c       0x9e ./Drivers/STM32F1xx_HAL_Driver/Src/stm32f1xx_hal_uart.o
 .text.UART_EndTransmit_IT
                0x0000000008005ffa       0x30 ./Drivers/STM32F1xx_HAL_Driver/Src/stm32f1xx_hal_uart.o
 .text.UART_Receive_IT
                0x000000000800602a      0x17c ./Drivers/STM32F1xx_HAL_Driver/Src/stm32f1xx_hal_uart.o
 *fill*         0x00000000080061a6        0x2 
 .text.UART_SetConfig
                0x00000000080061a8      0x11c ./Drivers/STM32F1xx_HAL_Driver/Src/stm32f1xx_hal_uart.o
 .text.MX_FATFS_Init
                0x00000000080062c4       0x24 ./FATFS/App/fatfs.o
                0x00000000080062c4                MX_FATFS_Init
 .text.get_fattime
                0x00000000080062e8        0xe ./FATFS/App/fatfs.o
                0x00000000080062e8                get_fattime
 *fill*         0x00000000080062f6        0x2 
 .text.MX_FATFS_DeInit
                0x00000000080062f8       0x20 ./FATFS/App/fatfs.o
                0x00000000080062f8                MX_FATFS_DeInit
 .text.USER_initialize
                0x0000000008006318       0x1c ./FATFS/Target/user_diskio.o
                0x0000000008006318                USER_initialize
 .text.USER_status
                0x0000000008006334       0x1c ./FATFS/Target/user_diskio.o
                0x0000000008006334                USER_status
 .text.USER_read
                0x0000000008006350       0x26 ./FATFS/Target/user_diskio.o
                0x0000000008006350                USER_read
 .text.USER_write
                0x0000000008006376       0x26 ./FATFS/Target/user_diskio.o
                0x0000000008006376                USER_write
 .text.USER_ioctl
                0x000000000800639c       0x26 ./FATFS/Target/user_diskio.o
                0x000000000800639c                USER_ioctl
 *fill*         0x00000000080063c2        0x2 
 .text.SPI_Timer_On
                0x00000000080063c4       0x28 ./FATFS/Target/user_diskio_spi.o
                0x00000000080063c4                SPI_Timer_On
 .text.SPI_Timer_Status
                0x00000000080063ec       0x2c ./FATFS/Target/user_diskio_spi.o
                0x00000000080063ec                SPI_Timer_Status
 .text.xchg_spi
                0x0000000008006418       0x2c ./FATFS/Target/user_diskio_spi.o
 .text.rcvr_spi_multi
                0x0000000008006444       0x38 ./FATFS/Target/user_diskio_spi.o
 .text.xmit_spi_multi
                0x000000000800647c       0x36 ./FATFS/Target/user_diskio_spi.o
 .text.wait_ready
                0x00000000080064b2       0x46 ./FATFS/Target/user_diskio_spi.o
 .text.despiselect
                0x00000000080064f8       0x20 ./FATFS/Target/user_diskio_spi.o
 .text.spiselect
                0x0000000008006518       0x38 ./FATFS/Target/user_diskio_spi.o
 .text.rcvr_datablock
                0x0000000008006550       0x52 ./FATFS/Target/user_diskio_spi.o
 .text.xmit_datablock
                0x00000000080065a2       0x64 ./FATFS/Target/user_diskio_spi.o
 .text.send_cmd
                0x0000000008006606       0xde ./FATFS/Target/user_diskio_spi.o
 .text.USER_SPI_initialize
                0x00000000080066e4      0x1d8 ./FATFS/Target/user_diskio_spi.o
                0x00000000080066e4                USER_SPI_initialize
 .text.USER_SPI_status
                0x00000000080068bc       0x28 ./FATFS/Target/user_diskio_spi.o
                0x00000000080068bc                USER_SPI_status
 .text.USER_SPI_read
                0x00000000080068e4       0xcc ./FATFS/Target/user_diskio_spi.o
                0x00000000080068e4                USER_SPI_read
 .text.USER_SPI_write
                0x00000000080069b0       0xf8 ./FATFS/Target/user_diskio_spi.o
                0x00000000080069b0                USER_SPI_write
 .text.USER_SPI_ioctl
                0x0000000008006aa8      0x2e0 ./FATFS/Target/user_diskio_spi.o
                0x0000000008006aa8                USER_SPI_ioctl
 .text.disk_status
                0x0000000008006d88       0x34 ./Middlewares/Third_Party/FatFs/src/diskio.o
                0x0000000008006d88                disk_status
 .text.disk_initialize
                0x0000000008006dbc       0x4c ./Middlewares/Third_Party/FatFs/src/diskio.o
                0x0000000008006dbc                disk_initialize
 .text.disk_read
                0x0000000008006e08       0x40 ./Middlewares/Third_Party/FatFs/src/diskio.o
                0x0000000008006e08                disk_read
 .text.disk_write
                0x0000000008006e48       0x40 ./Middlewares/Third_Party/FatFs/src/diskio.o
                0x0000000008006e48                disk_write
 .text.disk_ioctl
                0x0000000008006e88       0x3c ./Middlewares/Third_Party/FatFs/src/diskio.o
                0x0000000008006e88                disk_ioctl
 .text.mem_cpy  0x0000000008006ec4       0x3c ./Middlewares/Third_Party/FatFs/src/ff.o
 .text.mem_set  0x0000000008006f00       0x34 ./Middlewares/Third_Party/FatFs/src/ff.o
 .text.mem_cmp  0x0000000008006f34       0x4c ./Middlewares/Third_Party/FatFs/src/ff.o
 .text.chk_chr  0x0000000008006f80       0x34 ./Middlewares/Third_Party/FatFs/src/ff.o
 .text.chk_lock
                0x0000000008006fb4       0xd8 ./Middlewares/Third_Party/FatFs/src/ff.o
 .text.enq_lock
                0x000000000800708c       0x48 ./Middlewares/Third_Party/FatFs/src/ff.o
 .text.inc_lock
                0x00000000080070d4      0x16c ./Middlewares/Third_Party/FatFs/src/ff.o
 .text.dec_lock
                0x0000000008007240       0x88 ./Middlewares/Third_Party/FatFs/src/ff.o
 .text.clear_lock
                0x00000000080072c8       0x54 ./Middlewares/Third_Party/FatFs/src/ff.o
 .text.sync_window
                0x000000000800731c       0x92 ./Middlewares/Third_Party/FatFs/src/ff.o
 .text.move_window
                0x00000000080073ae       0x5c ./Middlewares/Third_Party/FatFs/src/ff.o
 .text.sync_fs  0x000000000800740a      0x15a ./Middlewares/Third_Party/FatFs/src/ff.o
 .text.clust2sect
                0x0000000008007564       0x42 ./Middlewares/Third_Party/FatFs/src/ff.o
                0x0000000008007564                clust2sect
 .text.get_fat  0x00000000080075a6      0x174 ./Middlewares/Third_Party/FatFs/src/ff.o
                0x00000000080075a6                get_fat
 .text.put_fat  0x000000000800771a      0x21c ./Middlewares/Third_Party/FatFs/src/ff.o
                0x000000000800771a                put_fat
 .text.remove_chain
                0x0000000008007936       0xb4 ./Middlewares/Third_Party/FatFs/src/ff.o
 .text.create_chain
                0x00000000080079ea      0x13a ./Middlewares/Third_Party/FatFs/src/ff.o
 .text.clmt_clust
                0x0000000008007b24       0x68 ./Middlewares/Third_Party/FatFs/src/ff.o
 .text.dir_sdi  0x0000000008007b8c      0x128 ./Middlewares/Third_Party/FatFs/src/ff.o
 .text.dir_next
                0x0000000008007cb4      0x1ee ./Middlewares/Third_Party/FatFs/src/ff.o
 .text.dir_alloc
                0x0000000008007ea2       0x94 ./Middlewares/Third_Party/FatFs/src/ff.o
 .text.ld_clust
                0x0000000008007f36       0x5a ./Middlewares/Third_Party/FatFs/src/ff.o
 .text.st_clust
                0x0000000008007f90       0x4c ./Middlewares/Third_Party/FatFs/src/ff.o
 .text.dir_find
                0x0000000008007fdc       0x9e ./Middlewares/Third_Party/FatFs/src/ff.o
 .text.dir_register
                0x000000000800807a       0x72 ./Middlewares/Third_Party/FatFs/src/ff.o
 .text.create_name
                0x00000000080080ec      0x180 ./Middlewares/Third_Party/FatFs/src/ff.o
 .text.follow_path
                0x000000000800826c       0xdc ./Middlewares/Third_Party/FatFs/src/ff.o
 .text.get_ldnumber
                0x0000000008008348       0x86 ./Middlewares/Third_Party/FatFs/src/ff.o
 *fill*         0x00000000080083ce        0x2 
 .text.check_fs
                0x00000000080083d0       0xd4 ./Middlewares/Third_Party/FatFs/src/ff.o
 .text.find_volume
                0x00000000080084a4      0x590 ./Middlewares/Third_Party/FatFs/src/ff.o
 .text.validate
                0x0000000008008a34       0x66 ./Middlewares/Third_Party/FatFs/src/ff.o
 *fill*         0x0000000008008a9a        0x2 
 .text.f_mount  0x0000000008008a9c       0x90 ./Middlewares/Third_Party/FatFs/src/ff.o
                0x0000000008008a9c                f_mount
 .text.f_open   0x0000000008008b2c      0x4f2 ./Middlewares/Third_Party/FatFs/src/ff.o
                0x0000000008008b2c                f_open
 .text.f_write  0x000000000800901e      0x35a ./Middlewares/Third_Party/FatFs/src/ff.o
                0x000000000800901e                f_write
 .text.f_sync   0x0000000008009378      0x174 ./Middlewares/Third_Party/FatFs/src/ff.o
                0x0000000008009378                f_sync
 .text.f_close  0x00000000080094ec       0x50 ./Middlewares/Third_Party/FatFs/src/ff.o
                0x00000000080094ec                f_close
 .text.FATFS_LinkDriverEx
                0x000000000800953c       0x94 ./Middlewares/Third_Party/FatFs/src/ff_gen_drv.o
                0x000000000800953c                FATFS_LinkDriverEx
 .text.FATFS_LinkDriver
                0x00000000080095d0       0x1e ./Middlewares/Third_Party/FatFs/src/ff_gen_drv.o
                0x00000000080095d0                FATFS_LinkDriver
 *fill*         0x00000000080095ee        0x2 
 .text.FATFS_UnLinkDriverEx
                0x00000000080095f0       0x6c ./Middlewares/Third_Party/FatFs/src/ff_gen_drv.o
                0x00000000080095f0                FATFS_UnLinkDriverEx
 .text.FATFS_UnLinkDriver
                0x000000000800965c       0x1a ./Middlewares/Third_Party/FatFs/src/ff_gen_drv.o
                0x000000000800965c                FATFS_UnLinkDriver
 *fill*         0x0000000008009676        0x2 
 .text.malloc   0x0000000008009678       0x10 C:/ST/STM32CubeIDE_1.13.2/STM32CubeIDE/plugins/com.st.stm32cube.ide.mcu.externaltools.gnu-tools-for-stm32.11.3.rel1.win32_1.1.1.202309131626/tools/bin/../lib/gcc/arm-none-eabi/11.3.1/../../../../arm-none-eabi/lib/thumb/v7-m/nofp\libc_nano.a(libc_a-malloc.o)
                0x0000000008009678                malloc
 .text.free     0x0000000008009688       0x10 C:/ST/STM32CubeIDE_1.13.2/STM32CubeIDE/plugins/com.st.stm32cube.ide.mcu.externaltools.gnu-tools-for-stm32.11.3.rel1.win32_1.1.1.202309131626/tools/bin/../lib/gcc/arm-none-eabi/11.3.1/../../../../arm-none-eabi/lib/thumb/v7-m/nofp\libc_nano.a(libc_a-malloc.o)
                0x0000000008009688                free
 .text.sbrk_aligned
                0x0000000008009698       0x40 C:/ST/STM32CubeIDE_1.13.2/STM32CubeIDE/plugins/com.st.stm32cube.ide.mcu.externaltools.gnu-tools-for-stm32.11.3.rel1.win32_1.1.1.202309131626/tools/bin/../lib/gcc/arm-none-eabi/11.3.1/../../../../arm-none-eabi/lib/thumb/v7-m/nofp\libc_nano.a(libc_a-mallocr.o)
 .text._malloc_r
                0x00000000080096d8      0x100 C:/ST/STM32CubeIDE_1.13.2/STM32CubeIDE/plugins/com.st.stm32cube.ide.mcu.externaltools.gnu-tools-for-stm32.11.3.rel1.win32_1.1.1.202309131626/tools/bin/../lib/gcc/arm-none-eabi/11.3.1/../../../../arm-none-eabi/lib/thumb/v7-m/nofp\libc_nano.a(libc_a-mallocr.o)
                0x00000000080096d8                _malloc_r
 .text.__malloc_lock
                0x00000000080097d8        0xc C:/ST/STM32CubeIDE_1.13.2/STM32CubeIDE/plugins/com.st.stm32cube.ide.mcu.externaltools.gnu-tools-for-stm32.11.3.rel1.win32_1.1.1.202309131626/tools/bin/../lib/gcc/arm-none-eabi/11.3.1/../../../../arm-none-eabi/lib/thumb/v7-m/nofp\libc_nano.a(libc_a-mlock.o)
                0x00000000080097d8                __malloc_lock
 .text.__malloc_unlock
                0x00000000080097e4        0xc C:/ST/STM32CubeIDE_1.13.2/STM32CubeIDE/plugins/com.st.stm32cube.ide.mcu.externaltools.gnu-tools-for-stm32.11.3.rel1.win32_1.1.1.202309131626/tools/bin/../lib/gcc/arm-none-eabi/11.3.1/../../../../arm-none-eabi/lib/thumb/v7-m/nofp\libc_nano.a(libc_a-mlock.o)
                0x00000000080097e4                __malloc_unlock
 .text.sprintf  0x00000000080097f0       0x40 C:/ST/STM32CubeIDE_1.13.2/STM32CubeIDE/plugins/com.st.stm32cube.ide.mcu.externaltools.gnu-tools-for-stm32.11.3.rel1.win32_1.1.1.202309131626/tools/bin/../lib/gcc/arm-none-eabi/11.3.1/../../../../arm-none-eabi/lib/thumb/v7-m/nofp\libc_nano.a(libc_a-sprintf.o)
                0x00000000080097f0                siprintf
                0x00000000080097f0                sprintf
 .text.sscanf   0x0000000008009830       0x54 C:/ST/STM32CubeIDE_1.13.2/STM32CubeIDE/plugins/com.st.stm32cube.ide.mcu.externaltools.gnu-tools-for-stm32.11.3.rel1.win32_1.1.1.202309131626/tools/bin/../lib/gcc/arm-none-eabi/11.3.1/../../../../arm-none-eabi/lib/thumb/v7-m/nofp\libc_nano.a(libc_a-sscanf.o)
                0x0000000008009830                siscanf
                0x0000000008009830                sscanf
 .text.__seofread
                0x0000000008009884        0x4 C:/ST/STM32CubeIDE_1.13.2/STM32CubeIDE/plugins/com.st.stm32cube.ide.mcu.externaltools.gnu-tools-for-stm32.11.3.rel1.win32_1.1.1.202309131626/tools/bin/../lib/gcc/arm-none-eabi/11.3.1/../../../../arm-none-eabi/lib/thumb/v7-m/nofp\libc_nano.a(libc_a-stdio.o)
                0x0000000008009884                __seofread
 .text.memset   0x0000000008009888       0x10 C:/ST/STM32CubeIDE_1.13.2/STM32CubeIDE/plugins/com.st.stm32cube.ide.mcu.externaltools.gnu-tools-for-stm32.11.3.rel1.win32_1.1.1.202309131626/tools/bin/../lib/gcc/arm-none-eabi/11.3.1/../../../../arm-none-eabi/lib/thumb/v7-m/nofp\libc_nano.a(libc_a-memset.o)
                0x0000000008009888                memset
 .text._sbrk_r  0x0000000008009898       0x20 C:/ST/STM32CubeIDE_1.13.2/STM32CubeIDE/plugins/com.st.stm32cube.ide.mcu.externaltools.gnu-tools-for-stm32.11.3.rel1.win32_1.1.1.202309131626/tools/bin/../lib/gcc/arm-none-eabi/11.3.1/../../../../arm-none-eabi/lib/thumb/v7-m/nofp\libc_nano.a(libc_a-sbrkr.o)
                0x0000000008009898                _sbrk_r
 .text.__errno  0x00000000080098b8        0xc C:/ST/STM32CubeIDE_1.13.2/STM32CubeIDE/plugins/com.st.stm32cube.ide.mcu.externaltools.gnu-tools-for-stm32.11.3.rel1.win32_1.1.1.202309131626/tools/bin/../lib/gcc/arm-none-eabi/11.3.1/../../../../arm-none-eabi/lib/thumb/v7-m/nofp\libc_nano.a(libc_a-errno.o)
                0x00000000080098b8                __errno
 .text.__libc_init_array
                0x00000000080098c4       0x48 C:/ST/STM32CubeIDE_1.13.2/STM32CubeIDE/plugins/com.st.stm32cube.ide.mcu.externaltools.gnu-tools-for-stm32.11.3.rel1.win32_1.1.1.202309131626/tools/bin/../lib/gcc/arm-none-eabi/11.3.1/../../../../arm-none-eabi/lib/thumb/v7-m/nofp\libc_nano.a(libc_a-init.o)
                0x00000000080098c4                __libc_init_array
 .text.__retarget_lock_acquire_recursive
                0x000000000800990c        0x2 C:/ST/STM32CubeIDE_1.13.2/STM32CubeIDE/plugins/com.st.stm32cube.ide.mcu.externaltools.gnu-tools-for-stm32.11.3.rel1.win32_1.1.1.202309131626/tools/bin/../lib/gcc/arm-none-eabi/11.3.1/../../../../arm-none-eabi/lib/thumb/v7-m/nofp\libc_nano.a(libc_a-lock.o)
                0x000000000800990c                __retarget_lock_acquire_recursive
 .text.__retarget_lock_release_recursive
                0x000000000800990e        0x2 C:/ST/STM32CubeIDE_1.13.2/STM32CubeIDE/plugins/com.st.stm32cube.ide.mcu.externaltools.gnu-tools-for-stm32.11.3.rel1.win32_1.1.1.202309131626/tools/bin/../lib/gcc/arm-none-eabi/11.3.1/../../../../arm-none-eabi/lib/thumb/v7-m/nofp\libc_nano.a(libc_a-lock.o)
                0x000000000800990e                __retarget_lock_release_recursive
 .text.memcpy   0x0000000008009910       0x1c C:/ST/STM32CubeIDE_1.13.2/STM32CubeIDE/plugins/com.st.stm32cube.ide.mcu.externaltools.gnu-tools-for-stm32.11.3.rel1.win32_1.1.1.202309131626/tools/bin/../lib/gcc/arm-none-eabi/11.3.1/../../../../arm-none-eabi/lib/thumb/v7-m/nofp\libc_nano.a(libc_a-memcpy-stub.o)
                0x0000000008009910                memcpy
 .text._free_r  0x000000000800992c       0x90 C:/ST/STM32CubeIDE_1.13.2/STM32CubeIDE/plugins/com.st.stm32cube.ide.mcu.externaltools.gnu-tools-for-stm32.11.3.rel1.win32_1.1.1.202309131626/tools/bin/../lib/gcc/arm-none-eabi/11.3.1/../../../../arm-none-eabi/lib/thumb/v7-m/nofp\libc_nano.a(libc_a-freer.o)
                0x000000000800992c                _free_r
 .text.__ssputs_r
                0x00000000080099bc       0xb4 C:/ST/STM32CubeIDE_1.13.2/STM32CubeIDE/plugins/com.st.stm32cube.ide.mcu.externaltools.gnu-tools-for-stm32.11.3.rel1.win32_1.1.1.202309131626/tools/bin/../lib/gcc/arm-none-eabi/11.3.1/../../../../arm-none-eabi/lib/thumb/v7-m/nofp\libc_nano.a(libc_a-nano-svfprintf.o)
                0x00000000080099bc                __ssputs_r
 .text._svfprintf_r
                0x0000000008009a70      0x1fc C:/ST/STM32CubeIDE_1.13.2/STM32CubeIDE/plugins/com.st.stm32cube.ide.mcu.externaltools.gnu-tools-for-stm32.11.3.rel1.win32_1.1.1.202309131626/tools/bin/../lib/gcc/arm-none-eabi/11.3.1/../../../../arm-none-eabi/lib/thumb/v7-m/nofp\libc_nano.a(libc_a-nano-svfprintf.o)
                0x0000000008009a70                _svfiprintf_r
                0x0000000008009a70                _svfprintf_r
 .text._sungetc_r
                0x0000000008009c6c       0x7a C:/ST/STM32CubeIDE_1.13.2/STM32CubeIDE/plugins/com.st.stm32cube.ide.mcu.externaltools.gnu-tools-for-stm32.11.3.rel1.win32_1.1.1.202309131626/tools/bin/../lib/gcc/arm-none-eabi/11.3.1/../../../../arm-none-eabi/lib/thumb/v7-m/nofp\libc_nano.a(libc_a-nano-svfscanf.o)
                0x0000000008009c6c                _sungetc_r
 .text.__ssrefill_r
                0x0000000008009ce6       0x3a C:/ST/STM32CubeIDE_1.13.2/STM32CubeIDE/plugins/com.st.stm32cube.ide.mcu.externaltools.gnu-tools-for-stm32.11.3.rel1.win32_1.1.1.202309131626/tools/bin/../lib/gcc/arm-none-eabi/11.3.1/../../../../arm-none-eabi/lib/thumb/v7-m/nofp\libc_nano.a(libc_a-nano-svfscanf.o)
                0x0000000008009ce6                __ssrefill_r
 .text.__ssvfscanf_r
                0x0000000008009d20      0x2f0 C:/ST/STM32CubeIDE_1.13.2/STM32CubeIDE/plugins/com.st.stm32cube.ide.mcu.externaltools.gnu-tools-for-stm32.11.3.rel1.win32_1.1.1.202309131626/tools/bin/../lib/gcc/arm-none-eabi/11.3.1/../../../../arm-none-eabi/lib/thumb/v7-m/nofp\libc_nano.a(libc_a-nano-svfscanf.o)
                0x0000000008009d20                __ssvfiscanf_r
                0x0000000008009d20                __ssvfscanf_r
 .text._printf_common
                0x000000000800a010       0xe4 C:/ST/STM32CubeIDE_1.13.2/STM32CubeIDE/plugins/com.st.stm32cube.ide.mcu.externaltools.gnu-tools-for-stm32.11.3.rel1.win32_1.1.1.202309131626/tools/bin/../lib/gcc/arm-none-eabi/11.3.1/../../../../arm-none-eabi/lib/thumb/v7-m/nofp\libc_nano.a(libc_a-nano-vfprintf_i.o)
                0x000000000800a010                _printf_common
 .text._printf_i
                0x000000000800a0f4      0x244 C:/ST/STM32CubeIDE_1.13.2/STM32CubeIDE/plugins/com.st.stm32cube.ide.mcu.externaltools.gnu-tools-for-stm32.11.3.rel1.win32_1.1.1.202309131626/tools/bin/../lib/gcc/arm-none-eabi/11.3.1/../../../../arm-none-eabi/lib/thumb/v7-m/nofp\libc_nano.a(libc_a-nano-vfprintf_i.o)
                0x000000000800a0f4                _printf_i
 .text._scanf_chars
                0x000000000800a338       0xb4 C:/ST/STM32CubeIDE_1.13.2/STM32CubeIDE/plugins/com.st.stm32cube.ide.mcu.externaltools.gnu-tools-for-stm32.11.3.rel1.win32_1.1.1.202309131626/tools/bin/../lib/gcc/arm-none-eabi/11.3.1/../../../../arm-none-eabi/lib/thumb/v7-m/nofp\libc_nano.a(libc_a-nano-vfscanf_i.o)
                0x000000000800a338                _scanf_chars
 .text._scanf_i
                0x000000000800a3ec      0x1e4 C:/ST/STM32CubeIDE_1.13.2/STM32CubeIDE/plugins/com.st.stm32cube.ide.mcu.externaltools.gnu-tools-for-stm32.11.3.rel1.win32_1.1.1.202309131626/tools/bin/../lib/gcc/arm-none-eabi/11.3.1/../../../../arm-none-eabi/lib/thumb/v7-m/nofp\libc_nano.a(libc_a-nano-vfscanf_i.o)
                0x000000000800a3ec                _scanf_i
 .text.__sccl   0x000000000800a5d0       0x72 C:/ST/STM32CubeIDE_1.13.2/STM32CubeIDE/plugins/com.st.stm32cube.ide.mcu.externaltools.gnu-tools-for-stm32.11.3.rel1.win32_1.1.1.202309131626/tools/bin/../lib/gcc/arm-none-eabi/11.3.1/../../../../arm-none-eabi/lib/thumb/v7-m/nofp\libc_nano.a(libc_a-sccl.o)
                0x000000000800a5d0                __sccl
 .text.__submore
                0x000000000800a642       0x70 C:/ST/STM32CubeIDE_1.13.2/STM32CubeIDE/plugins/com.st.stm32cube.ide.mcu.externaltools.gnu-tools-for-stm32.11.3.rel1.win32_1.1.1.202309131626/tools/bin/../lib/gcc/arm-none-eabi/11.3.1/../../../../arm-none-eabi/lib/thumb/v7-m/nofp\libc_nano.a(libc_a-ungetc.o)
                0x000000000800a642                __submore
 .text.memmove  0x000000000800a6b2       0x34 C:/ST/STM32CubeIDE_1.13.2/STM32CubeIDE/plugins/com.st.stm32cube.ide.mcu.externaltools.gnu-tools-for-stm32.11.3.rel1.win32_1.1.1.202309131626/tools/bin/../lib/gcc/arm-none-eabi/11.3.1/../../../../arm-none-eabi/lib/thumb/v7-m/nofp\libc_nano.a(libc_a-memmove.o)
                0x000000000800a6b2                memmove
 .text.memchr   0x000000000800a6e6       0x1c C:/ST/STM32CubeIDE_1.13.2/STM32CubeIDE/plugins/com.st.stm32cube.ide.mcu.externaltools.gnu-tools-for-stm32.11.3.rel1.win32_1.1.1.202309131626/tools/bin/../lib/gcc/arm-none-eabi/11.3.1/../../../../arm-none-eabi/lib/thumb/v7-m/nofp\libc_nano.a(libc_a-memchr-stub.o)
                0x000000000800a6e6                memchr
 .text._realloc_r
                0x000000000800a702       0x5e C:/ST/STM32CubeIDE_1.13.2/STM32CubeIDE/plugins/com.st.stm32cube.ide.mcu.externaltools.gnu-tools-for-stm32.11.3.rel1.win32_1.1.1.202309131626/tools/bin/../lib/gcc/arm-none-eabi/11.3.1/../../../../arm-none-eabi/lib/thumb/v7-m/nofp\libc_nano.a(libc_a-reallocr.o)
                0x000000000800a702                _realloc_r
 .text._strtol_l.constprop.0
                0x000000000800a760       0xfc C:/ST/STM32CubeIDE_1.13.2/STM32CubeIDE/plugins/com.st.stm32cube.ide.mcu.externaltools.gnu-tools-for-stm32.11.3.rel1.win32_1.1.1.202309131626/tools/bin/../lib/gcc/arm-none-eabi/11.3.1/../../../../arm-none-eabi/lib/thumb/v7-m/nofp\libc_nano.a(libc_a-strtol.o)
 .text._strtol_r
                0x000000000800a85c        0x4 C:/ST/STM32CubeIDE_1.13.2/STM32CubeIDE/plugins/com.st.stm32cube.ide.mcu.externaltools.gnu-tools-for-stm32.11.3.rel1.win32_1.1.1.202309131626/tools/bin/../lib/gcc/arm-none-eabi/11.3.1/../../../../arm-none-eabi/lib/thumb/v7-m/nofp\libc_nano.a(libc_a-strtol.o)
                0x000000000800a85c                _strtol_r
 .text._strtoul_l.constprop.0
                0x000000000800a860       0xe4 C:/ST/STM32CubeIDE_1.13.2/STM32CubeIDE/plugins/com.st.stm32cube.ide.mcu.externaltools.gnu-tools-for-stm32.11.3.rel1.win32_1.1.1.202309131626/tools/bin/../lib/gcc/arm-none-eabi/11.3.1/../../../../arm-none-eabi/lib/thumb/v7-m/nofp\libc_nano.a(libc_a-strtoul.o)
 .text._strtoul_r
                0x000000000800a944        0x4 C:/ST/STM32CubeIDE_1.13.2/STM32CubeIDE/plugins/com.st.stm32cube.ide.mcu.externaltools.gnu-tools-for-stm32.11.3.rel1.win32_1.1.1.202309131626/tools/bin/../lib/gcc/arm-none-eabi/11.3.1/../../../../arm-none-eabi/lib/thumb/v7-m/nofp\libc_nano.a(libc_a-strtoul.o)
                0x000000000800a944                _strtoul_r
 .text._malloc_usable_size_r
                0x000000000800a948       0x10 C:/ST/STM32CubeIDE_1.13.2/STM32CubeIDE/plugins/com.st.stm32cube.ide.mcu.externaltools.gnu-tools-for-stm32.11.3.rel1.win32_1.1.1.202309131626/tools/bin/../lib/gcc/arm-none-eabi/11.3.1/../../../../arm-none-eabi/lib/thumb/v7-m/nofp\libc_nano.a(libc_a-msizer.o)
                0x000000000800a948                _malloc_usable_size_r
 *(.glue_7)
 .glue_7        0x000000000800a958        0x0 linker stubs
 *(.glue_7t)
 .glue_7t       0x000000000800a958        0x0 linker stubs
 *(.eh_frame)
 .eh_frame      0x000000000800a958        0x0 C:/ST/STM32CubeIDE_1.13.2/STM32CubeIDE/plugins/com.st.stm32cube.ide.mcu.externaltools.gnu-tools-for-stm32.11.3.rel1.win32_1.1.1.202309131626/tools/bin/../lib/gcc/arm-none-eabi/11.3.1/thumb/v7-m/nofp/crtbegin.o
 *(.init)
 .init          0x000000000800a958        0x4 C:/ST/STM32CubeIDE_1.13.2/STM32CubeIDE/plugins/com.st.stm32cube.ide.mcu.externaltools.gnu-tools-for-stm32.11.3.rel1.win32_1.1.1.202309131626/tools/bin/../lib/gcc/arm-none-eabi/11.3.1/thumb/v7-m/nofp/crti.o
                0x000000000800a958                _init
 .init          0x000000000800a95c        0x8 C:/ST/STM32CubeIDE_1.13.2/STM32CubeIDE/plugins/com.st.stm32cube.ide.mcu.externaltools.gnu-tools-for-stm32.11.3.rel1.win32_1.1.1.202309131626/tools/bin/../lib/gcc/arm-none-eabi/11.3.1/thumb/v7-m/nofp/crtn.o
 *(.fini)
 .fini          0x000000000800a964        0x4 C:/ST/STM32CubeIDE_1.13.2/STM32CubeIDE/plugins/com.st.stm32cube.ide.mcu.externaltools.gnu-tools-for-stm32.11.3.rel1.win32_1.1.1.202309131626/tools/bin/../lib/gcc/arm-none-eabi/11.3.1/thumb/v7-m/nofp/crti.o
                0x000000000800a964                _fini
 .fini          0x000000000800a968        0x8 C:/ST/STM32CubeIDE_1.13.2/STM32CubeIDE/plugins/com.st.stm32cube.ide.mcu.externaltools.gnu-tools-for-stm32.11.3.rel1.win32_1.1.1.202309131626/tools/bin/../lib/gcc/arm-none-eabi/11.3.1/thumb/v7-m/nofp/crtn.o
                0x000000000800a970                . = ALIGN (0x4)
                0x000000000800a970                _etext = .

.vfp11_veneer   0x000000000800a970        0x0
 .vfp11_veneer  0x000000000800a970        0x0 linker stubs

.v4_bx          0x000000000800a970        0x0
 .v4_bx         0x000000000800a970        0x0 linker stubs

.iplt           0x000000000800a970        0x0
 .iplt          0x000000000800a970        0x0 C:/ST/STM32CubeIDE_1.13.2/STM32CubeIDE/plugins/com.st.stm32cube.ide.mcu.externaltools.gnu-tools-for-stm32.11.3.rel1.win32_1.1.1.202309131626/tools/bin/../lib/gcc/arm-none-eabi/11.3.1/thumb/v7-m/nofp/crtbegin.o

.rodata         0x000000000800a970      0x3b0
                0x000000000800a970                . = ALIGN (0x4)
 *(.rodata)
 .rodata        0x000000000800a970       0x1f ./Core/Src/command_vibric.o
 *fill*         0x000000000800a98f        0x1 
 .rodata        0x000000000800a990       0x65 ./Core/Src/ds1307.o
 *fill*         0x000000000800a9f5        0x3 
 .rodata        0x000000000800a9f8       0xc2 ./Core/Src/main.o
 *fill*         0x000000000800aaba        0x2 
 .rodata        0x000000000800aabc        0x1 ./Core/Src/stm32f1xx_it.o
 *fill*         0x000000000800aabd        0x3 
 .rodata        0x000000000800aac0       0x44 ./Middlewares/Third_Party/FatFs/src/ff.o
 .rodata        0x000000000800ab04        0xc C:/ST/STM32CubeIDE_1.13.2/STM32CubeIDE/plugins/com.st.stm32cube.ide.mcu.externaltools.gnu-tools-for-stm32.11.3.rel1.win32_1.1.1.202309131626/tools/bin/../lib/gcc/arm-none-eabi/11.3.1/../../../../arm-none-eabi/lib/thumb/v7-m/nofp\libc_nano.a(libc_a-nano-vfscanf_i.o)
 *(.rodata*)
 .rodata.AHBPrescTable
                0x000000000800ab10       0x10 ./Core/Src/system_stm32f1xx.o
                0x000000000800ab10                AHBPrescTable
 .rodata.APBPrescTable
                0x000000000800ab20        0x8 ./Core/Src/system_stm32f1xx.o
                0x000000000800ab20                APBPrescTable
 .rodata.aPLLMULFactorTable.1
                0x000000000800ab28       0x10 ./Drivers/STM32F1xx_HAL_Driver/Src/stm32f1xx_hal_rcc.o
 .rodata.aPredivFactorTable.0
                0x000000000800ab38        0x2 ./Drivers/STM32F1xx_HAL_Driver/Src/stm32f1xx_hal_rcc.o
 *fill*         0x000000000800ab3a        0x2 
 .rodata.aPLLMULFactorTable.1
                0x000000000800ab3c       0x10 ./Drivers/STM32F1xx_HAL_Driver/Src/stm32f1xx_hal_rcc_ex.o
 .rodata.aPredivFactorTable.0
                0x000000000800ab4c        0x2 ./Drivers/STM32F1xx_HAL_Driver/Src/stm32f1xx_hal_rcc_ex.o
 *fill*         0x000000000800ab4e        0x2 
 .rodata.ExCvt  0x000000000800ab50       0x80 ./Middlewares/Third_Party/FatFs/src/ff.o
 .rodata._svfprintf_r.str1.1
                0x000000000800abd0       0x11 C:/ST/STM32CubeIDE_1.13.2/STM32CubeIDE/plugins/com.st.stm32cube.ide.mcu.externaltools.gnu-tools-for-stm32.11.3.rel1.win32_1.1.1.202309131626/tools/bin/../lib/gcc/arm-none-eabi/11.3.1/../../../../arm-none-eabi/lib/thumb/v7-m/nofp\libc_nano.a(libc_a-nano-svfprintf.o)
 .rodata.__ssvfscanf_r.str1.1
                0x000000000800abe1        0x4 C:/ST/STM32CubeIDE_1.13.2/STM32CubeIDE/plugins/com.st.stm32cube.ide.mcu.externaltools.gnu-tools-for-stm32.11.3.rel1.win32_1.1.1.202309131626/tools/bin/../lib/gcc/arm-none-eabi/11.3.1/../../../../arm-none-eabi/lib/thumb/v7-m/nofp\libc_nano.a(libc_a-nano-svfscanf.o)
 .rodata._printf_i.str1.1
                0x000000000800abe1       0x22 C:/ST/STM32CubeIDE_1.13.2/STM32CubeIDE/plugins/com.st.stm32cube.ide.mcu.externaltools.gnu-tools-for-stm32.11.3.rel1.win32_1.1.1.202309131626/tools/bin/../lib/gcc/arm-none-eabi/11.3.1/../../../../arm-none-eabi/lib/thumb/v7-m/nofp\libc_nano.a(libc_a-nano-vfprintf_i.o)
 .rodata._scanf_i.str1.1
                0x000000000800ac03       0x12 C:/ST/STM32CubeIDE_1.13.2/STM32CubeIDE/plugins/com.st.stm32cube.ide.mcu.externaltools.gnu-tools-for-stm32.11.3.rel1.win32_1.1.1.202309131626/tools/bin/../lib/gcc/arm-none-eabi/11.3.1/../../../../arm-none-eabi/lib/thumb/v7-m/nofp\libc_nano.a(libc_a-nano-vfscanf_i.o)
 .rodata.str1.1
                0x000000000800ac15        0x9 C:/ST/STM32CubeIDE_1.13.2/STM32CubeIDE/plugins/com.st.stm32cube.ide.mcu.externaltools.gnu-tools-for-stm32.11.3.rel1.win32_1.1.1.202309131626/tools/bin/../lib/gcc/arm-none-eabi/11.3.1/../../../../arm-none-eabi/lib/thumb/v7-m/nofp\libc_nano.a(libc_a-nano-vfscanf_i.o)
 .rodata._ctype_
                0x000000000800ac1e      0x101 C:/ST/STM32CubeIDE_1.13.2/STM32CubeIDE/plugins/com.st.stm32cube.ide.mcu.externaltools.gnu-tools-for-stm32.11.3.rel1.win32_1.1.1.202309131626/tools/bin/../lib/gcc/arm-none-eabi/11.3.1/../../../../arm-none-eabi/lib/thumb/v7-m/nofp\libc_nano.a(libc_a-ctype_.o)
                0x000000000800ac1e                _ctype_
                0x000000000800ad20                . = ALIGN (0x4)
 *fill*         0x000000000800ad1f        0x1 

.rel.dyn        0x000000000800ad20        0x0
 .rel.iplt      0x000000000800ad20        0x0 C:/ST/STM32CubeIDE_1.13.2/STM32CubeIDE/plugins/com.st.stm32cube.ide.mcu.externaltools.gnu-tools-for-stm32.11.3.rel1.win32_1.1.1.202309131626/tools/bin/../lib/gcc/arm-none-eabi/11.3.1/thumb/v7-m/nofp/crtbegin.o

.ARM.extab      0x000000000800ad20        0x0
                0x000000000800ad20                . = ALIGN (0x4)
 *(.ARM.extab* .gnu.linkonce.armextab.*)
                0x000000000800ad20                . = ALIGN (0x4)

.ARM            0x000000000800ad20        0x0
                0x000000000800ad20                . = ALIGN (0x4)
                0x000000000800ad20                __exidx_start = .
 *(.ARM.exidx*)
                0x000000000800ad20                __exidx_end = .
                0x000000000800ad20                . = ALIGN (0x4)

.preinit_array  0x000000000800ad20        0x0
                0x000000000800ad20                . = ALIGN (0x4)
                0x000000000800ad20                PROVIDE (__preinit_array_start = .)
 *(.preinit_array*)
                0x000000000800ad20                PROVIDE (__preinit_array_end = .)
                0x000000000800ad20                . = ALIGN (0x4)

.init_array     0x000000000800ad20        0x4
                0x000000000800ad20                . = ALIGN (0x4)
                0x000000000800ad20                PROVIDE (__init_array_start = .)
 *(SORT_BY_NAME(.init_array.*))
 *(.init_array*)
 .init_array    0x000000000800ad20        0x4 C:/ST/STM32CubeIDE_1.13.2/STM32CubeIDE/plugins/com.st.stm32cube.ide.mcu.externaltools.gnu-tools-for-stm32.11.3.rel1.win32_1.1.1.202309131626/tools/bin/../lib/gcc/arm-none-eabi/11.3.1/thumb/v7-m/nofp/crtbegin.o
                0x000000000800ad24                PROVIDE (__init_array_end = .)
                0x000000000800ad24                . = ALIGN (0x4)

.fini_array     0x000000000800ad24        0x4
                0x000000000800ad24                . = ALIGN (0x4)
                [!provide]                        PROVIDE (__fini_array_start = .)
 *(SORT_BY_NAME(.fini_array.*))
 *(.fini_array*)
 .fini_array    0x000000000800ad24        0x4 C:/ST/STM32CubeIDE_1.13.2/STM32CubeIDE/plugins/com.st.stm32cube.ide.mcu.externaltools.gnu-tools-for-stm32.11.3.rel1.win32_1.1.1.202309131626/tools/bin/../lib/gcc/arm-none-eabi/11.3.1/thumb/v7-m/nofp/crtbegin.o
                [!provide]                        PROVIDE (__fini_array_end = .)
                0x000000000800ad28                . = ALIGN (0x4)
                0x000000000800ad28                _sidata = LOADADDR (.data)

.data           0x0000000020000000       0x74 load address 0x000000000800ad28
                0x0000000020000000                . = ALIGN (0x4)
                0x0000000020000000                _sdata = .
 *(.data)
 *(.data*)
 .data.SystemCoreClock
                0x0000000020000000        0x4 ./Core/Src/system_stm32f1xx.o
                0x0000000020000000                SystemCoreClock
 .data.uwTickPrio
                0x0000000020000004        0x4 ./Drivers/STM32F1xx_HAL_Driver/Src/stm32f1xx_hal.o
                0x0000000020000004                uwTickPrio
 .data.uwTickFreq
                0x0000000020000008        0x1 ./Drivers/STM32F1xx_HAL_Driver/Src/stm32f1xx_hal.o
                0x0000000020000008                uwTickFreq
 *fill*         0x0000000020000009        0x3 
 .data.USER_Driver
                0x000000002000000c       0x14 ./FATFS/Target/user_diskio.o
                0x000000002000000c                USER_Driver
 .data.Stat     0x0000000020000020        0x1 ./FATFS/Target/user_diskio_spi.o
 *fill*         0x0000000020000021        0x3 
 .data._impure_data
                0x0000000020000024       0x4c C:/ST/STM32CubeIDE_1.13.2/STM32CubeIDE/plugins/com.st.stm32cube.ide.mcu.externaltools.gnu-tools-for-stm32.11.3.rel1.win32_1.1.1.202309131626/tools/bin/../lib/gcc/arm-none-eabi/11.3.1/../../../../arm-none-eabi/lib/thumb/v7-m/nofp\libc_nano.a(libc_a-impure.o)
                0x0000000020000024                _impure_data
 .data._impure_ptr
                0x0000000020000070        0x4 C:/ST/STM32CubeIDE_1.13.2/STM32CubeIDE/plugins/com.st.stm32cube.ide.mcu.externaltools.gnu-tools-for-stm32.11.3.rel1.win32_1.1.1.202309131626/tools/bin/../lib/gcc/arm-none-eabi/11.3.1/../../../../arm-none-eabi/lib/thumb/v7-m/nofp\libc_nano.a(libc_a-impure.o)
                0x0000000020000070                _impure_ptr
 *(.RamFunc)
 *(.RamFunc*)
                0x0000000020000074                . = ALIGN (0x4)
                0x0000000020000074                _edata = .

.igot.plt       0x0000000020000074        0x0 load address 0x000000000800ad9c
 .igot.plt      0x0000000020000074        0x0 C:/ST/STM32CubeIDE_1.13.2/STM32CubeIDE/plugins/com.st.stm32cube.ide.mcu.externaltools.gnu-tools-for-stm32.11.3.rel1.win32_1.1.1.202309131626/tools/bin/../lib/gcc/arm-none-eabi/11.3.1/thumb/v7-m/nofp/crtbegin.o
                0x0000000020000074                . = ALIGN (0x4)

.bss            0x0000000020000074     0x13f0 load address 0x000000000800ad9c
                0x0000000020000074                _sbss = .
                0x0000000020000074                __bss_start__ = _sbss
 *(.bss)
 .bss           0x0000000020000074       0x1c C:/ST/STM32CubeIDE_1.13.2/STM32CubeIDE/plugins/com.st.stm32cube.ide.mcu.externaltools.gnu-tools-for-stm32.11.3.rel1.win32_1.1.1.202309131626/tools/bin/../lib/gcc/arm-none-eabi/11.3.1/thumb/v7-m/nofp/crtbegin.o
 *(.bss*)
 .bss.ds1307_i2c
                0x0000000020000090        0x4 ./Core/Src/ds1307.o
                0x0000000020000090                ds1307_i2c
 .bss.hadc1     0x0000000020000094       0x30 ./Core/Src/main.o
                0x0000000020000094                hadc1
 .bss.hdma_adc1
                0x00000000200000c4       0x44 ./Core/Src/main.o
                0x00000000200000c4                hdma_adc1
 .bss.hi2c2     0x0000000020000108       0x54 ./Core/Src/main.o
                0x0000000020000108                hi2c2
 .bss.hspi2     0x000000002000015c       0x58 ./Core/Src/main.o
                0x000000002000015c                hspi2
 .bss.htim4     0x00000000200001b4       0x48 ./Core/Src/main.o
                0x00000000200001b4                htim4
 .bss.huart2    0x00000000200001fc       0x48 ./Core/Src/main.o
                0x00000000200001fc                huart2
 .bss.adcBuffer
                0x0000000020000244      0x800 ./Core/Src/main.o
                0x0000000020000244                adcBuffer
 .bss.fs        0x0000000020000a44      0x230 ./Core/Src/main.o
                0x0000000020000a44                fs
 .bss.fil       0x0000000020000c74      0x22c ./Core/Src/main.o
                0x0000000020000c74                fil
 .bss.fresult   0x0000000020000ea0        0x1 ./Core/Src/main.o
                0x0000000020000ea0                fresult
 *fill*         0x0000000020000ea1        0x3 
 .bss.bw        0x0000000020000ea4        0x4 ./Core/Src/main.o
                0x0000000020000ea4                bw
 .bss.buffer    0x0000000020000ea8      0x400 ./Core/Src/main.o
                0x0000000020000ea8                buffer
 .bss.size_control
                0x00000000200012a8        0x4 ./Core/Src/main.o
                0x00000000200012a8                size_control
 .bss.is_started
                0x00000000200012ac        0x1 ./Core/Src/main.o
                0x00000000200012ac                is_started
 .bss.is_stoped
                0x00000000200012ad        0x1 ./Core/Src/main.o
                0x00000000200012ad                is_stoped
 *fill*         0x00000000200012ae        0x2 
 .bss.delay_time
                0x00000000200012b0        0x4 ./Core/Src/main.o
                0x00000000200012b0                delay_time
 .bss.receive_uart_buffer
                0x00000000200012b4       0x19 ./Core/Src/main.o
                0x00000000200012b4                receive_uart_buffer
 *fill*         0x00000000200012cd        0x3 
 .bss.start_time
                0x00000000200012d0        0x4 ./Core/Src/main.o
                0x00000000200012d0                start_time
 .bss.__sbrk_heap_end
                0x00000000200012d4        0x4 ./Core/Src/sysmem.o
 .bss.uwTick    0x00000000200012d8        0x4 ./Drivers/STM32F1xx_HAL_Driver/Src/stm32f1xx_hal.o
                0x00000000200012d8                uwTick
 .bss.retUSER   0x00000000200012dc        0x1 ./FATFS/App/fatfs.o
                0x00000000200012dc                retUSER
 *fill*         0x00000000200012dd        0x3 
 .bss.USERPath  0x00000000200012e0        0x4 ./FATFS/App/fatfs.o
                0x00000000200012e0                USERPath
 .bss.CardType  0x00000000200012e4        0x1 ./FATFS/Target/user_diskio_spi.o
 *fill*         0x00000000200012e5        0x3 
 .bss.spiTimerTickStart
                0x00000000200012e8        0x4 ./FATFS/Target/user_diskio_spi.o
                0x00000000200012e8                spiTimerTickStart
 .bss.spiTimerTickDelay
                0x00000000200012ec        0x4 ./FATFS/Target/user_diskio_spi.o
                0x00000000200012ec                spiTimerTickDelay
 .bss.FatFs     0x00000000200012f0        0x4 ./Middlewares/Third_Party/FatFs/src/ff.o
 .bss.Fsid      0x00000000200012f4        0x2 ./Middlewares/Third_Party/FatFs/src/ff.o
 *fill*         0x00000000200012f6        0x2 
 .bss.Files     0x00000000200012f8       0x18 ./Middlewares/Third_Party/FatFs/src/ff.o
 .bss.disk      0x0000000020001310        0xc ./Middlewares/Third_Party/FatFs/src/ff_gen_drv.o
                0x0000000020001310                disk
 .bss.__malloc_free_list
                0x000000002000131c        0x4 C:/ST/STM32CubeIDE_1.13.2/STM32CubeIDE/plugins/com.st.stm32cube.ide.mcu.externaltools.gnu-tools-for-stm32.11.3.rel1.win32_1.1.1.202309131626/tools/bin/../lib/gcc/arm-none-eabi/11.3.1/../../../../arm-none-eabi/lib/thumb/v7-m/nofp\libc_nano.a(libc_a-mallocr.o)
                0x000000002000131c                __malloc_free_list
 .bss.__malloc_sbrk_start
                0x0000000020001320        0x4 C:/ST/STM32CubeIDE_1.13.2/STM32CubeIDE/plugins/com.st.stm32cube.ide.mcu.externaltools.gnu-tools-for-stm32.11.3.rel1.win32_1.1.1.202309131626/tools/bin/../lib/gcc/arm-none-eabi/11.3.1/../../../../arm-none-eabi/lib/thumb/v7-m/nofp\libc_nano.a(libc_a-mallocr.o)
                0x0000000020001320                __malloc_sbrk_start
 .bss.__sf      0x0000000020001324      0x138 C:/ST/STM32CubeIDE_1.13.2/STM32CubeIDE/plugins/com.st.stm32cube.ide.mcu.externaltools.gnu-tools-for-stm32.11.3.rel1.win32_1.1.1.202309131626/tools/bin/../lib/gcc/arm-none-eabi/11.3.1/../../../../arm-none-eabi/lib/thumb/v7-m/nofp\libc_nano.a(libc_a-findfp.o)
                0x0000000020001324                __sf
 .bss.errno     0x000000002000145c        0x4 C:/ST/STM32CubeIDE_1.13.2/STM32CubeIDE/plugins/com.st.stm32cube.ide.mcu.externaltools.gnu-tools-for-stm32.11.3.rel1.win32_1.1.1.202309131626/tools/bin/../lib/gcc/arm-none-eabi/11.3.1/../../../../arm-none-eabi/lib/thumb/v7-m/nofp\libc_nano.a(libc_a-reent.o)
                0x000000002000145c                errno
 .bss.__lock___malloc_recursive_mutex
                0x0000000020001460        0x1 C:/ST/STM32CubeIDE_1.13.2/STM32CubeIDE/plugins/com.st.stm32cube.ide.mcu.externaltools.gnu-tools-for-stm32.11.3.rel1.win32_1.1.1.202309131626/tools/bin/../lib/gcc/arm-none-eabi/11.3.1/../../../../arm-none-eabi/lib/thumb/v7-m/nofp\libc_nano.a(libc_a-lock.o)
                0x0000000020001460                __lock___malloc_recursive_mutex
 *(COMMON)
                0x0000000020001464                . = ALIGN (0x4)
 *fill*         0x0000000020001461        0x3 
                0x0000000020001464                _ebss = .
                0x0000000020001464                __bss_end__ = _ebss

._user_heap_stack
                0x0000000020001464      0x604 load address 0x000000000800ad9c
                0x0000000020001468                . = ALIGN (0x8)
 *fill*         0x0000000020001464        0x4 
                [!provide]                        PROVIDE (end = .)
                0x0000000020001468                PROVIDE (_end = .)
                0x0000000020001668                . = (. + _Min_Heap_Size)
 *fill*         0x0000000020001468      0x200 
                0x0000000020001a68                . = (. + _Min_Stack_Size)
 *fill*         0x0000000020001668      0x400 
                0x0000000020001a68                . = ALIGN (0x8)

/DISCARD/
 libc.a(*)
 libm.a(*)
 libgcc.a(*)

.ARM.attributes
                0x0000000000000000       0x29
 *(.ARM.attributes)
 .ARM.attributes
                0x0000000000000000       0x1d C:/ST/STM32CubeIDE_1.13.2/STM32CubeIDE/plugins/com.st.stm32cube.ide.mcu.externaltools.gnu-tools-for-stm32.11.3.rel1.win32_1.1.1.202309131626/tools/bin/../lib/gcc/arm-none-eabi/11.3.1/thumb/v7-m/nofp/crti.o
 .ARM.attributes
                0x000000000000001d       0x2d C:/ST/STM32CubeIDE_1.13.2/STM32CubeIDE/plugins/com.st.stm32cube.ide.mcu.externaltools.gnu-tools-for-stm32.11.3.rel1.win32_1.1.1.202309131626/tools/bin/../lib/gcc/arm-none-eabi/11.3.1/thumb/v7-m/nofp/crtbegin.o
 .ARM.attributes
                0x000000000000004a       0x2d ./Core/Src/command_vibric.o
 .ARM.attributes
                0x0000000000000077       0x2d ./Core/Src/ds1307.o
 .ARM.attributes
                0x00000000000000a4       0x2d ./Core/Src/main.o
 .ARM.attributes
                0x00000000000000d1       0x2d ./Core/Src/stm32f1xx_hal_msp.o
 .ARM.attributes
                0x00000000000000fe       0x2d ./Core/Src/stm32f1xx_it.o
 .ARM.attributes
                0x000000000000012b       0x2d ./Core/Src/sysmem.o
 .ARM.attributes
                0x0000000000000158       0x2d ./Core/Src/system_stm32f1xx.o
 .ARM.attributes
                0x0000000000000185       0x21 ./Core/Startup/startup_stm32f103rbtx.o
 .ARM.attributes
                0x00000000000001a6       0x2d ./Drivers/STM32F1xx_HAL_Driver/Src/stm32f1xx_hal.o
 .ARM.attributes
                0x00000000000001d3       0x2d ./Drivers/STM32F1xx_HAL_Driver/Src/stm32f1xx_hal_adc.o
 .ARM.attributes
                0x0000000000000200       0x2d ./Drivers/STM32F1xx_HAL_Driver/Src/stm32f1xx_hal_adc_ex.o
 .ARM.attributes
                0x000000000000022d       0x2d ./Drivers/STM32F1xx_HAL_Driver/Src/stm32f1xx_hal_cortex.o
 .ARM.attributes
                0x000000000000025a       0x2d ./Drivers/STM32F1xx_HAL_Driver/Src/stm32f1xx_hal_dma.o
 .ARM.attributes
                0x0000000000000287       0x2d ./Drivers/STM32F1xx_HAL_Driver/Src/stm32f1xx_hal_gpio.o
 .ARM.attributes
                0x00000000000002b4       0x2d ./Drivers/STM32F1xx_HAL_Driver/Src/stm32f1xx_hal_i2c.o
 .ARM.attributes
                0x00000000000002e1       0x2d ./Drivers/STM32F1xx_HAL_Driver/Src/stm32f1xx_hal_rcc.o
 .ARM.attributes
                0x000000000000030e       0x2d ./Drivers/STM32F1xx_HAL_Driver/Src/stm32f1xx_hal_rcc_ex.o
 .ARM.attributes
                0x000000000000033b       0x2d ./Drivers/STM32F1xx_HAL_Driver/Src/stm32f1xx_hal_spi.o
 .ARM.attributes
                0x0000000000000368       0x2d ./Drivers/STM32F1xx_HAL_Driver/Src/stm32f1xx_hal_tim.o
 .ARM.attributes
                0x0000000000000395       0x2d ./Drivers/STM32F1xx_HAL_Driver/Src/stm32f1xx_hal_tim_ex.o
 .ARM.attributes
                0x00000000000003c2       0x2d ./Drivers/STM32F1xx_HAL_Driver/Src/stm32f1xx_hal_uart.o
 .ARM.attributes
                0x00000000000003ef       0x2d ./FATFS/App/fatfs.o
 .ARM.attributes
                0x000000000000041c       0x2d ./FATFS/Target/user_diskio.o
 .ARM.attributes
                0x0000000000000449       0x2d ./FATFS/Target/user_diskio_spi.o
 .ARM.attributes
                0x0000000000000476       0x2d ./Middlewares/Third_Party/FatFs/src/diskio.o
 .ARM.attributes
                0x00000000000004a3       0x2d ./Middlewares/Third_Party/FatFs/src/ff.o
 .ARM.attributes
                0x00000000000004d0       0x2d ./Middlewares/Third_Party/FatFs/src/ff_gen_drv.o
 .ARM.attributes
                0x00000000000004fd       0x2d C:/ST/STM32CubeIDE_1.13.2/STM32CubeIDE/plugins/com.st.stm32cube.ide.mcu.externaltools.gnu-tools-for-stm32.11.3.rel1.win32_1.1.1.202309131626/tools/bin/../lib/gcc/arm-none-eabi/11.3.1/../../../../arm-none-eabi/lib/thumb/v7-m/nofp\libc_nano.a(libc_a-malloc.o)
 .ARM.attributes
                0x000000000000052a       0x2d C:/ST/STM32CubeIDE_1.13.2/STM32CubeIDE/plugins/com.st.stm32cube.ide.mcu.externaltools.gnu-tools-for-stm32.11.3.rel1.win32_1.1.1.202309131626/tools/bin/../lib/gcc/arm-none-eabi/11.3.1/../../../../arm-none-eabi/lib/thumb/v7-m/nofp\libc_nano.a(libc_a-mallocr.o)
 .ARM.attributes
                0x0000000000000557       0x2d C:/ST/STM32CubeIDE_1.13.2/STM32CubeIDE/plugins/com.st.stm32cube.ide.mcu.externaltools.gnu-tools-for-stm32.11.3.rel1.win32_1.1.1.202309131626/tools/bin/../lib/gcc/arm-none-eabi/11.3.1/../../../../arm-none-eabi/lib/thumb/v7-m/nofp\libc_nano.a(libc_a-mlock.o)
 .ARM.attributes
                0x0000000000000584       0x2d C:/ST/STM32CubeIDE_1.13.2/STM32CubeIDE/plugins/com.st.stm32cube.ide.mcu.externaltools.gnu-tools-for-stm32.11.3.rel1.win32_1.1.1.202309131626/tools/bin/../lib/gcc/arm-none-eabi/11.3.1/../../../../arm-none-eabi/lib/thumb/v7-m/nofp\libc_nano.a(libc_a-findfp.o)
 .ARM.attributes
                0x00000000000005b1       0x2d C:/ST/STM32CubeIDE_1.13.2/STM32CubeIDE/plugins/com.st.stm32cube.ide.mcu.externaltools.gnu-tools-for-stm32.11.3.rel1.win32_1.1.1.202309131626/tools/bin/../lib/gcc/arm-none-eabi/11.3.1/../../../../arm-none-eabi/lib/thumb/v7-m/nofp\libc_nano.a(libc_a-sprintf.o)
 .ARM.attributes
                0x00000000000005de       0x2d C:/ST/STM32CubeIDE_1.13.2/STM32CubeIDE/plugins/com.st.stm32cube.ide.mcu.externaltools.gnu-tools-for-stm32.11.3.rel1.win32_1.1.1.202309131626/tools/bin/../lib/gcc/arm-none-eabi/11.3.1/../../../../arm-none-eabi/lib/thumb/v7-m/nofp\libc_nano.a(libc_a-sscanf.o)
 .ARM.attributes
                0x000000000000060b       0x2d C:/ST/STM32CubeIDE_1.13.2/STM32CubeIDE/plugins/com.st.stm32cube.ide.mcu.externaltools.gnu-tools-for-stm32.11.3.rel1.win32_1.1.1.202309131626/tools/bin/../lib/gcc/arm-none-eabi/11.3.1/../../../../arm-none-eabi/lib/thumb/v7-m/nofp\libc_nano.a(libc_a-stdio.o)
 .ARM.attributes
                0x0000000000000638       0x2d C:/ST/STM32CubeIDE_1.13.2/STM32CubeIDE/plugins/com.st.stm32cube.ide.mcu.externaltools.gnu-tools-for-stm32.11.3.rel1.win32_1.1.1.202309131626/tools/bin/../lib/gcc/arm-none-eabi/11.3.1/../../../../arm-none-eabi/lib/thumb/v7-m/nofp\libc_nano.a(libc_a-memset.o)
 .ARM.attributes
                0x0000000000000665       0x2d C:/ST/STM32CubeIDE_1.13.2/STM32CubeIDE/plugins/com.st.stm32cube.ide.mcu.externaltools.gnu-tools-for-stm32.11.3.rel1.win32_1.1.1.202309131626/tools/bin/../lib/gcc/arm-none-eabi/11.3.1/../../../../arm-none-eabi/lib/thumb/v7-m/nofp\libc_nano.a(libc_a-reent.o)
 .ARM.attributes
                0x0000000000000692       0x2d C:/ST/STM32CubeIDE_1.13.2/STM32CubeIDE/plugins/com.st.stm32cube.ide.mcu.externaltools.gnu-tools-for-stm32.11.3.rel1.win32_1.1.1.202309131626/tools/bin/../lib/gcc/arm-none-eabi/11.3.1/../../../../arm-none-eabi/lib/thumb/v7-m/nofp\libc_nano.a(libc_a-impure.o)
 .ARM.attributes
                0x00000000000006bf       0x2d C:/ST/STM32CubeIDE_1.13.2/STM32CubeIDE/plugins/com.st.stm32cube.ide.mcu.externaltools.gnu-tools-for-stm32.11.3.rel1.win32_1.1.1.202309131626/tools/bin/../lib/gcc/arm-none-eabi/11.3.1/../../../../arm-none-eabi/lib/thumb/v7-m/nofp\libc_nano.a(libc_a-sbrkr.o)
 .ARM.attributes
                0x00000000000006ec       0x2d C:/ST/STM32CubeIDE_1.13.2/STM32CubeIDE/plugins/com.st.stm32cube.ide.mcu.externaltools.gnu-tools-for-stm32.11.3.rel1.win32_1.1.1.202309131626/tools/bin/../lib/gcc/arm-none-eabi/11.3.1/../../../../arm-none-eabi/lib/thumb/v7-m/nofp\libc_nano.a(libc_a-errno.o)
 .ARM.attributes
                0x0000000000000719       0x2d C:/ST/STM32CubeIDE_1.13.2/STM32CubeIDE/plugins/com.st.stm32cube.ide.mcu.externaltools.gnu-tools-for-stm32.11.3.rel1.win32_1.1.1.202309131626/tools/bin/../lib/gcc/arm-none-eabi/11.3.1/../../../../arm-none-eabi/lib/thumb/v7-m/nofp\libc_nano.a(libc_a-init.o)
 .ARM.attributes
                0x0000000000000746       0x2d C:/ST/STM32CubeIDE_1.13.2/STM32CubeIDE/plugins/com.st.stm32cube.ide.mcu.externaltools.gnu-tools-for-stm32.11.3.rel1.win32_1.1.1.202309131626/tools/bin/../lib/gcc/arm-none-eabi/11.3.1/../../../../arm-none-eabi/lib/thumb/v7-m/nofp\libc_nano.a(libc_a-lock.o)
 .ARM.attributes
                0x0000000000000773       0x1b C:/ST/STM32CubeIDE_1.13.2/STM32CubeIDE/plugins/com.st.stm32cube.ide.mcu.externaltools.gnu-tools-for-stm32.11.3.rel1.win32_1.1.1.202309131626/tools/bin/../lib/gcc/arm-none-eabi/11.3.1/../../../../arm-none-eabi/lib/thumb/v7-m/nofp\libc_nano.a(libc_a-strcmp.o)
 .ARM.attributes
                0x000000000000078e       0x2d C:/ST/STM32CubeIDE_1.13.2/STM32CubeIDE/plugins/com.st.stm32cube.ide.mcu.externaltools.gnu-tools-for-stm32.11.3.rel1.win32_1.1.1.202309131626/tools/bin/../lib/gcc/arm-none-eabi/11.3.1/../../../../arm-none-eabi/lib/thumb/v7-m/nofp\libc_nano.a(libc_a-memcpy-stub.o)
 .ARM.attributes
                0x00000000000007bb       0x17 C:/ST/STM32CubeIDE_1.13.2/STM32CubeIDE/plugins/com.st.stm32cube.ide.mcu.externaltools.gnu-tools-for-stm32.11.3.rel1.win32_1.1.1.202309131626/tools/bin/../lib/gcc/arm-none-eabi/11.3.1/../../../../arm-none-eabi/lib/thumb/v7-m/nofp\libc_nano.a(libc_a-strlen.o)
 .ARM.attributes
                0x00000000000007d2       0x2d C:/ST/STM32CubeIDE_1.13.2/STM32CubeIDE/plugins/com.st.stm32cube.ide.mcu.externaltools.gnu-tools-for-stm32.11.3.rel1.win32_1.1.1.202309131626/tools/bin/../lib/gcc/arm-none-eabi/11.3.1/../../../../arm-none-eabi/lib/thumb/v7-m/nofp\libc_nano.a(libc_a-freer.o)
 .ARM.attributes
                0x00000000000007ff       0x2d C:/ST/STM32CubeIDE_1.13.2/STM32CubeIDE/plugins/com.st.stm32cube.ide.mcu.externaltools.gnu-tools-for-stm32.11.3.rel1.win32_1.1.1.202309131626/tools/bin/../lib/gcc/arm-none-eabi/11.3.1/../../../../arm-none-eabi/lib/thumb/v7-m/nofp\libc_nano.a(libc_a-nano-svfprintf.o)
 .ARM.attributes
                0x000000000000082c       0x2d C:/ST/STM32CubeIDE_1.13.2/STM32CubeIDE/plugins/com.st.stm32cube.ide.mcu.externaltools.gnu-tools-for-stm32.11.3.rel1.win32_1.1.1.202309131626/tools/bin/../lib/gcc/arm-none-eabi/11.3.1/../../../../arm-none-eabi/lib/thumb/v7-m/nofp\libc_nano.a(libc_a-nano-svfscanf.o)
 .ARM.attributes
                0x0000000000000859       0x2d C:/ST/STM32CubeIDE_1.13.2/STM32CubeIDE/plugins/com.st.stm32cube.ide.mcu.externaltools.gnu-tools-for-stm32.11.3.rel1.win32_1.1.1.202309131626/tools/bin/../lib/gcc/arm-none-eabi/11.3.1/../../../../arm-none-eabi/lib/thumb/v7-m/nofp\libc_nano.a(libc_a-nano-vfprintf_i.o)
 .ARM.attributes
                0x0000000000000886       0x2d C:/ST/STM32CubeIDE_1.13.2/STM32CubeIDE/plugins/com.st.stm32cube.ide.mcu.externaltools.gnu-tools-for-stm32.11.3.rel1.win32_1.1.1.202309131626/tools/bin/../lib/gcc/arm-none-eabi/11.3.1/../../../../arm-none-eabi/lib/thumb/v7-m/nofp\libc_nano.a(libc_a-nano-vfscanf_i.o)
 .ARM.attributes
                0x00000000000008b3       0x2d C:/ST/STM32CubeIDE_1.13.2/STM32CubeIDE/plugins/com.st.stm32cube.ide.mcu.externaltools.gnu-tools-for-stm32.11.3.rel1.win32_1.1.1.202309131626/tools/bin/../lib/gcc/arm-none-eabi/11.3.1/../../../../arm-none-eabi/lib/thumb/v7-m/nofp\libc_nano.a(libc_a-sccl.o)
 .ARM.attributes
                0x00000000000008e0       0x2d C:/ST/STM32CubeIDE_1.13.2/STM32CubeIDE/plugins/com.st.stm32cube.ide.mcu.externaltools.gnu-tools-for-stm32.11.3.rel1.win32_1.1.1.202309131626/tools/bin/../lib/gcc/arm-none-eabi/11.3.1/../../../../arm-none-eabi/lib/thumb/v7-m/nofp\libc_nano.a(libc_a-ungetc.o)
 .ARM.attributes
                0x000000000000090d       0x2d C:/ST/STM32CubeIDE_1.13.2/STM32CubeIDE/plugins/com.st.stm32cube.ide.mcu.externaltools.gnu-tools-for-stm32.11.3.rel1.win32_1.1.1.202309131626/tools/bin/../lib/gcc/arm-none-eabi/11.3.1/../../../../arm-none-eabi/lib/thumb/v7-m/nofp\libc_nano.a(libc_a-memmove.o)
 .ARM.attributes
                0x000000000000093a       0x2d C:/ST/STM32CubeIDE_1.13.2/STM32CubeIDE/plugins/com.st.stm32cube.ide.mcu.externaltools.gnu-tools-for-stm32.11.3.rel1.win32_1.1.1.202309131626/tools/bin/../lib/gcc/arm-none-eabi/11.3.1/../../../../arm-none-eabi/lib/thumb/v7-m/nofp\libc_nano.a(libc_a-memchr-stub.o)
 .ARM.attributes
                0x0000000000000967       0x2d C:/ST/STM32CubeIDE_1.13.2/STM32CubeIDE/plugins/com.st.stm32cube.ide.mcu.externaltools.gnu-tools-for-stm32.11.3.rel1.win32_1.1.1.202309131626/tools/bin/../lib/gcc/arm-none-eabi/11.3.1/../../../../arm-none-eabi/lib/thumb/v7-m/nofp\libc_nano.a(libc_a-reallocr.o)
 .ARM.attributes
                0x0000000000000994       0x2d C:/ST/STM32CubeIDE_1.13.2/STM32CubeIDE/plugins/com.st.stm32cube.ide.mcu.externaltools.gnu-tools-for-stm32.11.3.rel1.win32_1.1.1.202309131626/tools/bin/../lib/gcc/arm-none-eabi/11.3.1/../../../../arm-none-eabi/lib/thumb/v7-m/nofp\libc_nano.a(libc_a-strtol.o)
 .ARM.attributes
                0x00000000000009c1       0x2d C:/ST/STM32CubeIDE_1.13.2/STM32CubeIDE/plugins/com.st.stm32cube.ide.mcu.externaltools.gnu-tools-for-stm32.11.3.rel1.win32_1.1.1.202309131626/tools/bin/../lib/gcc/arm-none-eabi/11.3.1/../../../../arm-none-eabi/lib/thumb/v7-m/nofp\libc_nano.a(libc_a-strtoul.o)
 .ARM.attributes
                0x00000000000009ee       0x2d C:/ST/STM32CubeIDE_1.13.2/STM32CubeIDE/plugins/com.st.stm32cube.ide.mcu.externaltools.gnu-tools-for-stm32.11.3.rel1.win32_1.1.1.202309131626/tools/bin/../lib/gcc/arm-none-eabi/11.3.1/../../../../arm-none-eabi/lib/thumb/v7-m/nofp\libc_nano.a(libc_a-ctype_.o)
 .ARM.attributes
                0x0000000000000a1b       0x2d C:/ST/STM32CubeIDE_1.13.2/STM32CubeIDE/plugins/com.st.stm32cube.ide.mcu.externaltools.gnu-tools-for-stm32.11.3.rel1.win32_1.1.1.202309131626/tools/bin/../lib/gcc/arm-none-eabi/11.3.1/../../../../arm-none-eabi/lib/thumb/v7-m/nofp\libc_nano.a(libc_a-msizer.o)
 .ARM.attributes
                0x0000000000000a48       0x1d C:/ST/STM32CubeIDE_1.13.2/STM32CubeIDE/plugins/com.st.stm32cube.ide.mcu.externaltools.gnu-tools-for-stm32.11.3.rel1.win32_1.1.1.202309131626/tools/bin/../lib/gcc/arm-none-eabi/11.3.1/thumb/v7-m/nofp/crtn.o
OUTPUT(Vibrationv1.0.elf elf32-littlearm)
LOAD linker stubs
LOAD C:/ST/STM32CubeIDE_1.13.2/STM32CubeIDE/plugins/com.st.stm32cube.ide.mcu.externaltools.gnu-tools-for-stm32.11.3.rel1.win32_1.1.1.202309131626/tools/bin/../lib/gcc/arm-none-eabi/11.3.1/../../../../arm-none-eabi/lib/thumb/v7-m/nofp\libc.a
LOAD C:/ST/STM32CubeIDE_1.13.2/STM32CubeIDE/plugins/com.st.stm32cube.ide.mcu.externaltools.gnu-tools-for-stm32.11.3.rel1.win32_1.1.1.202309131626/tools/bin/../lib/gcc/arm-none-eabi/11.3.1/../../../../arm-none-eabi/lib/thumb/v7-m/nofp\libm.a
LOAD C:/ST/STM32CubeIDE_1.13.2/STM32CubeIDE/plugins/com.st.stm32cube.ide.mcu.externaltools.gnu-tools-for-stm32.11.3.rel1.win32_1.1.1.202309131626/tools/bin/../lib/gcc/arm-none-eabi/11.3.1/thumb/v7-m/nofp\libgcc.a

.comment        0x0000000000000000       0x43
 .comment       0x0000000000000000       0x43 C:/ST/STM32CubeIDE_1.13.2/STM32CubeIDE/plugins/com.st.stm32cube.ide.mcu.externaltools.gnu-tools-for-stm32.11.3.rel1.win32_1.1.1.202309131626/tools/bin/../lib/gcc/arm-none-eabi/11.3.1/thumb/v7-m/nofp/crtbegin.o
                                         0x44 (size before relaxing)
 .comment       0x0000000000000043       0x44 ./Core/Src/command_vibric.o
 .comment       0x0000000000000043       0x44 ./Core/Src/ds1307.o
 .comment       0x0000000000000043       0x44 ./Core/Src/main.o
 .comment       0x0000000000000043       0x44 ./Core/Src/stm32f1xx_hal_msp.o
 .comment       0x0000000000000043       0x44 ./Core/Src/stm32f1xx_it.o
 .comment       0x0000000000000043       0x44 ./Core/Src/sysmem.o
 .comment       0x0000000000000043       0x44 ./Core/Src/system_stm32f1xx.o
 .comment       0x0000000000000043       0x44 ./Drivers/STM32F1xx_HAL_Driver/Src/stm32f1xx_hal.o
 .comment       0x0000000000000043       0x44 ./Drivers/STM32F1xx_HAL_Driver/Src/stm32f1xx_hal_adc.o
 .comment       0x0000000000000043       0x44 ./Drivers/STM32F1xx_HAL_Driver/Src/stm32f1xx_hal_adc_ex.o
 .comment       0x0000000000000043       0x44 ./Drivers/STM32F1xx_HAL_Driver/Src/stm32f1xx_hal_cortex.o
 .comment       0x0000000000000043       0x44 ./Drivers/STM32F1xx_HAL_Driver/Src/stm32f1xx_hal_dma.o