Archive member included to satisfy reference by file (symbol)

C:/ST/STM32CubeIDE_1.13.2/STM32CubeIDE/plugins/com.st.stm32cube.ide.mcu.externaltools.gnu-tools-for-stm32.11.3.rel1.win32_1.1.1.202309131626/tools/bin/../lib/gcc/arm-none-eabi/11.3.1/../../../../arm-none-eabi/lib/thumb/v7-m/nofp\libc_nano.a(libc_a-exit.o)
                              C:/ST/STM32CubeIDE_1.13.2/STM32CubeIDE/plugins/com.st.stm32cube.ide.mcu.externaltools.gnu-tools-for-stm32.11.3.rel1.win32_1.1.1.202309131626/tools/bin/../lib/gcc/arm-none-eabi/11.3.1/../../../../arm-none-eabi/lib/thumb/v7-m/nofp/crt0.o (exit)
C:/ST/STM32CubeIDE_1.13.2/STM32CubeIDE/plugins/com.st.stm32cube.ide.mcu.externaltools.gnu-tools-for-stm32.11.3.rel1.win32_1.1.1.202309131626/tools/bin/../lib/gcc/arm-none-eabi/11.3.1/../../../../arm-none-eabi/lib/thumb/v7-m/nofp\libc_nano.a(libc_a-findfp.o)
                              C:/ST/STM32CubeIDE_1.13.2/STM32CubeIDE/plugins/com.st.stm32cube.ide.mcu.externaltools.gnu-tools-for-stm32.11.3.rel1.win32_1.1.1.202309131626/tools/bin/../lib/gcc/arm-none-eabi/11.3.1/../../../../arm-none-eabi/lib/thumb/v7-m/nofp\libc_nano.a(libc_a-exit.o) (__stdio_exit_handler)
C:/ST/STM32CubeIDE_1.13.2/STM32CubeIDE/plugins/com.st.stm32cube.ide.mcu.externaltools.gnu-tools-for-stm32.11.3.rel1.win32_1.1.1.202309131626/tools/bin/../lib/gcc/arm-none-eabi/11.3.1/../../../../arm-none-eabi/lib/thumb/v7-m/nofp\libc_nano.a(libc_a-fwalk.o)
                              C:/ST/STM32CubeIDE_1.13.2/STM32CubeIDE/plugins/com.st.stm32cube.ide.mcu.externaltools.gnu-tools-for-stm32.11.3.rel1.win32_1.1.1.202309131626/tools/bin/../lib/gcc/arm-none-eabi/11.3.1/../../../../arm-none-eabi/lib/thumb/v7-m/nofp\libc_nano.a(libc_a-findfp.o) (_fwalk_sglue)
C:/ST/STM32CubeIDE_1.13.2/STM32CubeIDE/plugins/com.st.stm32cube.ide.mcu.externaltools.gnu-tools-for-stm32.11.3.rel1.win32_1.1.1.202309131626/tools/bin/../lib/gcc/arm-none-eabi/11.3.1/../../../../arm-none-eabi/lib/thumb/v7-m/nofp\libc_nano.a(libc_a-stdio.o)
                              C:/ST/STM32CubeIDE_1.13.2/STM32CubeIDE/plugins/com.st.stm32cube.ide.mcu.externaltools.gnu-tools-for-stm32.11.3.rel1.win32_1.1.1.202309131626/tools/bin/../lib/gcc/arm-none-eabi/11.3.1/../../../../arm-none-eabi/lib/thumb/v7-m/nofp\libc_nano.a(libc_a-findfp.o) (__sread)
C:/ST/STM32CubeIDE_1.13.2/STM32CubeIDE/plugins/com.st.stm32cube.ide.mcu.externaltools.gnu-tools-for-stm32.11.3.rel1.win32_1.1.1.202309131626/tools/bin/../lib/gcc/arm-none-eabi/11.3.1/../../../../arm-none-eabi/lib/thumb/v7-m/nofp\libc_nano.a(libc_a-memset.o)
                              C:/ST/STM32CubeIDE_1.13.2/STM32CubeIDE/plugins/com.st.stm32cube.ide.mcu.externaltools.gnu-tools-for-stm32.11.3.rel1.win32_1.1.1.202309131626/tools/bin/../lib/gcc/arm-none-eabi/11.3.1/../../../../arm-none-eabi/lib/thumb/v7-m/nofp/crt0.o (memset)
C:/ST/STM32CubeIDE_1.13.2/STM32CubeIDE/plugins/com.st.stm32cube.ide.mcu.externaltools.gnu-tools-for-stm32.11.3.rel1.win32_1.1.1.202309131626/tools/bin/../lib/gcc/arm-none-eabi/11.3.1/../../../../arm-none-eabi/lib/thumb/v7-m/nofp\libc_nano.a(libc_a-closer.o)
                              C:/ST/STM32CubeIDE_1.13.2/STM32CubeIDE/plugins/com.st.stm32cube.ide.mcu.externaltools.gnu-tools-for-stm32.11.3.rel1.win32_1.1.1.202309131626/tools/bin/../lib/gcc/arm-none-eabi/11.3.1/../../../../arm-none-eabi/lib/thumb/v7-m/nofp\libc_nano.a(libc_a-stdio.o) (_close_r)
C:/ST/STM32CubeIDE_1.13.2/STM32CubeIDE/plugins/com.st.stm32cube.ide.mcu.externaltools.gnu-tools-for-stm32.11.3.rel1.win32_1.1.1.202309131626/tools/bin/../lib/gcc/arm-none-eabi/11.3.1/../../../../arm-none-eabi/lib/thumb/v7-m/nofp\libc_nano.a(libc_a-reent.o)
                              C:/ST/STM32CubeIDE_1.13.2/STM32CubeIDE/plugins/com.st.stm32cube.ide.mcu.externaltools.gnu-tools-for-stm32.11.3.rel1.win32_1.1.1.202309131626/tools/bin/../lib/gcc/arm-none-eabi/11.3.1/../../../../arm-none-eabi/lib/thumb/v7-m/nofp\libc_nano.a(libc_a-closer.o) (errno)
C:/ST/STM32CubeIDE_1.13.2/STM32CubeIDE/plugins/com.st.stm32cube.ide.mcu.externaltools.gnu-tools-for-stm32.11.3.rel1.win32_1.1.1.202309131626/tools/bin/../lib/gcc/arm-none-eabi/11.3.1/../../../../arm-none-eabi/lib/thumb/v7-m/nofp\libc_nano.a(libc_a-impure.o)
                              C:/ST/STM32CubeIDE_1.13.2/STM32CubeIDE/plugins/com.st.stm32cube.ide.mcu.externaltools.gnu-tools-for-stm32.11.3.rel1.win32_1.1.1.202309131626/tools/bin/../lib/gcc/arm-none-eabi/11.3.1/../../../../arm-none-eabi/lib/thumb/v7-m/nofp\libc_nano.a(libc_a-reent.o) (_impure_ptr)
C:/ST/STM32CubeIDE_1.13.2/STM32CubeIDE/plugins/com.st.stm32cube.ide.mcu.externaltools.gnu-tools-for-stm32.11.3.rel1.win32_1.1.1.202309131626/tools/bin/../lib/gcc/arm-none-eabi/11.3.1/../../../../arm-none-eabi/lib/thumb/v7-m/nofp\libc_nano.a(libc_a-lseekr.o)
[...]
Memory Configuration

Name             Origin             Length             Attributes
RAM              0x0000000020000000 0x0000000000005000 xrw
FLASH            0x0000000008000000 0x0000000000020000 xr
*default*        0x0000000000000000 0xffffffffffffffff

Linker script and memory map

LOAD C:/ST/STM32CubeIDE_1.13.2/STM32CubeIDE/plugins/com.st.stm32cube.ide.mcu.externaltools.gnu-tools-for-stm32.11.3.rel1.win32_1.1.1.202309131626/tools/bin/../lib/gcc/arm-none-eabi/11.3.1/thumb/v7-m/nofp/crti.o
LOAD C:/ST/STM32CubeIDE_1.13.2/STM32CubeIDE/plugins/com.st.stm32cube.ide.mcu.externaltools.gnu-tools-for-stm32.11.3.rel1.win32_1.1.1.202309131626/tools/bin/../lib/gcc/arm-none-eabi/11.3.1/thumb/v7-m/nofp/crtbegin.o
LOAD C:/ST/STM32CubeIDE_1.13.2/STM32CubeIDE/plugins/com.st.stm32cube.ide.mcu.externaltools.gnu-tools-for-stm32.11.3.rel1.win32_1.1.1.202309131626/tools/bin/../lib/gcc/arm-none-eabi/11.3.1/../../../../arm-none-eabi/lib/thumb/v7-m/nofp/crt0.o
LOAD ./Core/Src/main.o
LOAD ./Core/Src/stm32f1xx_hal_msp.o
LOAD ./Core/Src/stm32f1xx_it.o
LOAD ./Core/Src/syscalls.o
LOAD ./Core/Src/sysmem.o
LOAD ./Core/Src/system_stm32f1xx.o
LOAD ./Core/Src/vibric.o
LOAD ./Core/Startup/startup_stm32f103rbtx.o
LOAD ./Drivers/STM32F1xx_HAL_Driver/Src/stm32f1xx_hal.o
LOAD ./Drivers/STM32F1xx_HAL_Driver/Src/stm32f1xx_hal_adc.o
LOAD ./Drivers/STM32F1xx_HAL_Driver/Src/stm32f1xx_hal_adc_ex.o
LOAD ./Drivers/STM32F1xx_HAL_Driver/Src/stm32f1xx_hal_cortex.o
LOAD ./Drivers/STM32F1xx_HAL_Driver/Src/stm32f1xx_hal_dma.o
LOAD ./Drivers/STM32F1xx_HAL_Driver/Src/stm32f1xx_hal_exti.o
LOAD ./Drivers/STM32F1xx_HAL_Driver/Src/stm32f1xx_hal_flash.o
LOAD ./Drivers/STM32F1xx_HAL_Driver/Src/stm32f1xx_hal_flash_ex.o
LOAD ./Drivers/STM32F1xx_HAL_Driver/Src/stm32f1xx_hal_gpio.o
LOAD ./Drivers/STM32F1xx_HAL_Driver/Src/stm32f1xx_hal_gpio_ex.o
LOAD ./Drivers/STM32F1xx_HAL_Driver/Src/stm32f1xx_hal_pwr.o
LOAD ./Drivers/STM32F1xx_HAL_Driver/Src/stm32f1xx_hal_rcc.o
LOAD ./Drivers/STM32F1xx_HAL_Driver/Src/stm32f1xx_hal_rcc_ex.o
LOAD ./Drivers/STM32F1xx_HAL_Driver/Src/stm32f1xx_hal_spi.o
LOAD ./Drivers/STM32F1xx_HAL_Driver/Src/stm32f1xx_hal_tim.o
LOAD ./Drivers/STM32F1xx_HAL_Driver/Src/stm32f1xx_hal_tim_ex.o
LOAD ./FATFS/App/fatfs.o
LOAD ./FATFS/Target/user_diskio.o
LOAD ./FATFS/Target/user_diskio_spi.o
LOAD ./Middlewares/Third_Party/FatFs/src/diskio.o
LOAD ./Middlewares/Third_Party/FatFs/src/ff.o
LOAD ./Middlewares/Third_Party/FatFs/src/ff_gen_drv.o
LOAD ./Middlewares/Third_Party/FatFs/src/option/syscall.o
START GROUP
LOAD C:/ST/STM32CubeIDE_1.13.2/STM32CubeIDE/plugins/com.st.stm32cube.ide.mcu.externaltools.gnu-tools-for-stm32.11.3.rel1.win32_1.1.1.202309131626/tools/bin/../lib/gcc/arm-none-eabi/11.3.1/../../../../arm-none-eabi/lib/thumb/v7-m/nofp\libc_nano.a
LOAD C:/ST/STM32CubeIDE_1.13.2/STM32CubeIDE/plugins/com.st.stm32cube.ide.mcu.externaltools.gnu-tools-for-stm32.11.3.rel1.win32_1.1.1.202309131626/tools/bin/../lib/gcc/arm-none-eabi/11.3.1/../../../../arm-none-eabi/lib/thumb/v7-m/nofp\libm.a
END GROUP
START GROUP
LOAD C:/ST/STM32CubeIDE_1.13.2/STM32CubeIDE/plugins/com.st.stm32cube.ide.mcu.externaltools.gnu-tools-for-stm32.11.3.rel1.win32_1.1.1.202309131626/tools/bin/../lib/gcc/arm-none-eabi/11.3.1/thumb/v7-m/nofp\libgcc.a
LOAD C:/ST/STM32CubeIDE_1.13.2/STM32CubeIDE/plugins/com.st.stm32cube.ide.mcu.externaltools.gnu-tools-for-stm32.11.3.rel1.win32_1.1.1.202309131626/tools/bin/../lib/gcc/arm-none-eabi/11.3.1/../../../../arm-none-eabi/lib/thumb/v7-m/nofp\libc_nano.a
END GROUP
START GROUP
LOAD C:/ST/STM32CubeIDE_1.13.2/STM32CubeIDE/plugins/com.st.stm32cube.ide.mcu.externaltools.gnu-tools-for-stm32.11.3.rel1.win32_1.1.1.202309131626/tools/bin/../lib/gcc/arm-none-eabi/11.3.1/thumb/v7-m/nofp\libgcc.a
LOAD C:/ST/STM32CubeIDE_1.13.2/STM32CubeIDE/plugins/com.st.stm32cube.ide.mcu.externaltools.gnu-tools-for-stm32.11.3.rel1.win32_1.1.1.202309131626/tools/bin/../lib/gcc/arm-none-eabi/11.3.1/../../../../arm-none-eabi/lib/thumb/v7-m/nofp\libc_nano.a
LOAD C:/ST/STM32CubeIDE_1.13.2/STM32CubeIDE/plugins/com.st.stm32cube.ide.mcu.externaltools.gnu-tools-for-stm32.11.3.rel1.win32_1.1.1.202309131626/tools/bin/../lib/gcc/arm-none-eabi/11.3.1/../../../../arm-none-eabi/lib/thumb/v7-m/nofp\libnosys.a
END GROUP
START GROUP
LOAD C:/ST/STM32CubeIDE_1.13.2/STM32CubeIDE/plugins/com.st.stm32cube.ide.mcu.externaltools.gnu-tools-for-stm32.11.3.rel1.win32_1.1.1.202309131626/tools/bin/../lib/gcc/arm-none-eabi/11.3.1/thumb/v7-m/nofp\libgcc.a
LOAD C:/ST/STM32CubeIDE_1.13.2/STM32CubeIDE/plugins/com.st.stm32cube.ide.mcu.externaltools.gnu-tools-for-stm32.11.3.rel1.win32_1.1.1.202309131626/tools/bin/../lib/gcc/arm-none-eabi/11.3.1/../../../../arm-none-eabi/lib/thumb/v7-m/nofp\libc_nano.a
LOAD C:/ST/STM32CubeIDE_1.13.2/STM32CubeIDE/plugins/com.st.stm32cube.ide.mcu.externaltools.gnu-tools-for-stm32.11.3.rel1.win32_1.1.1.202309131626/tools/bin/../lib/gcc/arm-none-eabi/11.3.1/../../../../arm-none-eabi/lib/thumb/v7-m/nofp\libnosys.a
END GROUP
LOAD C:/ST/STM32CubeIDE_1.13.2/STM32CubeIDE/plugins/com.st.stm32cube.ide.mcu.externaltools.gnu-tools-for-stm32.11.3.rel1.win32_1.1.1.202309131626/tools/bin/../lib/gcc/arm-none-eabi/11.3.1/thumb/v7-m/nofp/crtend.o
LOAD C:/ST/STM32CubeIDE_1.13.2/STM32CubeIDE/plugins/com.st.stm32cube.ide.mcu.externaltools.gnu-tools-for-stm32.11.3.rel1.win32_1.1.1.202309131626/tools/bin/../lib/gcc/arm-none-eabi/11.3.1/thumb/v7-m/nofp/crtn.o
                0x0000000020005000                _estack = (ORIGIN (RAM) + LENGTH (RAM))
                0x0000000000000200                _Min_Heap_Size = 0x200
                0x0000000000000400                _Min_Stack_Size = 0x400

.isr_vector     0x0000000008000000      0x10c
                0x0000000008000000                . = ALIGN (0x4)
 *(.isr_vector)
 .isr_vector    0x0000000008000000      0x10c ./Core/Startup/startup_stm32f103rbtx.o
                0x0000000008000000                g_pfnVectors
                0x000000000800010c                . = ALIGN (0x4)

.text           0x000000000800010c     0x6a14
                0x000000000800010c                . = ALIGN (0x4)
 *(.text)
 .text          0x000000000800010c       0x40 C:/ST/STM32CubeIDE_1.13.2/STM32CubeIDE/plugins/com.st.stm32cube.ide.mcu.externaltools.gnu-tools-for-stm32.11.3.rel1.win32_1.1.1.202309131626/tools/bin/../lib/gcc/arm-none-eabi/11.3.1/thumb/v7-m/nofp/crtbegin.o
 *(.text*)
 .text.writeDataFromADCToFile
                0x000000000800014c       0x60 ./Core/Src/main.o
                0x000000000800014c                writeDataFromADCToFile
 .text.HAL_ADC_ConvHalfCpltCallback
                0x00000000080001ac       0x34 ./Core/Src/main.o
                0x00000000080001ac                HAL_ADC_ConvHalfCpltCallback
 .text.HAL_ADC_ConvCpltCallback
                0x00000000080001e0       0x38 ./Core/Src/main.o
                0x00000000080001e0                HAL_ADC_ConvCpltCallback
 .text.HAL_GPIO_EXTI_Callback
                0x0000000008000218       0x64 ./Core/Src/main.o
                0x0000000008000218                HAL_GPIO_EXTI_Callback
 .text.main     0x000000000800027c       0xb4 ./Core/Src/main.o
                0x000000000800027c                main
 .text.SystemClock_Config
                0x0000000008000330       0xae ./Core/Src/main.o
                0x0000000008000330                SystemClock_Config
 *fill*         0x00000000080003de        0x2 
 .text.MX_ADC1_Init
                0x00000000080003e0       0x7c ./Core/Src/main.o
 .text.MX_SPI2_Init
                0x000000000800045c       0x6c ./Core/Src/main.o
 .text.MX_TIM4_Init
                0x00000000080004c8       0xac ./Core/Src/main.o
 .text.MX_DMA_Init
                0x0000000008000574       0x3c ./Core/Src/main.o
 .text.MX_GPIO_Init
                0x00000000080005b0       0xe0 ./Core/Src/main.o
 .text.Error_Handler
                0x0000000008000690        0xa ./Core/Src/main.o
                0x0000000008000690                Error_Handler
 *fill*         0x000000000800069a        0x2 
 .text.HAL_MspInit
                0x000000000800069c       0x64 ./Core/Src/stm32f1xx_hal_msp.o
                0x000000000800069c                HAL_MspInit
 .text.HAL_ADC_MspInit
                0x0000000008000700       0xe0 ./Core/Src/stm32f1xx_hal_msp.o
                0x0000000008000700                HAL_ADC_MspInit
 .text.HAL_SPI_MspInit
                0x00000000080007e0       0x98 ./Core/Src/stm32f1xx_hal_msp.o
                0x00000000080007e0                HAL_SPI_MspInit
 .text.HAL_TIM_OC_MspInit
                0x0000000008000878       0x3c ./Core/Src/stm32f1xx_hal_msp.o
                0x0000000008000878                HAL_TIM_OC_MspInit
 .text.NMI_Handler
                0x00000000080008b4        0x6 ./Core/Src/stm32f1xx_it.o
                0x00000000080008b4                NMI_Handler
 *fill*         0x00000000080008ba        0x2 
 .text.HardFault_Handler
                0x00000000080008bc       0x14 ./Core/Src/stm32f1xx_it.o
                0x00000000080008bc                HardFault_Handler
 .text.MemManage_Handler
                0x00000000080008d0        0x6 ./Core/Src/stm32f1xx_it.o
                0x00000000080008d0                MemManage_Handler
 .text.BusFault_Handler
                0x00000000080008d6        0x6 ./Core/Src/stm32f1xx_it.o
                0x00000000080008d6                BusFault_Handler
 .text.UsageFault_Handler
                0x00000000080008dc        0x6 ./Core/Src/stm32f1xx_it.o
                0x00000000080008dc                UsageFault_Handler
 .text.SVC_Handler
                0x00000000080008e2        0xc ./Core/Src/stm32f1xx_it.o
                0x00000000080008e2                SVC_Handler
 .text.DebugMon_Handler
                0x00000000080008ee        0xc ./Core/Src/stm32f1xx_it.o
                0x00000000080008ee                DebugMon_Handler
 .text.PendSV_Handler
                0x00000000080008fa        0xc ./Core/Src/stm32f1xx_it.o
                0x00000000080008fa                PendSV_Handler
 .text.SysTick_Handler
                0x0000000008000906        0xc ./Core/Src/stm32f1xx_it.o
                0x0000000008000906                SysTick_Handler
 *fill*         0x0000000008000912        0x2 
 .text.DMA1_Channel1_IRQHandler
                0x0000000008000914       0x14 ./Core/Src/stm32f1xx_it.o
                0x0000000008000914                DMA1_Channel1_IRQHandler
 .text.ADC1_2_IRQHandler
                0x0000000008000928       0x14 ./Core/Src/stm32f1xx_it.o
                0x0000000008000928                ADC1_2_IRQHandler
 .text.EXTI15_10_IRQHandler
                0x000000000800093c       0x10 ./Core/Src/stm32f1xx_it.o
                0x000000000800093c                EXTI15_10_IRQHandler
 .text.SystemInit
                0x000000000800094c        0xc ./Core/Src/system_stm32f1xx.o
                0x000000000800094c                SystemInit
 .text.Reset_Handler
                0x0000000008000958       0x48 ./Core/Startup/startup_stm32f103rbtx.o
                0x0000000008000958                Reset_Handler
 .text.Default_Handler
                0x00000000080009a0        0x2 ./Core/Startup/startup_stm32f103rbtx.o
                0x00000000080009a0                RTC_Alarm_IRQHandler
                0x00000000080009a0                EXTI2_IRQHandler
                0x00000000080009a0                TIM1_CC_IRQHandler
                0x00000000080009a0                PVD_IRQHandler
                0x00000000080009a0                EXTI3_IRQHandler
                0x00000000080009a0                EXTI0_IRQHandler
                0x00000000080009a0                I2C2_EV_IRQHandler
                0x00000000080009a0                SPI1_IRQHandler
                0x00000000080009a0                TAMPER_IRQHandler
                0x00000000080009a0                DMA1_Channel4_IRQHandler
                0x00000000080009a0                USART3_IRQHandler
                0x00000000080009a0                RTC_IRQHandler
                0x00000000080009a0                DMA1_Channel7_IRQHandler
                0x00000000080009a0                CAN1_RX1_IRQHandler
                0x00000000080009a0                TIM4_IRQHandler
                0x00000000080009a0                I2C1_EV_IRQHandler
                0x00000000080009a0                DMA1_Channel6_IRQHandler
                0x00000000080009a0                TIM3_IRQHandler
                0x00000000080009a0                RCC_IRQHandler
                0x00000000080009a0                TIM1_TRG_COM_IRQHandler
                0x00000000080009a0                Default_Handler
                0x00000000080009a0                EXTI9_5_IRQHandler
                0x00000000080009a0                SPI2_IRQHandler
                0x00000000080009a0                DMA1_Channel5_IRQHandler
                0x00000000080009a0                EXTI4_IRQHandler
                0x00000000080009a0                USB_LP_CAN1_RX0_IRQHandler
                0x00000000080009a0                USB_HP_CAN1_TX_IRQHandler
                0x00000000080009a0                DMA1_Channel3_IRQHandler
                0x00000000080009a0                TIM1_UP_IRQHandler
                0x00000000080009a0                WWDG_IRQHandler
                0x00000000080009a0                TIM2_IRQHandler
                0x00000000080009a0                TIM1_BRK_IRQHandler
                0x00000000080009a0                EXTI1_IRQHandler
                0x00000000080009a0                USART2_IRQHandler
                0x00000000080009a0                I2C2_ER_IRQHandler
                0x00000000080009a0                DMA1_Channel2_IRQHandler
                0x00000000080009a0                CAN1_SCE_IRQHandler
                0x00000000080009a0                FLASH_IRQHandler
                0x00000000080009a0                USART1_IRQHandler
                0x00000000080009a0                I2C1_ER_IRQHandler
                0x00000000080009a0                USBWakeUp_IRQHandler
 *fill*         0x00000000080009a2        0x2 
 .text.HAL_Init
                0x00000000080009a4       0x2c ./Drivers/STM32F1xx_HAL_Driver/Src/stm32f1xx_hal.o
                0x00000000080009a4                HAL_Init
 .text.HAL_InitTick
                0x00000000080009d0       0x60 ./Drivers/STM32F1xx_HAL_Driver/Src/stm32f1xx_hal.o
                0x00000000080009d0                HAL_InitTick
 .text.HAL_IncTick
                0x0000000008000a30       0x24 ./Drivers/STM32F1xx_HAL_Driver/Src/stm32f1xx_hal.o
                0x0000000008000a30                HAL_IncTick
 .text.HAL_GetTick
                0x0000000008000a54       0x14 ./Drivers/STM32F1xx_HAL_Driver/Src/stm32f1xx_hal.o
                0x0000000008000a54                HAL_GetTick
 .text.HAL_Delay
                0x0000000008000a68       0x48 ./Drivers/STM32F1xx_HAL_Driver/Src/stm32f1xx_hal.o
                0x0000000008000a68                HAL_Delay
 .text.HAL_ADC_Init
                0x0000000008000ab0      0x1b0 ./Drivers/STM32F1xx_HAL_Driver/Src/stm32f1xx_hal_adc.o
                0x0000000008000ab0                HAL_ADC_Init
 .text.HAL_ADC_Start_DMA
                0x0000000008000c60      0x1bc ./Drivers/STM32F1xx_HAL_Driver/Src/stm32f1xx_hal_adc.o
                0x0000000008000c60                HAL_ADC_Start_DMA
 .text.HAL_ADC_Stop_DMA
                0x0000000008000e1c       0x98 ./Drivers/STM32F1xx_HAL_Driver/Src/stm32f1xx_hal_adc.o
                0x0000000008000e1c                HAL_ADC_Stop_DMA
 .text.HAL_ADC_IRQHandler
                0x0000000008000eb4      0x17e ./Drivers/STM32F1xx_HAL_Driver/Src/stm32f1xx_hal_adc.o
                0x0000000008000eb4                HAL_ADC_IRQHandler
 .text.HAL_ADC_LevelOutOfWindowCallback
                0x0000000008001032       0x12 ./Drivers/STM32F1xx_HAL_Driver/Src/stm32f1xx_hal_adc.o
                0x0000000008001032                HAL_ADC_LevelOutOfWindowCallback
 .text.HAL_ADC_ErrorCallback
                0x0000000008001044       0x12 ./Drivers/STM32F1xx_HAL_Driver/Src/stm32f1xx_hal_adc.o
                0x0000000008001044                HAL_ADC_ErrorCallback
 *fill*         0x0000000008001056        0x2 
 .text.HAL_ADC_ConfigChannel
                0x0000000008001058      0x1f0 ./Drivers/STM32F1xx_HAL_Driver/Src/stm32f1xx_hal_adc.o
                0x0000000008001058                HAL_ADC_ConfigChannel
 .text.ADC_Enable
                0x0000000008001248       0xb4 ./Drivers/STM32F1xx_HAL_Driver/Src/stm32f1xx_hal_adc.o
                0x0000000008001248                ADC_Enable
 .text.ADC_ConversionStop_Disable
                0x00000000080012fc       0x82 ./Drivers/STM32F1xx_HAL_Driver/Src/stm32f1xx_hal_adc.o
                0x00000000080012fc                ADC_ConversionStop_Disable
 .text.ADC_DMAConvCplt
                0x000000000800137e       0x7c ./Drivers/STM32F1xx_HAL_Driver/Src/stm32f1xx_hal_adc.o
                0x000000000800137e                ADC_DMAConvCplt
 .text.ADC_DMAHalfConvCplt
                0x00000000080013fa       0x1c ./Drivers/STM32F1xx_HAL_Driver/Src/stm32f1xx_hal_adc.o
                0x00000000080013fa                ADC_DMAHalfConvCplt
 .text.ADC_DMAError
                0x0000000008001416       0x34 ./Drivers/STM32F1xx_HAL_Driver/Src/stm32f1xx_hal_adc.o
                0x0000000008001416                ADC_DMAError
 *fill*         0x000000000800144a        0x2 
 .text.HAL_ADCEx_Calibration_Start
                0x000000000800144c      0x15c ./Drivers/STM32F1xx_HAL_Driver/Src/stm32f1xx_hal_adc_ex.o
                0x000000000800144c                HAL_ADCEx_Calibration_Start
 .text.HAL_ADCEx_InjectedConvCpltCallback
                0x00000000080015a8       0x12 ./Drivers/STM32F1xx_HAL_Driver/Src/stm32f1xx_hal_adc_ex.o
                0x00000000080015a8                HAL_ADCEx_InjectedConvCpltCallback
 *fill*         0x00000000080015ba        0x2 
 .text.__NVIC_SetPriorityGrouping
                0x00000000080015bc       0x48 ./Drivers/STM32F1xx_HAL_Driver/Src/stm32f1xx_hal_cortex.o
 .text.__NVIC_GetPriorityGrouping
                0x0000000008001604       0x1c ./Drivers/STM32F1xx_HAL_Driver/Src/stm32f1xx_hal_cortex.o
 .text.__NVIC_EnableIRQ
                0x0000000008001620       0x38 ./Drivers/STM32F1xx_HAL_Driver/Src/stm32f1xx_hal_cortex.o
 .text.__NVIC_SetPriority
                0x0000000008001658       0x54 ./Drivers/STM32F1xx_HAL_Driver/Src/stm32f1xx_hal_cortex.o
 .text.NVIC_EncodePriority
                0x00000000080016ac       0x64 ./Drivers/STM32F1xx_HAL_Driver/Src/stm32f1xx_hal_cortex.o
 .text.SysTick_Config
                0x0000000008001710       0x44 ./Drivers/STM32F1xx_HAL_Driver/Src/stm32f1xx_hal_cortex.o
 .text.HAL_NVIC_SetPriorityGrouping
                0x0000000008001754       0x16 ./Drivers/STM32F1xx_HAL_Driver/Src/stm32f1xx_hal_cortex.o
                0x0000000008001754                HAL_NVIC_SetPriorityGrouping
 .text.HAL_NVIC_SetPriority
                0x000000000800176a       0x38 ./Drivers/STM32F1xx_HAL_Driver/Src/stm32f1xx_hal_cortex.o
                0x000000000800176a                HAL_NVIC_SetPriority
 .text.HAL_NVIC_EnableIRQ
                0x00000000080017a2       0x1c ./Drivers/STM32F1xx_HAL_Driver/Src/stm32f1xx_hal_cortex.o
                0x00000000080017a2                HAL_NVIC_EnableIRQ
 .text.HAL_SYSTICK_Config
                0x00000000080017be       0x18 ./Drivers/STM32F1xx_HAL_Driver/Src/stm32f1xx_hal_cortex.o
                0x00000000080017be                HAL_SYSTICK_Config
 *fill*         0x00000000080017d6        0x2 
 .text.HAL_DMA_Init
                0x00000000080017d8       0xb4 ./Drivers/STM32F1xx_HAL_Driver/Src/stm32f1xx_hal_dma.o
                0x00000000080017d8                HAL_DMA_Init
 .text.HAL_DMA_Start_IT
                0x000000000800188c       0xc0 ./Drivers/STM32F1xx_HAL_Driver/Src/stm32f1xx_hal_dma.o
                0x000000000800188c                HAL_DMA_Start_IT
 .text.HAL_DMA_Abort
                0x000000000800194c       0x76 ./Drivers/STM32F1xx_HAL_Driver/Src/stm32f1xx_hal_dma.o
                0x000000000800194c                HAL_DMA_Abort
 *fill*         0x00000000080019c2        0x2 
 .text.HAL_DMA_IRQHandler
                0x00000000080019c4      0x20c ./Drivers/STM32F1xx_HAL_Driver/Src/stm32f1xx_hal_dma.o
                0x00000000080019c4                HAL_DMA_IRQHandler
 .text.DMA_SetConfig
                0x0000000008001bd0       0x5a ./Drivers/STM32F1xx_HAL_Driver/Src/stm32f1xx_hal_dma.o
 *fill*         0x0000000008001c2a        0x2 
 .text.HAL_GPIO_Init
                0x0000000008001c2c      0x308 ./Drivers/STM32F1xx_HAL_Driver/Src/stm32f1xx_hal_gpio.o
                0x0000000008001c2c                HAL_GPIO_Init
 .text.HAL_GPIO_WritePin
                0x0000000008001f34       0x30 ./Drivers/STM32F1xx_HAL_Driver/Src/stm32f1xx_hal_gpio.o
                0x0000000008001f34                HAL_GPIO_WritePin
 .text.HAL_GPIO_EXTI_IRQHandler
                0x0000000008001f64       0x30 ./Drivers/STM32F1xx_HAL_Driver/Src/stm32f1xx_hal_gpio.o
                0x0000000008001f64                HAL_GPIO_EXTI_IRQHandler
 .text.HAL_RCC_OscConfig
                0x0000000008001f94      0x504 ./Drivers/STM32F1xx_HAL_Driver/Src/stm32f1xx_hal_rcc.o
                0x0000000008001f94                HAL_RCC_OscConfig
 .text.HAL_RCC_ClockConfig
                0x0000000008002498      0x1d4 ./Drivers/STM32F1xx_HAL_Driver/Src/stm32f1xx_hal_rcc.o
                0x0000000008002498                HAL_RCC_ClockConfig
 .text.HAL_RCC_GetSysClockFreq
                0x000000000800266c       0xa8 ./Drivers/STM32F1xx_HAL_Driver/Src/stm32f1xx_hal_rcc.o
                0x000000000800266c                HAL_RCC_GetSysClockFreq
 .text.HAL_RCC_GetHCLKFreq
                0x0000000008002714       0x14 ./Drivers/STM32F1xx_HAL_Driver/Src/stm32f1xx_hal_rcc.o
                0x0000000008002714                HAL_RCC_GetHCLKFreq
 .text.HAL_RCC_GetPCLK2Freq
                0x0000000008002728       0x28 ./Drivers/STM32F1xx_HAL_Driver/Src/stm32f1xx_hal_rcc.o
                0x0000000008002728                HAL_RCC_GetPCLK2Freq
 .text.RCC_Delay
                0x0000000008002750       0x3c ./Drivers/STM32F1xx_HAL_Driver/Src/stm32f1xx_hal_rcc.o
 .text.HAL_RCCEx_PeriphCLKConfig
                0x000000000800278c      0x16c ./Drivers/STM32F1xx_HAL_Driver/Src/stm32f1xx_hal_rcc_ex.o
                0x000000000800278c                HAL_RCCEx_PeriphCLKConfig
 .text.HAL_RCCEx_GetPeriphCLKFreq
                0x00000000080028f8      0x16c ./Drivers/STM32F1xx_HAL_Driver/Src/stm32f1xx_hal_rcc_ex.o
                0x00000000080028f8                HAL_RCCEx_GetPeriphCLKFreq
 .text.HAL_SPI_Init
                0x0000000008002a64      0x108 ./Drivers/STM32F1xx_HAL_Driver/Src/stm32f1xx_hal_spi.o
                0x0000000008002a64                HAL_SPI_Init
 .text.HAL_SPI_TransmitReceive
                0x0000000008002b6c      0x360 ./Drivers/STM32F1xx_HAL_Driver/Src/stm32f1xx_hal_spi.o
                0x0000000008002b6c                HAL_SPI_TransmitReceive
 .text.SPI_WaitFlagStateUntilTimeout
                0x0000000008002ecc      0x110 ./Drivers/STM32F1xx_HAL_Driver/Src/stm32f1xx_hal_spi.o
 .text.SPI_EndRxTxTransaction
                0x0000000008002fdc       0x3c ./Drivers/STM32F1xx_HAL_Driver/Src/stm32f1xx_hal_spi.o
 .text.HAL_TIM_OC_Init
                0x0000000008003018       0x9e ./Drivers/STM32F1xx_HAL_Driver/Src/stm32f1xx_hal_tim.o
                0x0000000008003018                HAL_TIM_OC_Init
 *fill*         0x00000000080030b6        0x2 
 .text.HAL_TIM_OC_Start
                0x00000000080030b8      0x144 ./Drivers/STM32F1xx_HAL_Driver/Src/stm32f1xx_hal_tim.o
                0x00000000080030b8                HAL_TIM_OC_Start
 .text.HAL_TIM_OC_ConfigChannel
                0x00000000080031fc       0xb8 ./Drivers/STM32F1xx_HAL_Driver/Src/stm32f1xx_hal_tim.o
                0x00000000080031fc                HAL_TIM_OC_ConfigChannel
 .text.TIM_Base_SetConfig
                0x00000000080032b4       0xc4 ./Drivers/STM32F1xx_HAL_Driver/Src/stm32f1xx_hal_tim.o
                0x00000000080032b4                TIM_Base_SetConfig
 .text.TIM_OC1_SetConfig
                0x0000000008003378       0xcc ./Drivers/STM32F1xx_HAL_Driver/Src/stm32f1xx_hal_tim.o
 .text.TIM_OC2_SetConfig
                0x0000000008003444       0xd4 ./Drivers/STM32F1xx_HAL_Driver/Src/stm32f1xx_hal_tim.o
                0x0000000008003444                TIM_OC2_SetConfig
 .text.TIM_OC3_SetConfig
                0x0000000008003518       0xd4 ./Drivers/STM32F1xx_HAL_Driver/Src/stm32f1xx_hal_tim.o
 .text.TIM_OC4_SetConfig
                0x00000000080035ec       0x9c ./Drivers/STM32F1xx_HAL_Driver/Src/stm32f1xx_hal_tim.o
 .text.TIM_CCxChannelCmd
                0x0000000008003688       0x48 ./Drivers/STM32F1xx_HAL_Driver/Src/stm32f1xx_hal_tim.o
                0x0000000008003688                TIM_CCxChannelCmd
 .text.HAL_TIMEx_MasterConfigSynchronization
                0x00000000080036d0       0xbc ./Drivers/STM32F1xx_HAL_Driver/Src/stm32f1xx_hal_tim_ex.o
                0x00000000080036d0                HAL_TIMEx_MasterConfigSynchronization
 .text.MX_FATFS_Init
                0x000000000800378c       0x24 ./FATFS/App/fatfs.o
                0x000000000800378c                MX_FATFS_Init
 .text.get_fattime
                0x00000000080037b0        0xe ./FATFS/App/fatfs.o
                0x00000000080037b0                get_fattime
 .text.USER_initialize
                0x00000000080037be       0x1c ./FATFS/Target/user_diskio.o
                0x00000000080037be                USER_initialize
 .text.USER_status
                0x00000000080037da       0x1c ./FATFS/Target/user_diskio.o
                0x00000000080037da                USER_status
 .text.USER_read
                0x00000000080037f6       0x26 ./FATFS/Target/user_diskio.o
                0x00000000080037f6                USER_read
 .text.USER_write
                0x000000000800381c       0x26 ./FATFS/Target/user_diskio.o
                0x000000000800381c                USER_write
 .text.USER_ioctl
                0x0000000008003842       0x26 ./FATFS/Target/user_diskio.o
                0x0000000008003842                USER_ioctl
 .text.SPI_Timer_On
                0x0000000008003868       0x28 ./FATFS/Target/user_diskio_spi.o
                0x0000000008003868                SPI_Timer_On
 .text.SPI_Timer_Status
                0x0000000008003890       0x2c ./FATFS/Target/user_diskio_spi.o
                0x0000000008003890                SPI_Timer_Status
 .text.xchg_spi
                0x00000000080038bc       0x2c ./FATFS/Target/user_diskio_spi.o
 .text.rcvr_spi_multi
                0x00000000080038e8       0x38 ./FATFS/Target/user_diskio_spi.o
 .text.xmit_spi_multi
                0x0000000008003920       0x36 ./FATFS/Target/user_diskio_spi.o
 .text.wait_ready
                0x0000000008003956       0x46 ./FATFS/Target/user_diskio_spi.o
 .text.despiselect
                0x000000000800399c       0x20 ./FATFS/Target/user_diskio_spi.o
 .text.spiselect
                0x00000000080039bc       0x38 ./FATFS/Target/user_diskio_spi.o
 .text.rcvr_datablock
                0x00000000080039f4       0x52 ./FATFS/Target/user_diskio_spi.o
 .text.xmit_datablock
                0x0000000008003a46       0x64 ./FATFS/Target/user_diskio_spi.o
 .text.send_cmd
                0x0000000008003aaa       0xde ./FATFS/Target/user_diskio_spi.o
 .text.USER_SPI_initialize
                0x0000000008003b88      0x1d8 ./FATFS/Target/user_diskio_spi.o
                0x0000000008003b88                USER_SPI_initialize
 .text.USER_SPI_status
                0x0000000008003d60       0x28 ./FATFS/Target/user_diskio_spi.o
                0x0000000008003d60                USER_SPI_status
 .text.USER_SPI_read
                0x0000000008003d88       0xcc ./FATFS/Target/user_diskio_spi.o
                0x0000000008003d88                USER_SPI_read
 .text.USER_SPI_write
                0x0000000008003e54       0xf8 ./FATFS/Target/user_diskio_spi.o
                0x0000000008003e54                USER_SPI_write
 .text.USER_SPI_ioctl
                0x0000000008003f4c      0x2e0 ./FATFS/Target/user_diskio_spi.o
                0x0000000008003f4c                USER_SPI_ioctl
 .text.disk_status
                0x000000000800422c       0x34 ./Middlewares/Third_Party/FatFs/src/diskio.o
                0x000000000800422c                disk_status
 .text.disk_initialize
                0x0000000008004260       0x4c ./Middlewares/Third_Party/FatFs/src/diskio.o
                0x0000000008004260                disk_initialize
 .text.disk_read
                0x00000000080042ac       0x40 ./Middlewares/Third_Party/FatFs/src/diskio.o
                0x00000000080042ac                disk_read
 .text.disk_write
                0x00000000080042ec       0x40 ./Middlewares/Third_Party/FatFs/src/diskio.o
                0x00000000080042ec                disk_write
 .text.disk_ioctl
                0x000000000800432c       0x3c ./Middlewares/Third_Party/FatFs/src/diskio.o
                0x000000000800432c                disk_ioctl
 .text.mem_cpy  0x0000000008004368       0x3c ./Middlewares/Third_Party/FatFs/src/ff.o
 .text.mem_set  0x00000000080043a4       0x34 ./Middlewares/Third_Party/FatFs/src/ff.o
 .text.mem_cmp  0x00000000080043d8       0x4c ./Middlewares/Third_Party/FatFs/src/ff.o
 .text.chk_chr  0x0000000008004424       0x34 ./Middlewares/Third_Party/FatFs/src/ff.o
 .text.chk_lock
                0x0000000008004458       0xd8 ./Middlewares/Third_Party/FatFs/src/ff.o
 .text.enq_lock
                0x0000000008004530       0x48 ./Middlewares/Third_Party/FatFs/src/ff.o
 .text.inc_lock
                0x0000000008004578      0x16c ./Middlewares/Third_Party/FatFs/src/ff.o
 .text.dec_lock
                0x00000000080046e4       0x88 ./Middlewares/Third_Party/FatFs/src/ff.o
 .text.clear_lock
                0x000000000800476c       0x54 ./Middlewares/Third_Party/FatFs/src/ff.o
 .text.sync_window
                0x00000000080047c0       0x92 ./Middlewares/Third_Party/FatFs/src/ff.o
 .text.move_window
                0x0000000008004852       0x5c ./Middlewares/Third_Party/FatFs/src/ff.o
 .text.sync_fs  0x00000000080048ae      0x15a ./Middlewares/Third_Party/FatFs/src/ff.o
 .text.clust2sect
                0x0000000008004a08       0x42 ./Middlewares/Third_Party/FatFs/src/ff.o
                0x0000000008004a08                clust2sect
 .text.get_fat  0x0000000008004a4a      0x174 ./Middlewares/Third_Party/FatFs/src/ff.o
                0x0000000008004a4a                get_fat
 .text.put_fat  0x0000000008004bbe      0x21c ./Middlewares/Third_Party/FatFs/src/ff.o
                0x0000000008004bbe                put_fat
 .text.remove_chain
                0x0000000008004dda       0xb4 ./Middlewares/Third_Party/FatFs/src/ff.o
 .text.create_chain
                0x0000000008004e8e      0x13a ./Middlewares/Third_Party/FatFs/src/ff.o
 .text.clmt_clust
                0x0000000008004fc8       0x68 ./Middlewares/Third_Party/FatFs/src/ff.o
 .text.dir_sdi  0x0000000008005030      0x128 ./Middlewares/Third_Party/FatFs/src/ff.o
 .text.dir_next
                0x0000000008005158      0x1ee ./Middlewares/Third_Party/FatFs/src/ff.o
 .text.dir_alloc
                0x0000000008005346       0x94 ./Middlewares/Third_Party/FatFs/src/ff.o
 .text.ld_clust
                0x00000000080053da       0x5a ./Middlewares/Third_Party/FatFs/src/ff.o
 .text.st_clust
                0x0000000008005434       0x4c ./Middlewares/Third_Party/FatFs/src/ff.o
 .text.dir_find
                0x0000000008005480       0x9e ./Middlewares/Third_Party/FatFs/src/ff.o
 .text.dir_register
                0x000000000800551e       0x72 ./Middlewares/Third_Party/FatFs/src/ff.o
 .text.create_name
                0x0000000008005590      0x180 ./Middlewares/Third_Party/FatFs/src/ff.o
 .text.follow_path
                0x0000000008005710       0xdc ./Middlewares/Third_Party/FatFs/src/ff.o
 .text.get_ldnumber
                0x00000000080057ec       0x86 ./Middlewares/Third_Party/FatFs/src/ff.o
 *fill*         0x0000000008005872        0x2 
 .text.check_fs
                0x0000000008005874       0xd4 ./Middlewares/Third_Party/FatFs/src/ff.o
 .text.find_volume
                0x0000000008005948      0x590 ./Middlewares/Third_Party/FatFs/src/ff.o
 .text.validate
                0x0000000008005ed8       0x66 ./Middlewares/Third_Party/FatFs/src/ff.o
 *fill*         0x0000000008005f3e        0x2 
 .text.f_mount  0x0000000008005f40       0x90 ./Middlewares/Third_Party/FatFs/src/ff.o
                0x0000000008005f40                f_mount
 .text.f_open   0x0000000008005fd0      0x4f2 ./Middlewares/Third_Party/FatFs/src/ff.o
                0x0000000008005fd0                f_open
 .text.f_write  0x00000000080064c2      0x35a ./Middlewares/Third_Party/FatFs/src/ff.o
                0x00000000080064c2                f_write
 .text.f_sync   0x000000000800681c      0x174 ./Middlewares/Third_Party/FatFs/src/ff.o
                0x000000000800681c                f_sync
 .text.f_close  0x0000000008006990       0x50 ./Middlewares/Third_Party/FatFs/src/ff.o
                0x0000000008006990                f_close
 .text.FATFS_LinkDriverEx
                0x00000000080069e0       0x94 ./Middlewares/Third_Party/FatFs/src/ff_gen_drv.o
                0x00000000080069e0                FATFS_LinkDriverEx
 .text.FATFS_LinkDriver
                0x0000000008006a74       0x1e ./Middlewares/Third_Party/FatFs/src/ff_gen_drv.o
                0x0000000008006a74                FATFS_LinkDriver
 .text.memset   0x0000000008006a92       0x10 C:/ST/STM32CubeIDE_1.13.2/STM32CubeIDE/plugins/com.st.stm32cube.ide.mcu.externaltools.gnu-tools-for-stm32.11.3.rel1.win32_1.1.1.202309131626/tools/bin/../lib/gcc/arm-none-eabi/11.3.1/../../../../arm-none-eabi/lib/thumb/v7-m/nofp\libc_nano.a(libc_a-memset.o)
                0x0000000008006a92                memset
 *fill*         0x0000000008006aa2        0x2 
 .text.__libc_init_array
                0x0000000008006aa4       0x48 C:/ST/STM32CubeIDE_1.13.2/STM32CubeIDE/plugins/com.st.stm32cube.ide.mcu.externaltools.gnu-tools-for-stm32.11.3.rel1.win32_1.1.1.202309131626/tools/bin/../lib/gcc/arm-none-eabi/11.3.1/../../../../arm-none-eabi/lib/thumb/v7-m/nofp\libc_nano.a(libc_a-init.o)
                0x0000000008006aa4                __libc_init_array
 .text.memcpy   0x0000000008006aec       0x1c C:/ST/STM32CubeIDE_1.13.2/STM32CubeIDE/plugins/com.st.stm32cube.ide.mcu.externaltools.gnu-tools-for-stm32.11.3.rel1.win32_1.1.1.202309131626/tools/bin/../lib/gcc/arm-none-eabi/11.3.1/../../../../arm-none-eabi/lib/thumb/v7-m/nofp\libc_nano.a(libc_a-memcpy-stub.o)
                0x0000000008006aec                memcpy
 *(.glue_7)
 .glue_7        0x0000000008006b08        0x0 linker stubs
 *(.glue_7t)
 .glue_7t       0x0000000008006b08        0x0 linker stubs
 *(.eh_frame)
 .eh_frame      0x0000000008006b08        0x0 C:/ST/STM32CubeIDE_1.13.2/STM32CubeIDE/plugins/com.st.stm32cube.ide.mcu.externaltools.gnu-tools-for-stm32.11.3.rel1.win32_1.1.1.202309131626/tools/bin/../lib/gcc/arm-none-eabi/11.3.1/thumb/v7-m/nofp/crtbegin.o
 *(.init)
 .init          0x0000000008006b08        0x4 C:/ST/STM32CubeIDE_1.13.2/STM32CubeIDE/plugins/com.st.stm32cube.ide.mcu.externaltools.gnu-tools-for-stm32.11.3.rel1.win32_1.1.1.202309131626/tools/bin/../lib/gcc/arm-none-eabi/11.3.1/thumb/v7-m/nofp/crti.o
                0x0000000008006b08                _init
 .init          0x0000000008006b0c        0x8 C:/ST/STM32CubeIDE_1.13.2/STM32CubeIDE/plugins/com.st.stm32cube.ide.mcu.externaltools.gnu-tools-for-stm32.11.3.rel1.win32_1.1.1.202309131626/tools/bin/../lib/gcc/arm-none-eabi/11.3.1/thumb/v7-m/nofp/crtn.o
 *(.fini)
 .fini          0x0000000008006b14        0x4 C:/ST/STM32CubeIDE_1.13.2/STM32CubeIDE/plugins/com.st.stm32cube.ide.mcu.externaltools.gnu-tools-for-stm32.11.3.rel1.win32_1.1.1.202309131626/tools/bin/../lib/gcc/arm-none-eabi/11.3.1/thumb/v7-m/nofp/crti.o
                0x0000000008006b14                _fini
 .fini          0x0000000008006b18        0x8 C:/ST/STM32CubeIDE_1.13.2/STM32CubeIDE/plugins/com.st.stm32cube.ide.mcu.externaltools.gnu-tools-for-stm32.11.3.rel1.win32_1.1.1.202309131626/tools/bin/../lib/gcc/arm-none-eabi/11.3.1/thumb/v7-m/nofp/crtn.o
                0x0000000008006b20                . = ALIGN (0x4)
                0x0000000008006b20                _etext = .

.vfp11_veneer   0x0000000008006b20        0x0
 .vfp11_veneer  0x0000000008006b20        0x0 linker stubs

.v4_bx          0x0000000008006b20        0x0
 .v4_bx         0x0000000008006b20        0x0 linker stubs

.iplt           0x0000000008006b20        0x0
 .iplt          0x0000000008006b20        0x0 C:/ST/STM32CubeIDE_1.13.2/STM32CubeIDE/plugins/com.st.stm32cube.ide.mcu.externaltools.gnu-tools-for-stm32.11.3.rel1.win32_1.1.1.202309131626/tools/bin/../lib/gcc/arm-none-eabi/11.3.1/thumb/v7-m/nofp/crtbegin.o

.rodata         0x0000000008006b20      0x118
                0x0000000008006b20                . = ALIGN (0x4)
 *(.rodata)
 .rodata        0x0000000008006b20        0xd ./Core/Src/main.o
 *fill*         0x0000000008006b2d        0x3 
 .rodata        0x0000000008006b30        0x1 ./Core/Src/stm32f1xx_it.o
 *fill*         0x0000000008006b31        0x3 
 .rodata        0x0000000008006b34       0x44 ./Middlewares/Third_Party/FatFs/src/ff.o
 *(.rodata*)
 .rodata.AHBPrescTable
                0x0000000008006b78       0x10 ./Core/Src/system_stm32f1xx.o
                0x0000000008006b78                AHBPrescTable
 .rodata.APBPrescTable
                0x0000000008006b88        0x8 ./Core/Src/system_stm32f1xx.o
                0x0000000008006b88                APBPrescTable
 .rodata.aPLLMULFactorTable.1
                0x0000000008006b90       0x10 ./Drivers/STM32F1xx_HAL_Driver/Src/stm32f1xx_hal_rcc.o
 .rodata.aPredivFactorTable.0
                0x0000000008006ba0        0x2 ./Drivers/STM32F1xx_HAL_Driver/Src/stm32f1xx_hal_rcc.o
 *fill*         0x0000000008006ba2        0x2 
 .rodata.aPLLMULFactorTable.1
                0x0000000008006ba4       0x10 ./Drivers/STM32F1xx_HAL_Driver/Src/stm32f1xx_hal_rcc_ex.o
 .rodata.aPredivFactorTable.0
                0x0000000008006bb4        0x2 ./Drivers/STM32F1xx_HAL_Driver/Src/stm32f1xx_hal_rcc_ex.o
 *fill*         0x0000000008006bb6        0x2 
 .rodata.ExCvt  0x0000000008006bb8       0x80 ./Middlewares/Third_Party/FatFs/src/ff.o
                0x0000000008006c38                . = ALIGN (0x4)

.rel.dyn        0x0000000008006c38        0x0
 .rel.iplt      0x0000000008006c38        0x0 C:/ST/STM32CubeIDE_1.13.2/STM32CubeIDE/plugins/com.st.stm32cube.ide.mcu.externaltools.gnu-tools-for-stm32.11.3.rel1.win32_1.1.1.202309131626/tools/bin/../lib/gcc/arm-none-eabi/11.3.1/thumb/v7-m/nofp/crtbegin.o

.ARM.extab      0x0000000008006c38        0x0
                0x0000000008006c38                . = ALIGN (0x4)
 *(.ARM.extab* .gnu.linkonce.armextab.*)
                0x0000000008006c38                . = ALIGN (0x4)

.ARM            0x0000000008006c38        0x0
                0x0000000008006c38                . = ALIGN (0x4)
                0x0000000008006c38                __exidx_start = .
 *(.ARM.exidx*)
                0x0000000008006c38                __exidx_end = .
                0x0000000008006c38                . = ALIGN (0x4)

.preinit_array  0x0000000008006c38        0x0
                0x0000000008006c38                . = ALIGN (0x4)
                0x0000000008006c38                PROVIDE (__preinit_array_start = .)
 *(.preinit_array*)
                0x0000000008006c38                PROVIDE (__preinit_array_end = .)
                0x0000000008006c38                . = ALIGN (0x4)

.init_array     0x0000000008006c38        0x4
                0x0000000008006c38                . = ALIGN (0x4)
                0x0000000008006c38                PROVIDE (__init_array_start = .)
 *(SORT_BY_NAME(.init_array.*))
 *(.init_array*)
 .init_array    0x0000000008006c38        0x4 C:/ST/STM32CubeIDE_1.13.2/STM32CubeIDE/plugins/com.st.stm32cube.ide.mcu.externaltools.gnu-tools-for-stm32.11.3.rel1.win32_1.1.1.202309131626/tools/bin/../lib/gcc/arm-none-eabi/11.3.1/thumb/v7-m/nofp/crtbegin.o
                0x0000000008006c3c                PROVIDE (__init_array_end = .)
                0x0000000008006c3c                . = ALIGN (0x4)

.fini_array     0x0000000008006c3c        0x4
                0x0000000008006c3c                . = ALIGN (0x4)
                [!provide]                        PROVIDE (__fini_array_start = .)
 *(SORT_BY_NAME(.fini_array.*))
 *(.fini_array*)
 .fini_array    0x0000000008006c3c        0x4 C:/ST/STM32CubeIDE_1.13.2/STM32CubeIDE/plugins/com.st.stm32cube.ide.mcu.externaltools.gnu-tools-for-stm32.11.3.rel1.win32_1.1.1.202309131626/tools/bin/../lib/gcc/arm-none-eabi/11.3.1/thumb/v7-m/nofp/crtbegin.o
                [!provide]                        PROVIDE (__fini_array_end = .)
                0x0000000008006c40                . = ALIGN (0x4)
                0x0000000008006c40                _sidata = LOADADDR (.data)

.data           0x0000000020000000       0x28 load address 0x0000000008006c40
                0x0000000020000000                . = ALIGN (0x4)
                0x0000000020000000                _sdata = .
 *(.data)
 *(.data*)
 .data.flag     0x0000000020000000        0x4 ./Core/Src/main.o
                0x0000000020000000                flag
 .data.SystemCoreClock
                0x0000000020000004        0x4 ./Core/Src/system_stm32f1xx.o
                0x0000000020000004                SystemCoreClock
 .data.uwTickPrio
                0x0000000020000008        0x4 ./Drivers/STM32F1xx_HAL_Driver/Src/stm32f1xx_hal.o
                0x0000000020000008                uwTickPrio
 .data.uwTickFreq
                0x000000002000000c        0x1 ./Drivers/STM32F1xx_HAL_Driver/Src/stm32f1xx_hal.o
                0x000000002000000c                uwTickFreq
 *fill*         0x000000002000000d        0x3 
 .data.USER_Driver
                0x0000000020000010       0x14 ./FATFS/Target/user_diskio.o
                0x0000000020000010                USER_Driver
 .data.Stat     0x0000000020000024        0x1 ./FATFS/Target/user_diskio_spi.o
 *(.RamFunc)
 *(.RamFunc*)
                0x0000000020000028                . = ALIGN (0x4)
 *fill*         0x0000000020000025        0x3 
                0x0000000020000028                _edata = .

.igot.plt       0x0000000020000028        0x0 load address 0x0000000008006c68
 .igot.plt      0x0000000020000028        0x0 C:/ST/STM32CubeIDE_1.13.2/STM32CubeIDE/plugins/com.st.stm32cube.ide.mcu.externaltools.gnu-tools-for-stm32.11.3.rel1.win32_1.1.1.202309131626/tools/bin/../lib/gcc/arm-none-eabi/11.3.1/thumb/v7-m/nofp/crtbegin.o
                0x0000000020000028                . = ALIGN (0x4)

.bss            0x0000000020000028     0x11d8 load address 0x0000000008006c68
                0x0000000020000028                _sbss = .
                0x0000000020000028                __bss_start__ = _sbss
 *(.bss)
 .bss           0x0000000020000028       0x1c C:/ST/STM32CubeIDE_1.13.2/STM32CubeIDE/plugins/com.st.stm32cube.ide.mcu.externaltools.gnu-tools-for-stm32.11.3.rel1.win32_1.1.1.202309131626/tools/bin/../lib/gcc/arm-none-eabi/11.3.1/thumb/v7-m/nofp/crtbegin.o
 *(.bss*)
 .bss.hadc1     0x0000000020000044       0x30 ./Core/Src/main.o
                0x0000000020000044                hadc1
 .bss.hdma_adc1
                0x0000000020000074       0x44 ./Core/Src/main.o
                0x0000000020000074                hdma_adc1
 .bss.hspi2     0x00000000200000b8       0x58 ./Core/Src/main.o
                0x00000000200000b8                hspi2
 .bss.htim4     0x0000000020000110       0x48 ./Core/Src/main.o
                0x0000000020000110                htim4
 .bss.adcBuffer
                0x0000000020000158      0x800 ./Core/Src/main.o
                0x0000000020000158                adcBuffer
 .bss.fs        0x0000000020000958      0x230 ./Core/Src/main.o
                0x0000000020000958                fs
 .bss.fil       0x0000000020000b88      0x22c ./Core/Src/main.o
                0x0000000020000b88                fil
 .bss.fresult   0x0000000020000db4        0x1 ./Core/Src/main.o
                0x0000000020000db4                fresult
 *fill*         0x0000000020000db5        0x3 
 .bss.bw        0x0000000020000db8        0x4 ./Core/Src/main.o
                0x0000000020000db8                bw
 .bss.buffer    0x0000000020000dbc      0x400 ./Core/Src/main.o
                0x0000000020000dbc                buffer
 .bss.uwTick    0x00000000200011bc        0x4 ./Drivers/STM32F1xx_HAL_Driver/Src/stm32f1xx_hal.o
                0x00000000200011bc                uwTick
 .bss.retUSER   0x00000000200011c0        0x1 ./FATFS/App/fatfs.o
                0x00000000200011c0                retUSER
 *fill*         0x00000000200011c1        0x3 
 .bss.USERPath  0x00000000200011c4        0x4 ./FATFS/App/fatfs.o
                0x00000000200011c4                USERPath
 .bss.CardType  0x00000000200011c8        0x1 ./FATFS/Target/user_diskio_spi.o
 *fill*         0x00000000200011c9        0x3 
 .bss.spiTimerTickStart
                0x00000000200011cc        0x4 ./FATFS/Target/user_diskio_spi.o
                0x00000000200011cc                spiTimerTickStart
 .bss.spiTimerTickDelay
                0x00000000200011d0        0x4 ./FATFS/Target/user_diskio_spi.o
                0x00000000200011d0                spiTimerTickDelay
 .bss.FatFs     0x00000000200011d4        0x4 ./Middlewares/Third_Party/FatFs/src/ff.o
 .bss.Fsid      0x00000000200011d8        0x2 ./Middlewares/Third_Party/FatFs/src/ff.o
 *fill*         0x00000000200011da        0x2 
 .bss.Files     0x00000000200011dc       0x18 ./Middlewares/Third_Party/FatFs/src/ff.o
 .bss.disk      0x00000000200011f4        0xc ./Middlewares/Third_Party/FatFs/src/ff_gen_drv.o
                0x00000000200011f4                disk
 *(COMMON)
                0x0000000020001200                . = ALIGN (0x4)
                0x0000000020001200                _ebss = .
                0x0000000020001200                __bss_end__ = _ebss

._user_heap_stack
                0x0000000020001200      0x600 load address 0x0000000008006c68
                0x0000000020001200                . = ALIGN (0x8)
                [!provide]                        PROVIDE (end = .)
                0x0000000020001200                PROVIDE (_end = .)
                0x0000000020001400                . = (. + _Min_Heap_Size)
 *fill*         0x0000000020001200      0x200 
                0x0000000020001800                . = (. + _Min_Stack_Size)
 *fill*         0x0000000020001400      0x400 
                0x0000000020001800                . = ALIGN (0x8)

/DISCARD/
 libc.a(*)
 libm.a(*)
 libgcc.a(*)

.ARM.attributes
                0x0000000000000000       0x29
 *(.ARM.attributes)
 .ARM.attributes
                0x0000000000000000       0x1d C:/ST/STM32CubeIDE_1.13.2/STM32CubeIDE/plugins/com.st.stm32cube.ide.mcu.externaltools.gnu-tools-for-stm32.11.3.rel1.win32_1.1.1.202309131626/tools/bin/../lib/gcc/arm-none-eabi/11.3.1/thumb/v7-m/nofp/crti.o
 .ARM.attributes
                0x000000000000001d       0x2d C:/ST/STM32CubeIDE_1.13.2/STM32CubeIDE/plugins/com.st.stm32cube.ide.mcu.externaltools.gnu-tools-for-stm32.11.3.rel1.win32_1.1.1.202309131626/tools/bin/../lib/gcc/arm-none-eabi/11.3.1/thumb/v7-m/nofp/crtbegin.o
 .ARM.attributes
                0x000000000000004a       0x2d ./Core/Src/main.o
 .ARM.attributes
                0x0000000000000077       0x2d ./Core/Src/stm32f1xx_hal_msp.o
 .ARM.attributes
                0x00000000000000a4       0x2d ./Core/Src/stm32f1xx_it.o
 .ARM.attributes
                0x00000000000000d1       0x2d ./Core/Src/system_stm32f1xx.o
 .ARM.attributes
                0x00000000000000fe       0x21 ./Core/Startup/startup_stm32f103rbtx.o
 .ARM.attributes
                0x000000000000011f       0x2d ./Drivers/STM32F1xx_HAL_Driver/Src/stm32f1xx_hal.o
 .ARM.attributes
                0x000000000000014c       0x2d ./Drivers/STM32F1xx_HAL_Driver/Src/stm32f1xx_hal_adc.o
 .ARM.attributes
                0x0000000000000179       0x2d ./Drivers/STM32F1xx_HAL_Driver/Src/stm32f1xx_hal_adc_ex.o
 .ARM.attributes
                0x00000000000001a6       0x2d ./Drivers/STM32F1xx_HAL_Driver/Src/stm32f1xx_hal_cortex.o
 .ARM.attributes
                0x00000000000001d3       0x2d ./Drivers/STM32F1xx_HAL_Driver/Src/stm32f1xx_hal_dma.o
 .ARM.attributes
                0x0000000000000200       0x2d ./Drivers/STM32F1xx_HAL_Driver/Src/stm32f1xx_hal_gpio.o
 .ARM.attributes
                0x000000000000022d       0x2d ./Drivers/STM32F1xx_HAL_Driver/Src/stm32f1xx_hal_rcc.o
 .ARM.attributes
                0x000000000000025a       0x2d ./Drivers/STM32F1xx_HAL_Driver/Src/stm32f1xx_hal_rcc_ex.o
 .ARM.attributes
                0x0000000000000287       0x2d ./Drivers/STM32F1xx_HAL_Driver/Src/stm32f1xx_hal_spi.o
 .ARM.attributes
                0x00000000000002b4       0x2d ./Drivers/STM32F1xx_HAL_Driver/Src/stm32f1xx_hal_tim.o
 .ARM.attributes
                0x00000000000002e1       0x2d ./Drivers/STM32F1xx_HAL_Driver/Src/stm32f1xx_hal_tim_ex.o
 .ARM.attributes
                0x000000000000030e       0x2d ./FATFS/App/fatfs.o
 .ARM.attributes
                0x000000000000033b       0x2d ./FATFS/Target/user_diskio.o
 .ARM.attributes
                0x0000000000000368       0x2d ./FATFS/Target/user_diskio_spi.o
 .ARM.attributes
                0x0000000000000395       0x2d ./Middlewares/Third_Party/FatFs/src/diskio.o
 .ARM.attributes
                0x00000000000003c2       0x2d ./Middlewares/Third_Party/FatFs/src/ff.o
 .ARM.attributes
                0x00000000000003ef       0x2d ./Middlewares/Third_Party/FatFs/src/ff_gen_drv.o
 .ARM.attributes
                0x000000000000041c       0x2d C:/ST/STM32CubeIDE_1.13.2/STM32CubeIDE/plugins/com.st.stm32cube.ide.mcu.externaltools.gnu-tools-for-stm32.11.3.rel1.win32_1.1.1.202309131626/tools/bin/../lib/gcc/arm-none-eabi/11.3.1/../../../../arm-none-eabi/lib/thumb/v7-m/nofp\libc_nano.a(libc_a-memset.o)
 .ARM.attributes
                0x0000000000000449       0x2d C:/ST/STM32CubeIDE_1.13.2/STM32CubeIDE/plugins/com.st.stm32cube.ide.mcu.externaltools.gnu-tools-for-stm32.11.3.rel1.win32_1.1.1.202309131626/tools/bin/../lib/gcc/arm-none-eabi/11.3.1/../../../../arm-none-eabi/lib/thumb/v7-m/nofp\libc_nano.a(libc_a-init.o)
 .ARM.attributes
                0x0000000000000476       0x2d C:/ST/STM32CubeIDE_1.13.2/STM32CubeIDE/plugins/com.st.stm32cube.ide.mcu.externaltools.gnu-tools-for-stm32.11.3.rel1.win32_1.1.1.202309131626/tools/bin/../lib/gcc/arm-none-eabi/11.3.1/../../../../arm-none-eabi/lib/thumb/v7-m/nofp\libc_nano.a(libc_a-memcpy-stub.o)
 .ARM.attributes
                0x00000000000004a3       0x1d C:/ST/STM32CubeIDE_1.13.2/STM32CubeIDE/plugins/com.st.stm32cube.ide.mcu.externaltools.gnu-tools-for-stm32.11.3.rel1.win32_1.1.1.202309131626/tools/bin/../lib/gcc/arm-none-eabi/11.3.1/thumb/v7-m/nofp/crtn.o
OUTPUT(Vibrationv1.0.elf elf32-littlearm)
LOAD linker stubs
LOAD C:/ST/STM32CubeIDE_1.13.2/STM32CubeIDE/plugins/com.st.stm32cube.ide.mcu.externaltools.gnu-tools-for-stm32.11.3.rel1.win32_1.1.1.202309131626/tools/bin/../lib/gcc/arm-none-eabi/11.3.1/../../../../arm-none-eabi/lib/thumb/v7-m/nofp\libc.a
LOAD C:/ST/STM32CubeIDE_1.13.2/STM32CubeIDE/plugins/com.st.stm32cube.ide.mcu.externaltools.gnu-tools-for-stm32.11.3.rel1.win32_1.1.1.202309131626/tools/bin/../lib/gcc/arm-none-eabi/11.3.1/../../../../arm-none-eabi/lib/thumb/v7-m/nofp\libm.a
LOAD C:/ST/STM32CubeIDE_1.13.2/STM32CubeIDE/plugins/com.st.stm32cube.ide.mcu.externaltools.gnu-tools-for-stm32.11.3.rel1.win32_1.1.1.202309131626/tools/bin/../lib/gcc/arm-none-eabi/11.3.1/thumb/v7-m/nofp\libgcc.a

.comment        0x0000000000000000       0x43
 .comment       0x0000000000000000       0x43 C:/ST/STM32CubeIDE_1.13.2/STM32CubeIDE/plugins/com.st.stm32cube.ide.mcu.externaltools.gnu-tools-for-stm32.11.3.rel1.win32_1.1.1.202309131626/tools/bin/../lib/gcc/arm-none-eabi/11.3.1/thumb/v7-m/nofp/crtbegin.o
                                         0x44 (size before relaxing)
 .comment       0x0000000000000043       0x44 ./Core/Src/main.o
 .comment       0x0000000000000043       0x44 ./Core/Src/stm32f1xx_hal_msp.o
 .comment       0x0000000000000043       0x44 ./Core/Src/stm32f1xx_it.o
 .comment       0x0000000000000043       0x44 ./Core/Src/system_stm32f1xx.o
 .comment       0x0000000000000043       0x44 ./Drivers/STM32F1xx_HAL_Driver/Src/stm32f1xx_hal.o
 .comment       0x0000000000000043       0x44 ./Drivers/STM32F1xx_HAL_Driver/Src/stm32f1xx_hal_adc.o
 .comment       0x0000000000000043       0x44 ./Drivers/STM32F1xx_HAL_Driver/Src/stm32f1xx_hal_adc_ex.o
 .comment       0x0000000000000043       0x44 ./Drivers/STM32F1xx_HAL_Driver/Src/stm32f1xx_hal_cortex.o
 .comment       0x0000000000000043       0x44 ./Drivers/STM32F1xx_HAL_Driver/Src/stm32f1xx_hal_dma.o
 .comment       0x0000000000000043       0x44 ./Drivers/STM32F1xx_HAL_Driver/Src/stm32f1xx_hal_gpio.o
 .comment       0x0000000000000043       0x44 ./Drivers/STM32F1xx_HAL_Driver/Src/stm32f1xx_hal_rcc.o
 .comment       0x0000000000000043       0x44 ./Drivers/STM32F1xx_HAL_Driver/Src/stm32f1xx_hal_rcc_ex.o
 .comment       0x0000000000000043       0x44 ./Drivers/STM32F1xx_HAL_Driver/Src/stm32f1xx_hal_spi.o
 .comment       0x0000000000000043       0x44 ./Drivers/STM32F1xx_HAL_Driver/Src/stm32f1xx_hal_tim.o
 .comment       0x0000000000000043       0x44 ./Drivers/STM32F1xx_HAL_Driver/Src/stm32f1xx_hal_tim_ex.o
 .comment       0x0000000000000043       0x44 ./FATFS/App/fatfs.o
 .comment       0x0000000000000043       0x44 ./FATFS/Target/user_diskio.o
 .comment       0x0000000000000043       0x44 ./FATFS/Target/user_diskio_spi.o
 .comment       0x0000000000000043       0x44 ./Middlewares/Third_Party/FatFs/src/diskio.o
 .comment       0x0000000000000043       0x44 ./Middlewares/Third_Party/FatFs/src/ff.o
 .comment       0x0000000000000043       0x44 ./Middlewares/Third_Party/FatFs/src/ff_gen_drv.o

.debug_info     0x0000000000000000    0x102be
 .debug_info    0x0000000000000000     0x1afb ./Core/Src/main.o
 .debug_info    0x0000000000001afb     0x106a ./Core/Src/stm32f1xx_hal_msp.o
 .debug_info    0x0000000000002b65      0x60b ./Core/Src/stm32f1xx_it.o
 .debug_info    0x0000000000003170      0x222 ./Core/Src/system_stm32f1xx.o
 .debug_info    0x0000000000003392       0x23 ./Core/Startup/startup_stm32f103rbtx.o
 .debug_info    0x00000000000033b5      0x704 ./Drivers/STM32F1xx_HAL_Driver/Src/stm32f1xx_hal.o
 .debug_info    0x0000000000003ab9      0xc50 ./Drivers/STM32F1xx_HAL_Driver/Src/stm32f1xx_hal_adc.o
 .debug_info    0x0000000000004709      0xa10 ./Drivers/STM32F1xx_HAL_Driver/Src/stm32f1xx_hal_adc_ex.o
 .debug_info    0x0000000000005119      0xa87 ./Drivers/STM32F1xx_HAL_Driver/Src/stm32f1xx_hal_cortex.o
 .debug_info    0x0000000000005ba0      0x6d2 ./Drivers/STM32F1xx_HAL_Driver/Src/stm32f1xx_hal_dma.o
 .debug_info    0x0000000000006272      0x5ab ./Drivers/STM32F1xx_HAL_Driver/Src/stm32f1xx_hal_gpio.o
 .debug_info    0x000000000000681d      0x7d5 ./Drivers/STM32F1xx_HAL_Driver/Src/stm32f1xx_hal_rcc.o
 .debug_info    0x0000000000006ff2      0x3c0 ./Drivers/STM32F1xx_HAL_Driver/Src/stm32f1xx_hal_rcc_ex.o
 .debug_info    0x00000000000073b2     0x1503 ./Drivers/STM32F1xx_HAL_Driver/Src/stm32f1xx_hal_spi.o
 .debug_info    0x00000000000088b5     0x293b ./Drivers/STM32F1xx_HAL_Driver/Src/stm32f1xx_hal_tim.o
 .debug_info    0x000000000000b1f0     0x149b ./Drivers/STM32F1xx_HAL_Driver/Src/stm32f1xx_hal_tim_ex.o
 .debug_info    0x000000000000c68b      0x4cf ./FATFS/App/fatfs.o
 .debug_info    0x000000000000cb5a      0x3aa ./FATFS/Target/user_diskio.o
 .debug_info    0x000000000000cf04      0xb8c ./FATFS/Target/user_diskio_spi.o
 .debug_info    0x000000000000da90      0x3da ./Middlewares/Third_Party/FatFs/src/diskio.o
 .debug_info    0x000000000000de6a     0x20da ./Middlewares/Third_Party/FatFs/src/ff.o
 .debug_info    0x000000000000ff44      0x37a ./Middlewares/Third_Party/FatFs/src/ff_gen_drv.o

.debug_abbrev   0x0000000000000000     0x2e10
 .debug_abbrev  0x0000000000000000      0x391 ./Core/Src/main.o
 .debug_abbrev  0x0000000000000391      0x25c ./Core/Src/stm32f1xx_hal_msp.o
 .debug_abbrev  0x00000000000005ed      0x1e1 ./Core/Src/stm32f1xx_it.o
 .debug_abbrev  0x00000000000007ce      0x13f ./Core/Src/system_stm32f1xx.o
 .debug_abbrev  0x000000000000090d       0x12 ./Core/Startup/startup_stm32f103rbtx.o
 .debug_abbrev  0x000000000000091f      0x201 ./Drivers/STM32F1xx_HAL_Driver/Src/stm32f1xx_hal.o
 .debug_abbrev  0x0000000000000b20      0x225 ./Drivers/STM32F1xx_HAL_Driver/Src/stm32f1xx_hal_adc.o
 .debug_abbrev  0x0000000000000d45      0x249 ./Drivers/STM32F1xx_HAL_Driver/Src/stm32f1xx_hal_adc_ex.o
 .debug_abbrev  0x0000000000000f8e      0x2f8 ./Drivers/STM32F1xx_HAL_Driver/Src/stm32f1xx_hal_cortex.o
 .debug_abbrev  0x0000000000001286      0x20b ./Drivers/STM32F1xx_HAL_Driver/Src/stm32f1xx_hal_dma.o
 .debug_abbrev  0x0000000000001491      0x1ca ./Drivers/STM32F1xx_HAL_Driver/Src/stm32f1xx_hal_gpio.o
 .debug_abbrev  0x000000000000165b      0x2b3 ./Drivers/STM32F1xx_HAL_Driver/Src/stm32f1xx_hal_rcc.o
 .debug_abbrev  0x000000000000190e      0x188 ./Drivers/STM32F1xx_HAL_Driver/Src/stm32f1xx_hal_rcc_ex.o
 .debug_abbrev  0x0000000000001a96      0x284 ./Drivers/STM32F1xx_HAL_Driver/Src/stm32f1xx_hal_spi.o
 .debug_abbrev  0x0000000000001d1a      0x277 ./Drivers/STM32F1xx_HAL_Driver/Src/stm32f1xx_hal_tim.o
 .debug_abbrev  0x0000000000001f91      0x282 ./Drivers/STM32F1xx_HAL_Driver/Src/stm32f1xx_hal_tim_ex.o
 .debug_abbrev  0x0000000000002213      0x1a8 ./FATFS/App/fatfs.o
 .debug_abbrev  0x00000000000023bb      0x143 ./FATFS/Target/user_diskio.o
 .debug_abbrev  0x00000000000024fe      0x318 ./FATFS/Target/user_diskio_spi.o
 .debug_abbrev  0x0000000000002816      0x181 ./Middlewares/Third_Party/FatFs/src/diskio.o
 .debug_abbrev  0x0000000000002997      0x2da ./Middlewares/Third_Party/FatFs/src/ff.o
 .debug_abbrev  0x0000000000002c71      0x19f ./Middlewares/Third_Party/FatFs/src/ff_gen_drv.o

.debug_aranges  0x0000000000000000     0x1100
 .debug_aranges
                0x0000000000000000       0x88 ./Core/Src/main.o
 .debug_aranges
                0x0000000000000088       0x50 ./Core/Src/stm32f1xx_hal_msp.o
 .debug_aranges
                0x00000000000000d8       0x78 ./Core/Src/stm32f1xx_it.o
 .debug_aranges
                0x0000000000000150       0x28 ./Core/Src/system_stm32f1xx.o
 .debug_aranges
                0x0000000000000178       0x28 ./Core/Startup/startup_stm32f103rbtx.o
 .debug_aranges
                0x00000000000001a0       0xe0 ./Drivers/STM32F1xx_HAL_Driver/Src/stm32f1xx_hal.o
 .debug_aranges
                0x0000000000000280       0xf0 ./Drivers/STM32F1xx_HAL_Driver/Src/stm32f1xx_hal_adc.o
 .debug_aranges
                0x0000000000000370       0x80 ./Drivers/STM32F1xx_HAL_Driver/Src/stm32f1xx_hal_adc_ex.o
 .debug_aranges
                0x00000000000003f0      0x100 ./Drivers/STM32F1xx_HAL_Driver/Src/stm32f1xx_hal_cortex.o
 .debug_aranges
                0x00000000000004f0       0x80 ./Drivers/STM32F1xx_HAL_Driver/Src/stm32f1xx_hal_dma.o
 .debug_aranges
                0x0000000000000570       0x58 ./Drivers/STM32F1xx_HAL_Driver/Src/stm32f1xx_hal_gpio.o
 .debug_aranges
                0x00000000000005c8       0x90 ./Drivers/STM32F1xx_HAL_Driver/Src/stm32f1xx_hal_rcc.o
 .debug_aranges
                0x0000000000000658       0x30 ./Drivers/STM32F1xx_HAL_Driver/Src/stm32f1xx_hal_rcc_ex.o
 .debug_aranges
                0x0000000000000688      0x1d0 ./Drivers/STM32F1xx_HAL_Driver/Src/stm32f1xx_hal_spi.o
 .debug_aranges
                0x0000000000000858      0x3d0 ./Drivers/STM32F1xx_HAL_Driver/Src/stm32f1xx_hal_tim.o
 .debug_aranges
                0x0000000000000c28      0x168 ./Drivers/STM32F1xx_HAL_Driver/Src/stm32f1xx_hal_tim_ex.o
 .debug_aranges
                0x0000000000000d90       0x28 ./FATFS/App/fatfs.o
 .debug_aranges
                0x0000000000000db8       0x40 ./FATFS/Target/user_diskio.o
 .debug_aranges
                0x0000000000000df8       0x98 ./FATFS/Target/user_diskio_spi.o
 .debug_aranges
                0x0000000000000e90       0x48 ./Middlewares/Third_Party/FatFs/src/diskio.o
 .debug_aranges
                0x0000000000000ed8      0x1e8 ./Middlewares/Third_Party/FatFs/src/ff.o
 .debug_aranges
                0x00000000000010c0       0x40 ./Middlewares/Third_Party/FatFs/src/ff_gen_drv.o

.debug_rnglists
                0x0000000000000000      0xd24
 .debug_rnglists
                0x0000000000000000       0x65 ./Core/Src/main.o
 .debug_rnglists
                0x0000000000000065       0x39 ./Core/Src/stm32f1xx_hal_msp.o
 .debug_rnglists
                0x000000000000009e       0x55 ./Core/Src/stm32f1xx_it.o
 .debug_rnglists
                0x00000000000000f3       0x1a ./Core/Src/system_stm32f1xx.o
 .debug_rnglists
                0x000000000000010d       0x19 ./Core/Startup/startup_stm32f103rbtx.o
 .debug_rnglists
                0x0000000000000126       0xa3 ./Drivers/STM32F1xx_HAL_Driver/Src/stm32f1xx_hal.o
 .debug_rnglists
                0x00000000000001c9       0xbc ./Drivers/STM32F1xx_HAL_Driver/Src/stm32f1xx_hal_adc.o
 .debug_rnglists
                0x0000000000000285       0x65 ./Drivers/STM32F1xx_HAL_Driver/Src/stm32f1xx_hal_adc_ex.o
 .debug_rnglists
                0x00000000000002ea       0xbb ./Drivers/STM32F1xx_HAL_Driver/Src/stm32f1xx_hal_cortex.o
 .debug_rnglists
                0x00000000000003a5       0x64 ./Drivers/STM32F1xx_HAL_Driver/Src/stm32f1xx_hal_dma.o
 .debug_rnglists
                0x0000000000000409       0x3f ./Drivers/STM32F1xx_HAL_Driver/Src/stm32f1xx_hal_gpio.o
 .debug_rnglists
                0x0000000000000448       0x6c ./Drivers/STM32F1xx_HAL_Driver/Src/stm32f1xx_hal_rcc.o
 .debug_rnglists
                0x00000000000004b4       0x21 ./Drivers/STM32F1xx_HAL_Driver/Src/stm32f1xx_hal_rcc_ex.o
 .debug_rnglists
                0x00000000000004d5      0x16e ./Drivers/STM32F1xx_HAL_Driver/Src/stm32f1xx_hal_spi.o
 .debug_rnglists
                0x0000000000000643      0x31a ./Drivers/STM32F1xx_HAL_Driver/Src/stm32f1xx_hal_tim.o
 .debug_rnglists
                0x000000000000095d      0x125 ./Drivers/STM32F1xx_HAL_Driver/Src/stm32f1xx_hal_tim_ex.o
 .debug_rnglists
                0x0000000000000a82       0x19 ./FATFS/App/fatfs.o
 .debug_rnglists
                0x0000000000000a9b       0x2b ./FATFS/Target/user_diskio.o
 .debug_rnglists
                0x0000000000000ac6       0x72 ./FATFS/Target/user_diskio_spi.o
 .debug_rnglists
                0x0000000000000b38       0x31 ./Middlewares/Third_Party/FatFs/src/diskio.o
 .debug_rnglists
                0x0000000000000b69      0x18f ./Middlewares/Third_Party/FatFs/src/ff.o
 .debug_rnglists
                0x0000000000000cf8       0x2c ./Middlewares/Third_Party/FatFs/src/ff_gen_drv.o

.debug_macro    0x0000000000000000    0x199f1
 .debug_macro   0x0000000000000000      0x344 ./Core/Src/main.o
 .debug_macro   0x0000000000000344      0xa9c ./Core/Src/main.o
 .debug_macro   0x0000000000000de0      0x227 ./Core/Src/main.o
 .debug_macro   0x0000000000001007       0x2e ./Core/Src/main.o
 .debug_macro   0x0000000000001035       0x22 ./Core/Src/main.o
 .debug_macro   0x0000000000001057       0x22 ./Core/Src/main.o
 .debug_macro   0x0000000000001079       0x8e ./Core/Src/main.o
 .debug_macro   0x0000000000001107       0x51 ./Core/Src/main.o
 .debug_macro   0x0000000000001158      0x103 ./Core/Src/main.o
 .debug_macro   0x000000000000125b       0x6a ./Core/Src/main.o
 .debug_macro   0x00000000000012c5      0x1df ./Core/Src/main.o
 .debug_macro   0x00000000000014a4       0x1c ./Core/Src/main.o
 .debug_macro   0x00000000000014c0       0x22 ./Core/Src/main.o
 .debug_macro   0x00000000000014e2       0xbd ./Core/Src/main.o
 .debug_macro   0x000000000000159f      0xd23 ./Core/Src/main.o
 .debug_macro   0x00000000000022c2     0xe09e ./Core/Src/main.o
 .debug_macro   0x0000000000010360       0x6d ./Core/Src/main.o
 .debug_macro   0x00000000000103cd     0x348d ./Core/Src/main.o
 .debug_macro   0x000000000001385a      0x174 ./Core/Src/main.o
 .debug_macro   0x00000000000139ce       0x5c ./Core/Src/main.o
 .debug_macro   0x0000000000013a2a      0x5bc ./Core/Src/main.o
 .debug_macro   0x0000000000013fe6      0x289 ./Core/Src/main.o
 .debug_macro   0x000000000001426f      0x1cb ./Core/Src/main.o
 .debug_macro   0x000000000001443a      0x114 ./Core/Src/main.o
 .debug_macro   0x000000000001454e      0x1b2 ./Core/Src/main.o
 .debug_macro   0x0000000000014700       0x27 ./Core/Src/main.o
 .debug_macro   0x0000000000014727      0x136 ./Core/Src/main.o
 .debug_macro   0x000000000001485d      0x1bc ./Core/Src/main.o
 .debug_macro   0x0000000000014a19       0x34 ./Core/Src/main.o
 .debug_macro   0x0000000000014a4d       0x3c ./Core/Src/main.o
 .debug_macro   0x0000000000014a89       0x57 ./Core/Src/main.o
 .debug_macro   0x0000000000014ae0      0x46a ./Core/Src/main.o
 .debug_macro   0x0000000000014f4a      0x1b5 ./Core/Src/main.o
 .debug_macro   0x00000000000150ff       0x87 ./Core/Src/main.o
 .debug_macro   0x0000000000015186      0x240 ./Core/Src/main.o
 .debug_macro   0x00000000000153c6      0x140 ./Core/Src/main.o
 .debug_macro   0x0000000000015506      0x217 ./Core/Src/main.o
 .debug_macro   0x000000000001571d      0x8ed ./Core/Src/main.o
 .debug_macro   0x000000000001600a       0x83 ./Core/Src/main.o
 .debug_macro   0x000000000001608d       0x58 ./Core/Src/main.o
 .debug_macro   0x00000000000160e5       0xde ./Core/Src/main.o
 .debug_macro   0x00000000000161c3       0xf5 ./Core/Src/main.o
 .debug_macro   0x00000000000162b8       0x8e ./Core/Src/main.o
 .debug_macro   0x0000000000016346       0x61 ./Core/Src/main.o
 .debug_macro   0x00000000000163a7       0x24 ./Core/Src/main.o
 .debug_macro   0x00000000000163cb       0x43 ./Core/Src/main.o
 .debug_macro   0x000000000001640e       0x34 ./Core/Src/main.o
 .debug_macro   0x0000000000016442       0x16 ./Core/Src/main.o
 .debug_macro   0x0000000000016458       0x43 ./Core/Src/main.o
 .debug_macro   0x000000000001649b       0x34 ./Core/Src/main.o
 .debug_macro   0x00000000000164cf       0x10 ./Core/Src/main.o
 .debug_macro   0x00000000000164df       0x58 ./Core/Src/main.o
 .debug_macro   0x0000000000016537       0x8e ./Core/Src/main.o
 .debug_macro   0x00000000000165c5       0x1c ./Core/Src/main.o
 .debug_macro   0x00000000000165e1      0x177 ./Core/Src/main.o
 .debug_macro   0x0000000000016758      0x369 ./Core/Src/main.o
 .debug_macro   0x0000000000016ac1       0x10 ./Core/Src/main.o
 .debug_macro   0x0000000000016ad1       0x35 ./Core/Src/main.o
 .debug_macro   0x0000000000016b06       0x20 ./Core/Src/main.o
 .debug_macro   0x0000000000016b26      0x19b ./Core/Src/main.o
 .debug_macro   0x0000000000016cc1       0x1c ./Core/Src/main.o
 .debug_macro   0x0000000000016cdd       0x10 ./Core/Src/main.o
 .debug_macro   0x0000000000016ced       0x1c ./Core/Src/main.o
 .debug_macro   0x0000000000016d09       0x16 ./Core/Src/main.o
 .debug_macro   0x0000000000016d1f      0x147 ./Core/Src/main.o
 .debug_macro   0x0000000000016e66      0x1c6 ./Core/Src/stm32f1xx_hal_msp.o
 .debug_macro   0x000000000001702c      0x1d0 ./Core/Src/stm32f1xx_it.o
 .debug_macro   0x00000000000171fc      0x1b7 ./Core/Src/system_stm32f1xx.o
 .debug_macro   0x00000000000173b3      0x1db ./Drivers/STM32F1xx_HAL_Driver/Src/stm32f1xx_hal.o
 .debug_macro   0x000000000001758e      0x1d4 ./Drivers/STM32F1xx_HAL_Driver/Src/stm32f1xx_hal_adc.o
 .debug_macro   0x0000000000017762      0x1c9 ./Drivers/STM32F1xx_HAL_Driver/Src/stm32f1xx_hal_adc_ex.o
 .debug_macro   0x000000000001792b      0x1b7 ./Drivers/STM32F1xx_HAL_Driver/Src/stm32f1xx_hal_cortex.o
 .debug_macro   0x0000000000017ae2      0x1b7 ./Drivers/STM32F1xx_HAL_Driver/Src/stm32f1xx_hal_dma.o
 .debug_macro   0x0000000000017c99      0x222 ./Drivers/STM32F1xx_HAL_Driver/Src/stm32f1xx_hal_gpio.o
 .debug_macro   0x0000000000017ebb      0x1c9 ./Drivers/STM32F1xx_HAL_Driver/Src/stm32f1xx_hal_rcc.o
 .debug_macro   0x0000000000018084      0x1b7 ./Drivers/STM32F1xx_HAL_Driver/Src/stm32f1xx_hal_rcc_ex.o
 .debug_macro   0x000000000001823b      0x1bf ./Drivers/STM32F1xx_HAL_Driver/Src/stm32f1xx_hal_spi.o
 .debug_macro   0x00000000000183fa      0x1b8 ./Drivers/STM32F1xx_HAL_Driver/Src/stm32f1xx_hal_tim.o
 .debug_macro   0x00000000000185b2      0x1b7 ./Drivers/STM32F1xx_HAL_Driver/Src/stm32f1xx_hal_tim_ex.o
 .debug_macro   0x0000000000018769      0x219 ./FATFS/App/fatfs.o
 .debug_macro   0x0000000000018982       0xd8 ./FATFS/App/fatfs.o
 .debug_macro   0x0000000000018a5a      0x2e0 ./FATFS/Target/user_diskio.o
 .debug_macro   0x0000000000018d3a       0x16 ./FATFS/Target/user_diskio.o
 .debug_macro   0x0000000000018d50       0x7c ./FATFS/Target/user_diskio.o
 .debug_macro   0x0000000000018dcc       0x56 ./FATFS/Target/user_diskio.o
 .debug_macro   0x0000000000018e22      0x2c0 ./FATFS/Target/user_diskio_spi.o
 .debug_macro   0x00000000000190e2       0x5e ./FATFS/Target/user_diskio_spi.o
 .debug_macro   0x0000000000019140      0x206 ./Middlewares/Third_Party/FatFs/src/diskio.o
 .debug_macro   0x0000000000019346      0x44d ./Middlewares/Third_Party/FatFs/src/ff.o
 .debug_macro   0x0000000000019793       0x58 ./Middlewares/Third_Party/FatFs/src/ff.o
 .debug_macro   0x00000000000197eb      0x206 ./Middlewares/Third_Party/FatFs/src/ff_gen_drv.o

.debug_line     0x0000000000000000    0x15275
 .debug_line    0x0000000000000000      0xc2f ./Core/Src/main.o
 .debug_line    0x0000000000000c2f      0x825 ./Core/Src/stm32f1xx_hal_msp.o
 .debug_line    0x0000000000001454      0x83a ./Core/Src/stm32f1xx_it.o
 .debug_line    0x0000000000001c8e      0x7ab ./Core/Src/system_stm32f1xx.o
 .debug_line    0x0000000000002439       0x78 ./Core/Startup/startup_stm32f103rbtx.o
 .debug_line    0x00000000000024b1      0x9d8 ./Drivers/STM32F1xx_HAL_Driver/Src/stm32f1xx_hal.o
 .debug_line    0x0000000000002e89     0x1055 ./Drivers/STM32F1xx_HAL_Driver/Src/stm32f1xx_hal_adc.o
 .debug_line    0x0000000000003ede      0xd8f ./Drivers/STM32F1xx_HAL_Driver/Src/stm32f1xx_hal_adc_ex.o
 .debug_line    0x0000000000004c6d      0xbc0 ./Drivers/STM32F1xx_HAL_Driver/Src/stm32f1xx_hal_cortex.o
 .debug_line    0x000000000000582d      0xe31 ./Drivers/STM32F1xx_HAL_Driver/Src/stm32f1xx_hal_dma.o
 .debug_line    0x000000000000665e      0xa71 ./Drivers/STM32F1xx_HAL_Driver/Src/stm32f1xx_hal_gpio.o
 .debug_line    0x00000000000070cf      0xde1 ./Drivers/STM32F1xx_HAL_Driver/Src/stm32f1xx_hal_rcc.o
 .debug_line    0x0000000000007eb0      0x91c ./Drivers/STM32F1xx_HAL_Driver/Src/stm32f1xx_hal_rcc_ex.o
 .debug_line    0x00000000000087cc     0x1c60 ./Drivers/STM32F1xx_HAL_Driver/Src/stm32f1xx_hal_spi.o
 .debug_line    0x000000000000a42c     0x34c4 ./Drivers/STM32F1xx_HAL_Driver/Src/stm32f1xx_hal_tim.o
 .debug_line    0x000000000000d8f0     0x1937 ./Drivers/STM32F1xx_HAL_Driver/Src/stm32f1xx_hal_tim_ex.o
 .debug_line    0x000000000000f227      0x7c8 ./FATFS/App/fatfs.o
 .debug_line    0x000000000000f9ef      0x962 ./FATFS/Target/user_diskio.o
 .debug_line    0x0000000000010351      0xea3 ./FATFS/Target/user_diskio_spi.o
 .debug_line    0x00000000000111f4      0x839 ./Middlewares/Third_Party/FatFs/src/diskio.o
 .debug_line    0x0000000000011a2d     0x2ff2 ./Middlewares/Third_Party/FatFs/src/ff.o
 .debug_line    0x0000000000014a1f      0x856 ./Middlewares/Third_Party/FatFs/src/ff_gen_drv.o

.debug_str      0x0000000000000000    0x90e7e
 .debug_str     0x0000000000000000    0x8ce9e ./Core/Src/main.o
                                      0x8d3e1 (size before relaxing)
 .debug_str     0x000000000008ce9e      0x113 ./Core/Src/stm32f1xx_hal_msp.o
                                      0x8852e (size before relaxing)
 .debug_str     0x000000000008cfb1      0x136 ./Core/Src/stm32f1xx_it.o
                                      0x87cc3 (size before relaxing)
 .debug_str     0x000000000008d0e7       0x7e ./Core/Src/system_stm32f1xx.o
                                      0x877f3 (size before relaxing)
 .debug_str     0x000000000008d165       0x34 ./Core/Startup/startup_stm32f103rbtx.o
                                         0x62 (size before relaxing)
 .debug_str     0x000000000008d199      0x37a ./Drivers/STM32F1xx_HAL_Driver/Src/stm32f1xx_hal.o
                                      0x87f26 (size before relaxing)
 .debug_str     0x000000000008d513      0x32c ./Drivers/STM32F1xx_HAL_Driver/Src/stm32f1xx_hal_adc.o
                                      0x87ed7 (size before relaxing)
 .debug_str     0x000000000008d83f      0x2bc ./Drivers/STM32F1xx_HAL_Driver/Src/stm32f1xx_hal_adc_ex.o
                                      0x87ea7 (size before relaxing)
 .debug_str     0x000000000008dafb      0x294 ./Drivers/STM32F1xx_HAL_Driver/Src/stm32f1xx_hal_cortex.o
                                      0x87e72 (size before relaxing)
 .debug_str     0x000000000008dd8f      0x1e7 ./Drivers/STM32F1xx_HAL_Driver/Src/stm32f1xx_hal_dma.o
                                      0x87b9c (size before relaxing)
 .debug_str     0x000000000008df76      0x2a8 ./Drivers/STM32F1xx_HAL_Driver/Src/stm32f1xx_hal_gpio.o
                                      0x87b79 (size before relaxing)
 .debug_str     0x000000000008e21e      0x229 ./Drivers/STM32F1xx_HAL_Driver/Src/stm32f1xx_hal_rcc.o
                                      0x87c22 (size before relaxing)
 .debug_str     0x000000000008e447       0x84 ./Drivers/STM32F1xx_HAL_Driver/Src/stm32f1xx_hal_rcc_ex.o
                                      0x87972 (size before relaxing)
 .debug_str     0x000000000008e4cb      0x536 ./Drivers/STM32F1xx_HAL_Driver/Src/stm32f1xx_hal_spi.o
                                      0x8811f (size before relaxing)
 .debug_str     0x000000000008ea01      0xdcf ./Drivers/STM32F1xx_HAL_Driver/Src/stm32f1xx_hal_tim.o
                                      0x88c14 (size before relaxing)
 .debug_str     0x000000000008f7d0      0x493 ./Drivers/STM32F1xx_HAL_Driver/Src/stm32f1xx_hal_tim_ex.o
                                      0x88430 (size before relaxing)
 .debug_str     0x000000000008fc63       0xf1 ./FATFS/App/fatfs.o
                                      0x881a2 (size before relaxing)
 .debug_str     0x000000000008fd54       0xcf ./FATFS/Target/user_diskio.o
                                      0x8b269 (size before relaxing)
 .debug_str     0x000000000008fe23      0x3b7 ./FATFS/Target/user_diskio_spi.o
                                      0x888d7 (size before relaxing)
 .debug_str     0x00000000000901da       0x52 ./Middlewares/Third_Party/FatFs/src/diskio.o
                                      0x880ce (size before relaxing)
 .debug_str     0x000000000009022c      0xbc1 ./Middlewares/Third_Party/FatFs/src/ff.o
                                      0x88ef9 (size before relaxing)
 .debug_str     0x0000000000090ded       0x91 ./Middlewares/Third_Party/FatFs/src/ff_gen_drv.o
                                      0x8811f (size before relaxing)

.debug_frame    0x0000000000000000     0x467c
 .debug_frame   0x0000000000000000      0x1f4 ./Core/Src/main.o
 .debug_frame   0x00000000000001f4      0x118 ./Core/Src/stm32f1xx_hal_msp.o
 .debug_frame   0x000000000000030c      0x15c ./Core/Src/stm32f1xx_it.o
 .debug_frame   0x0000000000000468       0x58 ./Core/Src/system_stm32f1xx.o
 .debug_frame   0x00000000000004c0      0x334 ./Drivers/STM32F1xx_HAL_Driver/Src/stm32f1xx_hal.o
 .debug_frame   0x00000000000007f4      0x40c ./Drivers/STM32F1xx_HAL_Driver/Src/stm32f1xx_hal_adc.o
 .debug_frame   0x0000000000000c00      0x200 ./Drivers/STM32F1xx_HAL_Driver/Src/stm32f1xx_hal_adc_ex.o
 .debug_frame   0x0000000000000e00      0x428 ./Drivers/STM32F1xx_HAL_Driver/Src/stm32f1xx_hal_cortex.o
 .debug_frame   0x0000000000001228      0x208 ./Drivers/STM32F1xx_HAL_Driver/Src/stm32f1xx_hal_dma.o
 .debug_frame   0x0000000000001430      0x14c ./Drivers/STM32F1xx_HAL_Driver/Src/stm32f1xx_hal_gpio.o
 .debug_frame   0x000000000000157c      0x218 ./Drivers/STM32F1xx_HAL_Driver/Src/stm32f1xx_hal_rcc.o
 .debug_frame   0x0000000000001794       0x80 ./Drivers/STM32F1xx_HAL_Driver/Src/stm32f1xx_hal_rcc_ex.o
 .debug_frame   0x0000000000001814      0x824 ./Drivers/STM32F1xx_HAL_Driver/Src/stm32f1xx_hal_spi.o
 .debug_frame   0x0000000000002038     0x11bc ./Drivers/STM32F1xx_HAL_Driver/Src/stm32f1xx_hal_tim.o
 .debug_frame   0x00000000000031f4      0x638 ./Drivers/STM32F1xx_HAL_Driver/Src/stm32f1xx_hal_tim_ex.o
 .debug_frame   0x000000000000382c       0x4c ./FATFS/App/fatfs.o
 .debug_frame   0x0000000000003878       0xc4 ./FATFS/Target/user_diskio.o
 .debug_frame   0x000000000000393c      0x248 ./FATFS/Target/user_diskio_spi.o
 .debug_frame   0x0000000000003b84       0xec ./Middlewares/Third_Party/FatFs/src/diskio.o
 .debug_frame   0x0000000000003c70      0x8d0 ./Middlewares/Third_Party/FatFs/src/ff.o
 .debug_frame   0x0000000000004540       0xc8 ./Middlewares/Third_Party/FatFs/src/ff_gen_drv.o
 .debug_frame   0x0000000000004608       0x20 C:/ST/STM32CubeIDE_1.13.2/STM32CubeIDE/plugins/com.st.stm32cube.ide.mcu.externaltools.gnu-tools-for-stm32.11.3.rel1.win32_1.1.1.202309131626/tools/bin/../lib/gcc/arm-none-eabi/11.3.1/../../../../arm-none-eabi/lib/thumb/v7-m/nofp\libc_nano.a(libc_a-memset.o)
 .debug_frame   0x0000000000004628       0x2c C:/ST/STM32CubeIDE_1.13.2/STM32CubeIDE/plugins/com.st.stm32cube.ide.mcu.externaltools.gnu-tools-for-stm32.11.3.rel1.win32_1.1.1.202309131626/tools/bin/../lib/gcc/arm-none-eabi/11.3.1/../../../../arm-none-eabi/lib/thumb/v7-m/nofp\libc_nano.a(libc_a-init.o)
 .debug_frame   0x0000000000004654       0x28 C:/ST/STM32CubeIDE_1.13.2/STM32CubeIDE/plugins/com.st.stm32cube.ide.mcu.externaltools.gnu-tools-for-stm32.11.3.rel1.win32_1.1.1.202309131626/tools/bin/../lib/gcc/arm-none-eabi/11.3.1/../../../../arm-none-eabi/lib/thumb/v7-m/nofp\libc_nano.a(libc_a-memcpy-stub.o)

.debug_line_str
                0x0000000000000000       0x56
 .debug_line_str
                0x0000000000000000       0x56 ./Core/Startup/startup_stm32f103rbtx.o
                                         0x6e (size before relaxing)
