../Core/Src/ds1307.c:20:9:DS1307_Init	16	static
../Core/Src/ds1307.c:29:9:DS1307_GetRegData	32	static
../Core/Src/ds1307.c:37:6:DS1307_SetRegData	32	static
../Core/Src/ds1307.c:43:9:DS1307_GetClockHalt	8	static
../Core/Src/ds1307.c:48:6:DS1307_SetClockHalt	24	static
../Core/Src/ds1307.c:54:6:DS1307_SetRate	24	static
../Core/Src/ds1307.c:61:9:DS1307_GetSecond	8	static
../Core/Src/ds1307.c:66:6:DS1307_SetSecond	16	static
../Core/Src/ds1307.c:71:9:DS1307_GetMinute	8	static
../Core/Src/ds1307.c:76:6:DS1307_SetMinute	16	static
../Core/Src/ds1307.c:81:9:DS1307_GetHour	8	static
../Core/Src/ds1307.c:86:6:DS1307_SetHour	16	static
../Core/Src/ds1307.c:91:9:DS1307_GetDOW	8	static
../Core/Src/ds1307.c:96:6:DS1307_SetDOW	16	static
../Core/Src/ds1307.c:101:9:DS1307_GetDOM	8	static
../Core/Src/ds1307.c:106:6:DS1307_SetDOM	16	static
../Core/Src/ds1307.c:111:9:DS1307_GetMonth	8	static
../Core/Src/ds1307.c:116:6:DS1307_SetMonth	16	static
../Core/Src/ds1307.c:121:9:DS1307_GetYear	8	static
../Core/Src/ds1307.c:126:6:DS1307_SetYear	16	static
../Core/Src/ds1307.c:131:9:DS1307_EncodeBCD	16	static
../Core/Src/ds1307.c:136:9:DS1307_DecodeBCD	16	static
../Core/Src/ds1307.c:141:6:DS1307_SetDateTime	56	static
../Core/Src/ds1307.c:153:7:DS1307_GetCurrentDateTimeCommand	56	static
../Core/Src/ds1307.c:170:7:DS1307_GetCurrentDateTime	56	static
../Core/Src/ds1307.c:188:7:DS1307_GetCurrentDateTimeForFile	40	static
