../Drivers/CMSIS/Include/core_cm3.h:1762:34:__NVIC_SystemReset	4	static,ignoring_inline_asm
../Core/Src/main.c:99:5:getbufferLength	24	static
../Core/Src/main.c:107:6:startWritingInFile	24	static
../Core/Src/main.c:148:6:stopWritingInFile	112	static
../Core/Src/main.c:166:6:writeDataFromADCToFileByTime	16	static
../Core/Src/main.c:180:6:writeDataFromADCToFile	16	static
../Core/Src/main.c:192:6:HAL_ADC_ConvHalfCpltCallback	16	static
../Core/Src/main.c:199:6:HAL_ADC_ConvCpltCallback	16	static
../Core/Src/main.c:207:6:HAL_GPIO_EXTI_Callback	16	static
../Core/Src/main.c:224:6:HAL_UART_RxCpltCallback	40	static
../Core/Src/main.c:289:5:main	16	static
../Core/Src/main.c:371:6:SystemClock_Config	88	static
../Core/Src/main.c:417:13:MX_ADC1_Init	24	static
../Core/Src/main.c:464:13:MX_I2C2_Init	8	static
../Core/Src/main.c:498:13:MX_SPI2_Init	8	static
../Core/Src/main.c:536:13:MX_TIM4_Init	48	static
../Core/Src/main.c:584:13:MX_USART2_UART_Init	8	static
../Core/Src/main.c:615:13:MX_DMA_Init	16	static
../Core/Src/main.c:633:13:MX_GPIO_Init	40	static
../Core/Src/main.c:682:6:Error_Handler	4	static,ignoring_inline_asm
