../Core/Src/main.c:85:5:bufsize	24	static
../Core/Src/main.c:92:5:fileSize	16	static
../Core/Src/main.c:97:6:writeDataFromADCToFile	16	static
../Core/Src/main.c:126:6:HAL_ADC_ConvHalfCpltCallback	16	static
../Core/Src/main.c:133:6:HAL_ADC_ConvCpltCallback	16	static
../Core/Src/main.c:143:6:HAL_GPIO_EXTI_Callback	16	static
../Core/Src/main.c:158:5:main	8	static
../Core/Src/main.c:236:6:SystemClock_Config	88	static
../Core/Src/main.c:282:13:MX_ADC1_Init	24	static
../Core/Src/main.c:329:13:MX_SPI2_Init	8	static
../Core/Src/main.c:367:13:MX_TIM4_Init	48	static
../Core/Src/main.c:413:13:MX_DMA_Init	16	static
../Core/Src/main.c:431:13:MX_GPIO_Init	40	static
../Core/Src/main.c:474:6:Error_Handler	4	static,ignoring_inline_asm
